Warning: unused option: solcVersion
[2026-04-19 19:52:22.53] Compiling `test/OWASP_09_Fuzz.sol`... Done! (0.605874616s)
Analyzing contract: /mnt/c/Users/MSI/Desktop/Uni/Project-CSI/Final-Project-CSI-main/test/OWASP_09_Fuzz.sol:OWASP_09_VulnFuzz
[2026-04-19 19:52:23.18] Running slither on `test/OWASP_09_Fuzz.sol`... Done! (0.309270442s)
Loaded 7 transaction sequences from corpus/echidna/reproducers
Loaded 101 transaction sequences from corpus/echidna/coverage
[2026-04-19 19:52:24.27] [Worker 0] New coverage: 174 instr, 2 contracts, 1 seqs in corpus
[2026-04-19 19:52:24.27] [Worker 0] Sequence replayed from corpus file 1147482941628608687.txt (1/27)
[2026-04-19 19:52:24.27] [Worker 0] Sequence replayed from corpus file 1452189698738998941.txt (2/27)
[2026-04-19 19:52:24.28] [Worker 0] Sequence replayed from corpus file 1827407018559690071.txt (3/27)
[2026-04-19 19:52:24.28] [Worker 0] Sequence replayed from corpus file 429198744153474129.txt (4/27)
[2026-04-19 19:52:24.28] [Worker 2] Sequence replayed from corpus file 514479850897989268.txt (1/27)
[2026-04-19 19:52:24.28] [Worker 2] WARNING: Sequence replay from corpus file 5261821104142863275.txt failed. The destination contract is not deployed for this transaction: Tx {call = SolCall ("token",[]), src = 0x10000, dst = 0X62D69F6867A0A084c6d313943dC22023BC263691, gas = 12500000, gasprice = 0x0, value = 0x0, delay = (0x1d389,0x9de)}. Remove the file or the transaction to fix the issue.
[2026-04-19 19:52:24.28] [Worker 2] WARNING: Sequence replay from corpus file 5472587043690756556.txt failed. The destination contract is not deployed for this transaction: Tx {call = SolCall ("token",[]), src = 0x10000, dst = 0X62D69F6867A0A084c6d313943dC22023BC263691, gas = 12500000, gasprice = 0x0, value = 0x0, delay = (0x1d389,0x9de)}. Remove the file or the transaction to fix the issue.
[2026-04-19 19:52:24.28] [Worker 1] New coverage: 208 instr, 2 contracts, 2 seqs in corpus
[2026-04-19 19:52:24.28] [Worker 1] Sequence replayed from corpus file 2551918398196928109.txt (1/27)
[2026-04-19 19:52:24.28] [Worker 0] Sequence replayed from corpus file 6094103462352870298.txt (5/27)
[2026-04-19 19:52:24.28] [Worker 0] Sequence replayed from corpus file 6268667897113576196.txt (6/27)
[2026-04-19 19:52:24.28] [Worker 3] New coverage: 208 instr, 2 contracts, 3 seqs in corpus
[2026-04-19 19:52:24.28] [Worker 3] Sequence replayed from corpus file 7573893382168289186.txt (1/27)
[2026-04-19 19:52:24.28] [Worker 0] Sequence replayed from corpus file 8864806242903538408.txt (7/27)
[2026-04-19 19:52:24.28] [Worker 0] Sequence replayed from corpus file 1147482941628608687.txt (8/27)
[2026-04-19 19:52:24.28] [Worker 2] Sequence replayed from corpus file 5507714098716226568.txt (4/27)
[2026-04-19 19:52:24.28] [Worker 1] New coverage: 511 instr, 2 contracts, 4 seqs in corpus
[2026-04-19 19:52:24.28] [Worker 1] Sequence replayed from corpus file 2581688877749071989.txt (2/27)
[2026-04-19 19:52:24.28] [Worker 0] Sequence replayed from corpus file 1272315269480093113.txt (9/27)
[2026-04-19 19:52:24.29] [Worker 3] New coverage: 511 instr, 2 contracts, 5 seqs in corpus
[2026-04-19 19:52:24.29] [Worker 3] Sequence replayed from corpus file 7588820713148210740.txt (2/27)
[2026-04-19 19:52:24.29] [Worker 0] Sequence replayed from corpus file 136422028706997084.txt (10/27)
[2026-04-19 19:52:24.29] [Worker 2] Sequence replayed from corpus file 5521875468737215411.txt (5/27)
[2026-04-19 19:52:24.29] [Worker 1] Sequence replayed from corpus file 2606617850888215744.txt (3/27)
[2026-04-19 19:52:24.29] [Worker 0] Sequence replayed from corpus file 1376536911212113184.txt (11/27)
[2026-04-19 19:52:24.29] [Worker 3] Sequence replayed from corpus file 7599293948694684908.txt (3/27)
[2026-04-19 19:52:24.29] [Worker 3] WARNING: Sequence replay from corpus file 7639076289776786253.txt failed. The destination contract is not deployed for this transaction: Tx {call = SolCall ("recipient",[]), src = 0x20000, DsT = 0X62D69F6867A0A084C6d313943dc22023BC263691, gas = 12500000, gasprice = 0x0, value = 0x0, delay = (0x81f7,0xff)}. Remove the file or the transaction to fix the issue.
[2026-04-19 19:52:24.29] [Worker 1] Sequence replayed from corpus file 2631726265439469501.txt (4/27)
[2026-04-19 19:52:24.29] [Worker 1] WARNING: Sequence replay from corpus file 291208446476461763.txt failed. The destination contract is not deployed for this transaction: Tx {call = SolCall ("",[]), src = 0x30000, dsT = 0x62D69F6867a0a084C6D313943Dc22023bc263691, gas = 12500000, gasprice = 0x0, value = 0x0, delay = (0x766e2,0x8dba)}. Remove the file or the transaction to fix the issue.
[2026-04-19 19:52:24.29] [Worker 1] WARNING: Sequence replay from corpus file 2954796917231162347.txt failed. The destination contract is not deployed for this transaction: Tx {call = SolCall ("collateral",[0x0000000000000000000000000000000000020000]), src = 0x20000, dSt = 0X62D69F6867A0a084C6D313943dC22023bC263691, gas = 12500000, gasprice = 0x0, value = 0x0, delay = (0x142ef,0x972d)}. Remove the file or the transaction to fix the issue.
[2026-04-19 19:52:24.29] [Worker 1] WARNING: Sequence replay from corpus file 3117107370078894828.txt failed. The destination contract is not deployed for this transaction: Tx {call = SolCall ("seedLiquidity",[]), src = 0x10000, DST = 0X62d69F6867A0A084C6D313943dC22023BC263691, gas = 12500000, gasprice = 0x0, value = 0x0, delay = (0x142ee,0x20ff)}. Remove the file or the transaction to fix the issue.
[2026-04-19 19:52:24.29] [Worker 1] WARNING: Sequence replay from corpus file 3192550829264154428.txt failed. The destination contract is not deployed for this transaction: Tx {call = SolCall ("recipient",[]), src = 0x20000, DsT = 0X62D69F6867A0A084C6d313943dc22023BC263691, gas = 12500000, gasprice = 0x0, value = 0x0, delay = (0x81f7,0xff)}. Remove the file or the transaction to fix the issue.
[2026-04-19 19:52:24.30] [Worker 2] Sequence replayed from corpus file 5575027256662893171.txt (6/27)
[2026-04-19 19:52:24.30] [Worker 0] Sequence replayed from corpus file 143041619300913513.txt (12/27)
[2026-04-19 19:52:24.30] [Worker 1] Sequence replayed from corpus file 3246821641138614846.txt (9/27)
[2026-04-19 19:52:24.30] [Worker 3] Sequence replayed from corpus file 7687418961876039756.txt (5/27)
[2026-04-19 19:52:24.30] [Worker 0] Sequence replayed from corpus file 1439132272604759769.txt (13/27)
[2026-04-19 19:52:24.30] [Worker 0] Sequence replayed from corpus file 1452189698738998941.txt (14/27)
[2026-04-19 19:52:24.30] [Worker 0] WARNING: Sequence replay from corpus file 1460048215756638408.txt failed. The destination contract is not deployed for this transaction: Tx {call = SolCall ("recipient",[]), src = 0x10000, DsT = 0X62D69F6867A0A084C6D313943dC22023Bc263691, gas = 12500000, gasprice = 0x0, value = 0x0, delay = (0x3b59a,0x94d4)}. Remove the file or the transaction to fix the issue.
[2026-04-19 19:52:24.30] [Worker 1] Sequence replayed from corpus file 331579483070239335.txt (10/27)
[2026-04-19 19:52:24.31] [Worker 3] Sequence replayed from corpus file 7699557514531849610.txt (6/27)
[2026-04-19 19:52:24.31] [Worker 2] Sequence replayed from corpus file 5576911483803430156.txt (7/27)
[2026-04-19 19:52:24.31] [Worker 0] WARNING: Sequence replay from corpus file 1463075273270198648.txt failed. The destination contract is not deployed for this transaction: Tx {call = SolCall ("setTransfer",[0x00000000000000000000000000000002fFffFffD,101082200808776379417051405895222205267456552106249779501970073041349052085556]), src = 0x30000, dSt = 0x62D69F6867A0a084C6D313943dc22023BC263691, gas = 12500000, gasprice = 0x0, value = 0x0, delay = (0x2fa33,0x1d1b)}. Remove the file or the transaction to fix the issue.
[2026-04-19 19:52:24.31] [Worker 2] Sequence replayed from corpus file 5721394929084608143.txt (8/27)
[2026-04-19 19:52:24.31] [Worker 2] WARNING: Sequence replay from corpus file 5737129264558432936.txt failed. The destination contract is not deployed for this transaction: Tx {call = SolCall ("",[]), src = 0x10000, DsT = 0X62d69f6867A0A084C6d313943dC22023BC263691, gas = 12500000, gasprice = 0x0, value = 0x0, delay = (0x5caa0,0x9cf)}. Remove the file or the transaction to fix the issue.
[2026-04-19 19:52:24.31] [Worker 1] Sequence replayed from corpus file 3495880772445906856.txt (11/27)
[2026-04-19 19:52:24.31] [Worker 1] WARNING: Sequence replay from corpus file 3624943762090496582.txt failed. The destination contract is not deployed for this transaction: Tx {call = SolCall ("",[]), src = 0x30000, dst = 0X62D69F6867A0a084C6D313943dC22023Bc263691, gas = 12500000, gasprice = 0x0, value = 0x0, delay = (0x214ca,0x7bd3)}. Remove the file or the transaction to fix the issue.
[2026-04-19 19:52:24.31] [Worker 0] Sequence replayed from corpus file 1525686000149373029.txt (17/27)
[2026-04-19 19:52:24.31] [Worker 0] Sequence replayed from corpus file 1827407018559690071.txt (18/27)
[2026-04-19 19:52:24.31] [Worker 0] WARNING: Sequence replay from corpus file 1884772071553819129.txt failed. The destination contract is not deployed for this transaction: Tx {call = SolCall ("token",[]), src = 0x10000, dst = 0X62D69F6867A0A084c6d313943dC22023BC263691, gas = 12500000, gasprice = 0x0, value = 0x0, delay = (0x1d389,0x9de)}. Remove the file or the transaction to fix the issue.
[2026-04-19 19:52:24.32] [Worker 2] Sequence replayed from corpus file 591135091102608615.txt (10/27)
[2026-04-19 19:52:24.32] [Worker 2] WARNING: Sequence replay from corpus file 606788451241787438.txt failed. The destination contract is not deployed for this transaction: Tx {call = SolCall ("",[]), src = 0x10000, DST = 0X62d69F6867A0A084C6D313943DC22023bc263691, gas = 12500000, gasprice = 0x0, value = 0x0, delay = (0x6123,0x87a0)}. Remove the file or the transaction to fix the issue.
[2026-04-19 19:52:24.32] [Worker 1] Sequence replayed from corpus file 3641147411829365675.txt (13/27)
[2026-04-19 19:52:24.32] [Worker 2] Sequence replayed from corpus file 6094103462352870298.txt (12/27)
[2026-04-19 19:52:24.32] [Worker 2] WARNING: Sequence replay from corpus file 6125864171135646698.txt failed. The destination contract is not deployed for this transaction: Tx {call = SolCall ("seedLiquidity",[]), src = 0x10000, dst = 0x62D69f6867A0A084c6D313943dC22023BC263691, gas = 12500000, gasprice = 0x0, value = 0x0, delay = (0x214c9,0x9733)}. Remove the file or the transaction to fix the issue.
[2026-04-19 19:52:24.32] [Worker 3] Sequence replayed from corpus file 7737079549738675815.txt (7/27)
[2026-04-19 19:52:24.32] [Worker 0] Sequence replayed from corpus file 1934527165697504024.txt (20/27)
[2026-04-19 19:52:24.33] [Worker 2] Sequence replayed from corpus file 6166497993522157865.txt (14/27)
[2026-04-19 19:52:24.33] [Worker 3] Sequence replayed from corpus file 7929481060142103425.txt (8/27)
[2026-04-19 19:52:24.33] [Worker 3] WARNING: Sequence replay from corpus file 79624897523792426.txt failed. The destination contract is not deployed for this transaction: Tx {call = SolCall ("",[]), src = 0x10000, DST = 0X62d69F6867A0A084C6D313943DC22023bc263691, gas = 12500000, gasprice = 0x0, value = 0x0, delay = (0x6123,0x87a0)}. Remove the file or the transaction to fix the issue.
[2026-04-19 19:52:24.33] [Worker 3] WARNING: Sequence replay from corpus file 7967181382457404102.txt failed. The destination contract is not deployed for this transaction: Tx {call = SolCall ("",[]), src = 0x10000, DST = 0X62d69F6867A0A084C6D313943DC22023bc263691, gas = 12500000, gasprice = 0x0, value = 0x0, delay = (0x6123,0x87a0)}. Remove the file or the transaction to fix the issue.
[2026-04-19 19:52:24.33] [Worker 0] Sequence replayed from corpus file 2079185573936702883.txt (21/27)
[2026-04-19 19:52:24.33] [Worker 1] Sequence replayed from corpus file 3719294952061211078.txt (14/27)
[2026-04-19 19:52:24.33] [Worker 1] WARNING: Sequence replay from corpus file 3780014410365988224.txt failed. The destination contract is not deployed for this transaction: Tx {call = SolCall ("collateral",[0x0000000000000000000000000000000000020000]), src = 0x20000, dSt = 0X62D69F6867A0a084C6D313943dC22023bC263691, gas = 12500000, gasprice = 0x0, value = 0x0, delay = (0x142ef,0x972d)}. Remove the file or the transaction to fix the issue.
[2026-04-19 19:52:24.33] [Worker 1] WARNING: Sequence replay from corpus file 3896107562649724485.txt failed. The destination contract is not deployed for this transaction: Tx {call = SolCall ("attack",[0]), src = 0x30000, dst = 0X62D69F6867A0A084c6D313943Dc22023BC263691, gas = 12500000, gasprice = 0x0, value = 0x0, delay = (0x6123,0x1414)}. Remove the file or the transaction to fix the issue.
[2026-04-19 19:52:24.33] [Worker 3] Sequence replayed from corpus file 8009782160310800039.txt (11/27)
[2026-04-19 19:52:24.33] [Worker 3] WARNING: Sequence replay from corpus file 8134831341088487080.txt failed. The destination contract is not deployed for this transaction: Tx {call = SolCall ("recipient",[]), src = 0x10000, DsT = 0X62D69F6867A0A084C6D313943dC22023Bc263691, gas = 12500000, gasprice = 0x0, value = 0x0, delay = (0x3b59a,0x94d4)}. Remove the file or the transaction to fix the issue.
[2026-04-19 19:52:24.34] [Worker 0] Sequence replayed from corpus file 2115224329430076373.txt (22/27)
[2026-04-19 19:52:24.34] [Worker 2] Sequence replayed from corpus file 6172461052354861167.txt (15/27)
[2026-04-19 19:52:24.34] [Worker 1] Sequence replayed from corpus file 3964615687887459273.txt (17/27)
[2026-04-19 19:52:24.34] [Worker 2] WARNING: Sequence replay from corpus file 6258690133758384969.txt failed. The destination contract is not deployed for this transaction: Tx {call = SolCall ("transferAmount",[]), src = 0x30000, dsT = 0x62D69F6867A0A084C6D313943Dc22023BC263691, gas = 12500000, gasprice = 0x0, value = 0x0, delay = (0x5ab46,0x87a0)}. Remove the file or the transaction to fix the issue.
[2026-04-19 19:52:24.34] [Worker 2] WARNING: Sequence replay from corpus file 6259152366601792302.txt failed. The destination contract is not deployed for this transaction: Tx {call = SolCall ("token",[]), src = 0x10000, dst = 0X62D69F6867A0A084c6d313943dC22023BC263691, gas = 12500000, gasprice = 0x0, value = 0x0, delay = (0x1d389,0x9de)}. Remove the file or the transaction to fix the issue.
[2026-04-19 19:52:24.34] [Worker 2] Sequence replayed from corpus file 6268667897113576196.txt (18/27)
[2026-04-19 19:52:24.34] [Worker 0] Sequence replayed from corpus file 2211506572492669667.txt (23/27)
[2026-04-19 19:52:24.34] [Worker 1] Sequence replayed from corpus file 4107043591176889787.txt (18/27)
[2026-04-19 19:52:24.34] [Worker 3] Sequence replayed from corpus file 8347600152285091172.txt (13/27)
[2026-04-19 19:52:24.34] [Worker 2] Sequence replayed from corpus file 6275325763679058407.txt (19/27)
[2026-04-19 19:52:24.34] [Worker 2] WARNING: Sequence replay from corpus file 6445395239242402955.txt failed. The destination contract is not deployed for this transaction: Tx {call = SolCall ("token",[]), src = 0x10000, dst = 0X62D69F6867A0A084c6d313943dC22023BC263691, gas = 12500000, gasprice = 0x0, value = 0x0, delay = (0x1d389,0x9de)}. Remove the file or the transaction to fix the issue.
[2026-04-19 19:52:24.35] [Worker 2] WARNING: Sequence replay from corpus file 6480990898981786261.txt failed. The destination contract is not deployed for this transaction: Tx {call = SolCall ("",[]), src = 0x20000, DSt = 0x62D69F6867a0a084C6D313943DC22023bC263691, gas = 12500000, gasprice = 0x0, value = 0x0, delay = (0x712e3,0x1b23)}. Remove the file or the transaction to fix the issue.
[2026-04-19 19:52:24.35] [Worker 2] WARNING: Sequence replay from corpus file 6487040641841097174.txt failed. The destination contract is not deployed for this transaction: Tx {call = SolCall ("",[]), src = 0x10000, DST = 0X62d69F6867A0A084C6D313943DC22023bc263691, gas = 12500000, gasprice = 0x0, value = 0x0, delay = (0x6123,0x87a0)}. Remove the file or the transaction to fix the issue.
[2026-04-19 19:52:24.35] [Worker 0] Sequence replayed from corpus file 2250046604256806773.txt (24/27)
[2026-04-19 19:52:24.37] [Worker 1] Sequence replayed from corpus file 4218044368707527926.txt (19/27)
[2026-04-19 19:52:24.37] [Worker 3] Sequence replayed from corpus file 8441367243832867278.txt (14/27)
[2026-04-19 19:52:24.37] [Worker 2] Sequence replayed from corpus file 6843839812021103424.txt (23/27)
[2026-04-19 19:52:24.37] [Worker 0] Sequence replayed from corpus file 2312620418010382677.txt (25/27)
[2026-04-19 19:52:24.37] [Worker 2] WARNING: Sequence replay from corpus file 689026530293805097.txt failed. The destination contract is not deployed for this transaction: Tx {call = SolCall ("attack",[735]), src = 0x30000, DST = 0x62D69F6867a0A084C6D313943dC22023bc263691, gas = 12500000, gasprice = 0x0, value = 0x0, delay = (0x87a88,0x3c07)}. Remove the file or the transaction to fix the issue.
[2026-04-19 19:52:24.37] [Worker 0] WARNING: Sequence replay from corpus file 2366693484020494489.txt failed. The destination contract is not deployed for this transaction: Tx {call = SolCall ("seedLiquidity",[]), src = 0x10000, dst = 0x62D69f6867A0A084c6D313943dC22023BC263691, gas = 12500000, gasprice = 0x0, value = 0x0, delay = (0x214c9,0x9733)}. Remove the file or the transaction to fix the issue.
[2026-04-19 19:52:24.37] [Worker 2] WARNING: Sequence replay from corpus file 699908370100862995.txt failed. The destination contract is not deployed for this transaction: Tx {call = SolCall ("attack",[40315670995802919321938158274687197499437001617885390690632228499470732094413]), src = 0x10000, DST = 0X62D69F6867A0a084C6D313943DC22023BC263691, gas = 12500000, gasprice = 0x0, value = 0x0, delay = (0x6b504,0x2a1)}. Remove the file or the transaction to fix the issue.
[2026-04-19 19:52:24.38] [Worker 3] Sequence replayed from corpus file 8501008337639773828.txt (15/27)
[2026-04-19 19:52:24.38] [Worker 3] WARNING: Sequence replay from corpus file 8502406946798559018.txt failed. The destination contract is not deployed for this transaction: Tx {call = SolCall ("",[]), src = 0x10000, DST = 0X62d69F6867A0A084C6D313943DC22023bc263691, gas = 12500000, gasprice = 0x0, value = 0x0, delay = (0x6123,0x87a0)}. Remove the file or the transaction to fix the issue.
[2026-04-19 19:52:24.38] [Worker 1] Sequence replayed from corpus file 4263861369944305064.txt (20/27)
[2026-04-19 19:52:24.38] [Worker 1] Sequence replayed from corpus file 429198744153474129.txt (21/27)
[2026-04-19 19:52:24.38] [Worker 3] WARNING: Sequence replay from corpus file 8511629063655170100.txt failed. The destination contract is not deployed for this transaction: Tx {call = SolCall ("",[]), src = 0x10000, DsT = 0X62D69f6867a0A084c6D313943Dc22023bc263691, gas = 12500000, gasprice = 0x0, value = 0x0, delay = (0x103ef,0x2c55)}. Remove the file or the transaction to fix the issue.
[2026-04-19 19:52:24.38] [Worker 3] WARNING: Sequence replay from corpus file 8548705151077984100.txt failed. The destination contract is not deployed for this transaction: Tx {call = SolCall ("setTransfer",[0x62d69f6867A0A084C6d313943dC22023Bc263691,110203153208868294463950112733777600902085951557128262966235681873364681958335]), src = 0x20000, DST = 0x62D69F6867A0A084C6D313943dc22023bC263691, gas = 12500000, gasprice = 0x0, value = 0x0, delay = (0xb250,0x7630)}. Remove the file or the transaction to fix the issue.
[2026-04-19 19:52:24.38] [Worker 0] Sequence replayed from corpus file 2504713298031812608.txt (27/27)
[2026-04-19 19:52:24.38] [Worker 2] Sequence replayed from corpus file 7541016534342641440.txt (26/27)
[2026-04-19 19:52:24.38] [Worker 3] Sequence replayed from corpus file 8606019225071093899.txt (19/27)
[2026-04-19 19:52:24.38] [Worker 1] Sequence replayed from corpus file 4300667799207512545.txt (22/27)
[2026-04-19 19:52:24.38] [Worker 2] Sequence replayed from corpus file 7545842089752992081.txt (27/27)
[2026-04-19 19:52:24.39] [Worker 3] Sequence replayed from corpus file 8721571438615730015.txt (20/27)
[2026-04-19 19:52:24.39] [Worker 0] New coverage: 1340 instr, 2 contracts, 6 seqs in corpus
[2026-04-19 19:52:24.39] [Worker 1] Sequence replayed from corpus file 4350964911548517955.txt (23/27)
[2026-04-19 19:52:24.39] [Worker 2] New coverage: 1364 instr, 2 contracts, 7 seqs in corpus
[2026-04-19 19:52:24.39] [Worker 1] WARNING: Sequence replay from corpus file 4722320367017727553.txt failed. The destination contract is not deployed for this transaction: Tx {call = SolCall ("borrow",[0]), src = 0x20000, DST = 0X62D69F6867A0a084c6d313943Dc22023bC263691, gas = 12500000, gasprice = 0x0, value = 0x0, delay = (0x4dd39,0x6b0c)}. Remove the file or the transaction to fix the issue.
[2026-04-19 19:52:24.39] [Worker 3] Sequence replayed from corpus file 8746510944181660177.txt (21/27)
[2026-04-19 19:52:24.39] [Worker 0] Test echidna_supply_never_decreases falsified!
  Call sequence:
MVE_O9_Vuln.balanceOf(0xb4c79dab8f259c7aee6e5b2aa729821864227e84) from: 0x0000000000000000000000000000000000030000 Time delay: 254414 seconds Block delay: 5952
MVE_O9_Vuln.symbol() from: 0x0000000000000000000000000000000000010000 Time delay: 361136 seconds Block delay: 4896
OWASP_09_VulnFuzz.mintAndSnapshot(78840284981522478379057887618497303197259419319359883211965230936278138686661) from: 0x0000000000000000000000000000000000030000 Time delay: 376096 seconds Block delay: 35200
MVE_O9_Vuln.balanceOf(0x1fffffffe) from: 0x0000000000000000000000000000000000010000 Time delay: 486846 seconds Block delay: 5140
MVE_O9_Vuln.MAX_SUPPLY() from: 0x0000000000000000000000000000000000030000 Time delay: 251322 seconds Block delay: 6721
MVE_O9_Vuln.mint(1524785993) from: 0x0000000000000000000000000000000000020000 Time delay: 116188 seconds Block delay: 2497
MVE_O9_Vuln.MAX_SUPPLY() from: 0x0000000000000000000000000000000000010000 Time delay: 16802 seconds Block delay: 36254
OWASP_09_VulnFuzz.mintAndSnapshot(115792089237316195423570985008687907853269984665640564039457584007913129639932) from: 0x0000000000000000000000000000000000020000 Time delay: 519847 seconds Block delay: 18429

[2026-04-19 19:52:24.39] [Worker 3] Sequence replayed from corpus file 8816047107854424912.txt (22/27)
[2026-04-19 19:52:24.39] [Worker 1] Sequence replayed from corpus file 479371498318639832.txt (25/27)
[2026-04-19 19:52:24.40] [Worker 3] Sequence replayed from corpus file 88376936411611116.txt (23/27)
[2026-04-19 19:52:24.40] [Worker 3] Sequence replayed from corpus file 8864806242903538408.txt (24/27)
[2026-04-19 19:52:24.40] [Worker 1] Sequence replayed from corpus file 4903871675519987651.txt (26/27)
[2026-04-19 19:52:24.40] [Worker 2] New coverage: 1429 instr, 2 contracts, 8 seqs in corpus
[2026-04-19 19:52:24.40]  Saved reproducer to corpus/echidna/coverage/9140924489476635527.txt
[2026-04-19 19:52:24.40] [Worker 3] Sequence replayed from corpus file 88918879106246972.txt (25/27)
[2026-04-19 19:52:24.40] [Worker 3] WARNING: Sequence replay from corpus file 900947245564972896.txt failed. The destination contract is not deployed for this transaction: Tx {call = SolCall ("",[]), src = 0x10000, DST = 0X62d69F6867A0A084C6D313943DC22023bc263691, gas = 12500000, gasprice = 0x0, value = 0x0, delay = (0x6123,0x87a0)}. Remove the file or the transaction to fix the issue.
[2026-04-19 19:52:24.40] [Worker 3] WARNING: Sequence replay from corpus file 9012819905411243058.txt failed. The destination contract is not deployed for this transaction: Tx {call = SolCall ("token",[]), src = 0x10000, dst = 0X62D69F6867A0A084c6d313943dC22023BC263691, gas = 12500000, gasprice = 0x0, value = 0x0, delay = (0x1d389,0x9de)}. Remove the file or the transaction to fix the issue.
[2026-04-19 19:52:24.40] [Worker 1] Sequence replayed from corpus file 5086363509404862029.txt (27/27)
[2026-04-19 19:52:24.41] [Worker 0] New coverage: 1429 instr, 2 contracts, 9 seqs in corpus
[2026-04-19 19:52:24.41] [Worker 2] New coverage: 1429 instr, 2 contracts, 10 seqs in corpus
[2026-04-19 19:52:24.42]  Saved reproducer to corpus/echidna/coverage/7219503434945464720.txt
[2026-04-19 19:52:24.43]  Saved reproducer to corpus/echidna/reproducers-unshrunk/6791588874654454673.txt
[2026-04-19 19:52:24.49]  Saved reproducer to corpus/echidna/coverage/7772850779330587216.txt
[2026-04-19 19:52:24.50]  Saved reproducer to corpus/echidna/coverage/8475969825066112982.txt
[2026-04-19 19:52:24.51]  Saved reproducer to corpus/echidna/coverage/5490418797474821883.txt
[2026-04-19 19:52:24.61] [Worker 3] New coverage: 1429 instr, 2 contracts, 11 seqs in corpus
[2026-04-19 19:52:24.62]  Saved reproducer to corpus/echidna/coverage/4189815214030488760.txt
[2026-04-19 19:52:24.91] [Worker 2] New coverage: 1429 instr, 2 contracts, 12 seqs in corpus
[2026-04-19 19:52:24.93]  Saved reproducer to corpus/echidna/coverage/3994823774015811425.txt
[2026-04-19 19:52:27.12] [Worker 1] Test limit reached. Stopping.
[2026-04-19 19:52:27.25] [Worker 3] Test limit reached. Stopping.
[2026-04-19 19:52:27.27] [Worker 2] Test limit reached. Stopping.
[2026-04-19 19:52:27.27] [status] tests: 1/2, fuzzing: 42321/50000, values: [], cov: 1429, corpus: 12, gas/s: 418329807
[2026-04-19 19:52:28.77] [Worker 0] Test limit reached. Stopping.
[2026-04-19 19:52:28.78] [status] tests: 1/2, fuzzing: 50207/50000, values: [], cov: 1429, corpus: 12, gas/s: 125464243
echidna_supply_cap: passing
echidna_supply_never_decreases: failed!💥  
  Call sequence:
    MVE_O9_Vuln.mint(4)
    OWASP_09_VulnFuzz.mintAndSnapshot(115792089237316195423570985008687907853269984665640564039457584007913129639932)

Traces: 
call [1mMVE_O9_Vuln[0m::totalSupply()() [1m(/mnt/c/Users/MSI/Desktop/Uni/Project-CSI/Final-Project-CSI-main/test/OWASP_09_Fuzz.sol:38)[0m
 └╴← (0)


Unique instructions: 1429
Unique codehashes: 2
Corpus size: 12
Seed: 1486302600478996622
Total calls: 50207

[2026-04-19 19:52:28.78] Saving test reproducers... Done! (0.00800136s)
[2026-04-19 19:52:28.78] Saving corpus... Done! (0.053277559s)
[2026-04-19 19:52:28.84] Saving foundry reproducers... Done! (0.006060938s)
[2026-04-19 19:52:28.84] Saving coverage... Done! (0.043038823s)
