Warning: unused option: solcVersion
[2026-04-19 19:50:27.06] Compiling `test/OWASP_03_Fuzz.sol`... Done! (0.598924223s)
Analyzing contract: /mnt/c/Users/MSI/Desktop/Uni/Project-CSI/Final-Project-CSI-main/test/OWASP_03_Fuzz.sol:OWASP_03_FixedFuzz
[2026-04-19 19:50:27.68] Running slither on `test/OWASP_03_Fuzz.sol`... Done! (0.29111092s)
Loaded 3 transaction sequences from corpus/echidna/reproducers
Loaded 31 transaction sequences from corpus/echidna/coverage
[2026-04-19 19:50:28.20] [Worker 1] WARNING: Sequence replay from corpus file 2366693484020494489.txt failed. The destination contract is not deployed for this transaction: Tx {call = SolCall ("seedLiquidity",[]), src = 0x10000, dst = 0x62D69f6867A0A084c6D313943dC22023BC263691, gas = 12500000, gasprice = 0x0, value = 0x0, delay = (0x214c9,0x9733)}. Remove the file or the transaction to fix the issue.
[2026-04-19 19:50:28.21] [Worker 0] New coverage: 586 instr, 2 contracts, 1 seqs in corpus
[2026-04-19 19:50:28.21] [Worker 0] Sequence replayed from corpus file 1452189698738998941.txt (1/9)
[2026-04-19 19:50:28.21] [Worker 0] New coverage: 1188 instr, 2 contracts, 2 seqs in corpus
[2026-04-19 19:50:28.21] [Worker 0] Sequence replayed from corpus file 1827407018559690071.txt (2/9)
[2026-04-19 19:50:28.21] [Worker 0] Sequence replayed from corpus file 6268667897113576196.txt (3/9)
[2026-04-19 19:50:28.21] [Worker 3] New coverage: 1326 instr, 2 contracts, 3 seqs in corpus
[2026-04-19 19:50:28.21] [Worker 3] Sequence replayed from corpus file 7599293948694684908.txt (1/7)
[2026-04-19 19:50:28.22] [Worker 1] New coverage: 1326 instr, 2 contracts, 4 seqs in corpus
[2026-04-19 19:50:28.22] [Worker 1] Sequence replayed from corpus file 2581688877749071989.txt (2/9)
[2026-04-19 19:50:28.22] [Worker 2] New coverage: 1326 instr, 2 contracts, 5 seqs in corpus
[2026-04-19 19:50:28.22] [Worker 2] Sequence replayed from corpus file 4218044368707527926.txt (1/9)
[2026-04-19 19:50:28.22] [Worker 2] WARNING: Sequence replay from corpus file 4722320367017727553.txt failed. The destination contract is not deployed for this transaction: Tx {call = SolCall ("borrow",[0]), src = 0x20000, DST = 0X62D69F6867A0a084c6d313943Dc22023bC263691, gas = 12500000, gasprice = 0x0, value = 0x0, delay = (0x4dd39,0x6b0c)}. Remove the file or the transaction to fix the issue.
[2026-04-19 19:50:28.22]  Saved reproducer to corpus/echidna/coverage/1827407018559690071.txt
[2026-04-19 19:50:28.22] [Worker 0] Sequence replayed from corpus file 1272315269480093113.txt (4/9)
[2026-04-19 19:50:28.23] [Worker 1] Sequence replayed from corpus file 2631726265439469501.txt (3/9)
[2026-04-19 19:50:28.23] [Worker 1] WARNING: Sequence replay from corpus file 2954796917231162347.txt failed. The destination contract is not deployed for this transaction: Tx {call = SolCall ("collateral",[0x0000000000000000000000000000000000020000]), src = 0x20000, dSt = 0X62D69F6867A0a084C6D313943dC22023bC263691, gas = 12500000, gasprice = 0x0, value = 0x0, delay = (0x142ef,0x972d)}. Remove the file or the transaction to fix the issue.
[2026-04-19 19:50:28.23] [Worker 1] WARNING: Sequence replay from corpus file 3117107370078894828.txt failed. The destination contract is not deployed for this transaction: Tx {call = SolCall ("seedLiquidity",[]), src = 0x10000, DST = 0X62d69F6867A0A084C6D313943dC22023BC263691, gas = 12500000, gasprice = 0x0, value = 0x0, delay = (0x142ee,0x20ff)}. Remove the file or the transaction to fix the issue.
[2026-04-19 19:50:28.24] [Worker 3] New coverage: 1329 instr, 2 contracts, 6 seqs in corpus
[2026-04-19 19:50:28.24] [Worker 3] Sequence replayed from corpus file 7929481060142103425.txt (2/7)
[2026-04-19 19:50:28.24] [Worker 2] Sequence replayed from corpus file 5575027256662893171.txt (3/9)
[2026-04-19 19:50:28.25] [Worker 0] Sequence replayed from corpus file 136422028706997084.txt (5/9)
[2026-04-19 19:50:28.25] [Worker 0] Sequence replayed from corpus file 1452189698738998941.txt (6/9)
[2026-04-19 19:50:28.25] [Worker 1] Sequence replayed from corpus file 3246821641138614846.txt (6/9)
[2026-04-19 19:50:28.25] [Worker 2] Sequence replayed from corpus file 5721394929084608143.txt (4/9)
[2026-04-19 19:50:28.25] [Worker 3] Sequence replayed from corpus file 8501008337639773828.txt (3/7)
[2026-04-19 19:50:28.27] [Worker 0] Sequence replayed from corpus file 1525686000149373029.txt (7/9)
[2026-04-19 19:50:28.27] [Worker 1] Sequence replayed from corpus file 331579483070239335.txt (7/9)
[2026-04-19 19:50:28.27] [Worker 2] Sequence replayed from corpus file 591135091102608615.txt (5/9)
[2026-04-19 19:50:28.27] [Worker 3] Sequence replayed from corpus file 8606019225071093899.txt (4/7)
[2026-04-19 19:50:28.27] [Worker 2] WARNING: Sequence replay from corpus file 6125864171135646698.txt failed. The destination contract is not deployed for this transaction: Tx {call = SolCall ("seedLiquidity",[]), src = 0x10000, dst = 0x62D69f6867A0A084c6D313943dC22023BC263691, gas = 12500000, gasprice = 0x0, value = 0x0, delay = (0x214c9,0x9733)}. Remove the file or the transaction to fix the issue.
[2026-04-19 19:50:28.28] [Worker 1] Sequence replayed from corpus file 3641147411829365675.txt (8/9)
[2026-04-19 19:50:28.28] [Worker 1] WARNING: Sequence replay from corpus file 3780014410365988224.txt failed. The destination contract is not deployed for this transaction: Tx {call = SolCall ("collateral",[0x0000000000000000000000000000000000020000]), src = 0x20000, dSt = 0X62D69F6867A0a084C6D313943dC22023bC263691, gas = 12500000, gasprice = 0x0, value = 0x0, delay = (0x142ef,0x972d)}. Remove the file or the transaction to fix the issue.
[2026-04-19 19:50:28.29] [Worker 0] Sequence replayed from corpus file 2079185573936702883.txt (8/9)
[2026-04-19 19:50:28.29] [Worker 2] Sequence replayed from corpus file 6166497993522157865.txt (7/9)
[2026-04-19 19:50:28.29] [Worker 3] Sequence replayed from corpus file 8721571438615730015.txt (5/7)
[2026-04-19 19:50:28.29] [Worker 2] Sequence replayed from corpus file 6268667897113576196.txt (8/9)
[2026-04-19 19:50:28.30] [Worker 0] Sequence replayed from corpus file 2211506572492669667.txt (9/9)
[2026-04-19 19:50:28.30] [Worker 3] Sequence replayed from corpus file 8746510944181660177.txt (6/7)
[2026-04-19 19:50:28.31] [Worker 2] Sequence replayed from corpus file 7545842089752992081.txt (9/9)
[2026-04-19 19:50:28.31] [Worker 1] New coverage: 1634 instr, 2 contracts, 7 seqs in corpus
[2026-04-19 19:50:28.32] [Worker 3] Sequence replayed from corpus file 88918879106246972.txt (7/7)
[2026-04-19 19:50:28.33] [Worker 0] New coverage: 1634 instr, 2 contracts, 8 seqs in corpus
[2026-04-19 19:50:28.33]  Saved reproducer to corpus/echidna/coverage/3964615687887459273.txt
[2026-04-19 19:50:28.34] [Worker 3] New coverage: 1666 instr, 2 contracts, 9 seqs in corpus
[2026-04-19 19:50:28.34]  Saved reproducer to corpus/echidna/coverage/1439132272604759769.txt
[2026-04-19 19:50:28.36]  Saved reproducer to corpus/echidna/coverage/479371498318639832.txt
[2026-04-19 19:50:28.43] [Worker 0] New coverage: 1669 instr, 2 contracts, 10 seqs in corpus
[2026-04-19 19:50:28.44] [Worker 2] New coverage: 1669 instr, 2 contracts, 11 seqs in corpus
[2026-04-19 19:50:28.50]  Saved reproducer to corpus/echidna/coverage/5086363509404862029.txt
[2026-04-19 19:50:28.50] [Worker 1] New coverage: 1672 instr, 2 contracts, 12 seqs in corpus
[2026-04-19 19:50:28.52]  Saved reproducer to corpus/echidna/coverage/4300667799207512545.txt
[2026-04-19 19:50:28.53]  Saved reproducer to corpus/echidna/coverage/2312620418010382677.txt
[2026-04-19 19:50:28.67] [Worker 3] New coverage: 1688 instr, 2 contracts, 13 seqs in corpus
[2026-04-19 19:50:28.68] [Worker 3] New coverage: 1691 instr, 2 contracts, 14 seqs in corpus
[2026-04-19 19:50:28.68]  Saved reproducer to corpus/echidna/coverage/6275325763679058407.txt
[2026-04-19 19:50:28.70]  Saved reproducer to corpus/echidna/coverage/88376936411611116.txt
[2026-04-19 19:50:28.80] [Worker 2] New coverage: 1694 instr, 2 contracts, 15 seqs in corpus
[2026-04-19 19:50:28.82]  Saved reproducer to corpus/echidna/coverage/4903871675519987651.txt
[2026-04-19 19:50:29.12] [Worker 2] New coverage: 1814 instr, 2 contracts, 16 seqs in corpus
[2026-04-19 19:50:29.13]  Saved reproducer to corpus/echidna/coverage/2250046604256806773.txt
[2026-04-19 19:50:29.45] [Worker 0] Test limit reached. Stopping.
[2026-04-19 19:50:29.45] [Worker 2] Test limit reached. Stopping.
[2026-04-19 19:50:29.46] [Worker 3] Test limit reached. Stopping.
[2026-04-19 19:50:29.47] [Worker 1] Test limit reached. Stopping.
[2026-04-19 19:50:29.47] [status] tests: 0/1, fuzzing: 50141/50000, values: [], cov: 1814, corpus: 16, gas/s: 1235917554
echidna_no_overborrow: passing

Unique instructions: 1814
Unique codehashes: 2
Corpus size: 16
Seed: 7497475846263742289
Total calls: 50141

[2026-04-19 19:50:29.47] Saving test reproducers... Done! (0.000001594s)
[2026-04-19 19:50:29.47] Saving corpus... Done! (0.073500227s)
[2026-04-19 19:50:29.54] Saving foundry reproducers... Done! (0.002675468s)
[2026-04-19 19:50:29.55] Saving coverage... Done! (0.034552609s)
