Warning: unused option: solcVersion
[2026-04-19 19:51:33.56] Compiling `test/OWASP_07_Fuzz.sol`... Done! (0.566600905s)
Analyzing contract: /mnt/c/Users/MSI/Desktop/Uni/Project-CSI/Final-Project-CSI-main/test/OWASP_07_Fuzz.sol:OWASP_07_VulnFuzz
[2026-04-19 19:51:34.14] Running slither on `test/OWASP_07_Fuzz.sol`... Done! (0.256993113s)
Loaded 6 transaction sequences from corpus/echidna/reproducers
Loaded 73 transaction sequences from corpus/echidna/coverage
[2026-04-19 19:51:35.02] [Worker 1] WARNING: Sequence replay from corpus file 2366693484020494489.txt failed. The destination contract is not deployed for this transaction: Tx {call = SolCall ("seedLiquidity",[]), src = 0x10000, dst = 0x62D69f6867A0A084c6D313943dC22023BC263691, gas = 12500000, gasprice = 0x0, value = 0x0, delay = (0x214c9,0x9733)}. Remove the file or the transaction to fix the issue.
[2026-04-19 19:51:35.02] [Worker 0] Sequence replayed from corpus file 1452189698738998941.txt (1/20)
[2026-04-19 19:51:35.02] [Worker 0] Sequence replayed from corpus file 1827407018559690071.txt (2/20)
[2026-04-19 19:51:35.02] [Worker 0] Sequence replayed from corpus file 429198744153474129.txt (3/20)
[2026-04-19 19:51:35.02] [Worker 0] Sequence replayed from corpus file 6094103462352870298.txt (4/20)
[2026-04-19 19:51:35.02] [Worker 2] New coverage: 837 instr, 2 contracts, 1 seqs in corpus
[2026-04-19 19:51:35.02] [Worker 2] Sequence replayed from corpus file 4903871675519987651.txt (1/20)
[2026-04-19 19:51:35.02] [Worker 0] Sequence replayed from corpus file 6268667897113576196.txt (5/20)
[2026-04-19 19:51:35.03] [Worker 0] Sequence replayed from corpus file 8864806242903538408.txt (6/20)
[2026-04-19 19:51:35.03] [Worker 1] New coverage: 837 instr, 2 contracts, 2 seqs in corpus
[2026-04-19 19:51:35.03] [Worker 1] Sequence replayed from corpus file 2551918398196928109.txt (2/20)
[2026-04-19 19:51:35.03] [Worker 2] Sequence replayed from corpus file 5086363509404862029.txt (2/20)
[2026-04-19 19:51:35.03] [Worker 3] New coverage: 837 instr, 2 contracts, 3 seqs in corpus
[2026-04-19 19:51:35.03] [Worker 3] Sequence replayed from corpus file 7687418961876039756.txt (1/19)
[2026-04-19 19:51:35.03] [Worker 0] Sequence replayed from corpus file 1272315269480093113.txt (7/20)
[2026-04-19 19:51:35.03] [Worker 3] Sequence replayed from corpus file 7699557514531849610.txt (2/19)
[2026-04-19 19:51:35.04] [Worker 2] Sequence replayed from corpus file 514479850897989268.txt (3/20)
[2026-04-19 19:51:35.04] [Worker 2] WARNING: Sequence replay from corpus file 5472587043690756556.txt failed. The destination contract is not deployed for this transaction: Tx {call = SolCall ("token",[]), src = 0x10000, dst = 0X62D69F6867A0A084c6d313943dC22023BC263691, gas = 12500000, gasprice = 0x0, value = 0x0, delay = (0x1d389,0x9de)}. Remove the file or the transaction to fix the issue.
[2026-04-19 19:51:35.04] [Worker 1] Sequence replayed from corpus file 2581688877749071989.txt (3/20)
[2026-04-19 19:51:35.04] [Worker 0] Sequence replayed from corpus file 136422028706997084.txt (8/20)
[2026-04-19 19:51:35.04] [Worker 3] Sequence replayed from corpus file 7929481060142103425.txt (3/19)
[2026-04-19 19:51:35.04] [Worker 3] WARNING: Sequence replay from corpus file 79624897523792426.txt failed. The destination contract is not deployed for this transaction: Tx {call = SolCall ("",[]), src = 0x10000, DST = 0X62d69F6867A0A084C6D313943DC22023bc263691, gas = 12500000, gasprice = 0x0, value = 0x0, delay = (0x6123,0x87a0)}. Remove the file or the transaction to fix the issue.
[2026-04-19 19:51:35.04] [Worker 3] WARNING: Sequence replay from corpus file 7967181382457404102.txt failed. The destination contract is not deployed for this transaction: Tx {call = SolCall ("",[]), src = 0x10000, DST = 0X62d69F6867A0A084C6D313943DC22023bc263691, gas = 12500000, gasprice = 0x0, value = 0x0, delay = (0x6123,0x87a0)}. Remove the file or the transaction to fix the issue.
[2026-04-19 19:51:35.05] [Worker 1] Sequence replayed from corpus file 2606617850888215744.txt (4/20)
[2026-04-19 19:51:35.05] [Worker 3] Sequence replayed from corpus file 8009782160310800039.txt (6/19)
[2026-04-19 19:51:35.05] [Worker 2] Sequence replayed from corpus file 5575027256662893171.txt (5/20)
[2026-04-19 19:51:35.05] [Worker 0] Sequence replayed from corpus file 1376536911212113184.txt (9/20)
[2026-04-19 19:51:35.05] [Worker 2] Sequence replayed from corpus file 5721394929084608143.txt (6/20)
[2026-04-19 19:51:35.05] [Worker 3] Sequence replayed from corpus file 8441367243832867278.txt (7/19)
[2026-04-19 19:51:35.05] [Worker 2] WARNING: Sequence replay from corpus file 5737129264558432936.txt failed. The destination contract is not deployed for this transaction: Tx {call = SolCall ("",[]), src = 0x10000, DsT = 0X62d69f6867A0A084C6d313943dC22023BC263691, gas = 12500000, gasprice = 0x0, value = 0x0, delay = (0x5caa0,0x9cf)}. Remove the file or the transaction to fix the issue.
[2026-04-19 19:51:35.05] [Worker 1] Sequence replayed from corpus file 2631726265439469501.txt (5/20)
[2026-04-19 19:51:35.05] [Worker 1] WARNING: Sequence replay from corpus file 2954796917231162347.txt failed. The destination contract is not deployed for this transaction: Tx {call = SolCall ("collateral",[0x0000000000000000000000000000000000020000]), src = 0x20000, dSt = 0X62D69F6867A0a084C6D313943dC22023bC263691, gas = 12500000, gasprice = 0x0, value = 0x0, delay = (0x142ef,0x972d)}. Remove the file or the transaction to fix the issue.
[2026-04-19 19:51:35.05] [Worker 1] WARNING: Sequence replay from corpus file 3117107370078894828.txt failed. The destination contract is not deployed for this transaction: Tx {call = SolCall ("seedLiquidity",[]), src = 0x10000, DST = 0X62d69F6867A0A084C6D313943dC22023BC263691, gas = 12500000, gasprice = 0x0, value = 0x0, delay = (0x142ee,0x20ff)}. Remove the file or the transaction to fix the issue.
[2026-04-19 19:51:35.06] [Worker 0] Sequence replayed from corpus file 1439132272604759769.txt (10/20)
[2026-04-19 19:51:35.06] [Worker 0] Sequence replayed from corpus file 1452189698738998941.txt (11/20)
[2026-04-19 19:51:35.06] [Worker 3] Sequence replayed from corpus file 8501008337639773828.txt (8/19)
[2026-04-19 19:51:35.06] [Worker 3] WARNING: Sequence replay from corpus file 8502406946798559018.txt failed. The destination contract is not deployed for this transaction: Tx {call = SolCall ("",[]), src = 0x10000, DST = 0X62d69F6867A0A084C6D313943DC22023bc263691, gas = 12500000, gasprice = 0x0, value = 0x0, delay = (0x6123,0x87a0)}. Remove the file or the transaction to fix the issue.
[2026-04-19 19:51:35.06] [Worker 3] WARNING: Sequence replay from corpus file 8511629063655170100.txt failed. The destination contract is not deployed for this transaction: Tx {call = SolCall ("",[]), src = 0x10000, DsT = 0X62D69f6867a0A084c6D313943Dc22023bc263691, gas = 12500000, gasprice = 0x0, value = 0x0, delay = (0x103ef,0x2c55)}. Remove the file or the transaction to fix the issue.
[2026-04-19 19:51:35.06] [Worker 1] Sequence replayed from corpus file 3246821641138614846.txt (8/20)
[2026-04-19 19:51:35.06] [Worker 2] Sequence replayed from corpus file 591135091102608615.txt (8/20)
[2026-04-19 19:51:35.06] [Worker 2] WARNING: Sequence replay from corpus file 606788451241787438.txt failed. The destination contract is not deployed for this transaction: Tx {call = SolCall ("",[]), src = 0x10000, DST = 0X62d69F6867A0A084C6D313943DC22023bc263691, gas = 12500000, gasprice = 0x0, value = 0x0, delay = (0x6123,0x87a0)}. Remove the file or the transaction to fix the issue.
[2026-04-19 19:51:35.06] [Worker 2] Sequence replayed from corpus file 6094103462352870298.txt (10/20)
[2026-04-19 19:51:35.06] [Worker 2] WARNING: Sequence replay from corpus file 6125864171135646698.txt failed. The destination contract is not deployed for this transaction: Tx {call = SolCall ("seedLiquidity",[]), src = 0x10000, dst = 0x62D69f6867A0A084c6D313943dC22023BC263691, gas = 12500000, gasprice = 0x0, value = 0x0, delay = (0x214c9,0x9733)}. Remove the file or the transaction to fix the issue.
[2026-04-19 19:51:35.08] [Worker 0] Sequence replayed from corpus file 1525686000149373029.txt (12/20)
[2026-04-19 19:51:35.08] [Worker 0] Sequence replayed from corpus file 1827407018559690071.txt (13/20)
[2026-04-19 19:51:35.08] [Worker 0] WARNING: Sequence replay from corpus file 1884772071553819129.txt failed. The destination contract is not deployed for this transaction: Tx {call = SolCall ("token",[]), src = 0x10000, dst = 0X62D69F6867A0A084c6d313943dC22023BC263691, gas = 12500000, gasprice = 0x0, value = 0x0, delay = (0x1d389,0x9de)}. Remove the file or the transaction to fix the issue.
[2026-04-19 19:51:35.08] [Worker 3] Sequence replayed from corpus file 8606019225071093899.txt (11/19)
[2026-04-19 19:51:35.08] [Worker 1] Sequence replayed from corpus file 331579483070239335.txt (9/20)
[2026-04-19 19:51:35.09] [Worker 2] Sequence replayed from corpus file 6166497993522157865.txt (12/20)
[2026-04-19 19:51:35.09] [Worker 2] Sequence replayed from corpus file 6268667897113576196.txt (13/20)
[2026-04-19 19:51:35.09] [Worker 0] Sequence replayed from corpus file 1934527165697504024.txt (15/20)
[2026-04-19 19:51:35.09] [Worker 2] Sequence replayed from corpus file 6275325763679058407.txt (14/20)
[2026-04-19 19:51:35.09] [Worker 1] Sequence replayed from corpus file 3495880772445906856.txt (10/20)
[2026-04-19 19:51:35.09] [Worker 2] WARNING: Sequence replay from corpus file 6445395239242402955.txt failed. The destination contract is not deployed for this transaction: Tx {call = SolCall ("token",[]), src = 0x10000, dst = 0X62D69F6867A0A084c6d313943dC22023BC263691, gas = 12500000, gasprice = 0x0, value = 0x0, delay = (0x1d389,0x9de)}. Remove the file or the transaction to fix the issue.
[2026-04-19 19:51:35.09] [Worker 3] Sequence replayed from corpus file 8721571438615730015.txt (12/19)
[2026-04-19 19:51:35.09] [Worker 1] WARNING: Sequence replay from corpus file 3624943762090496582.txt failed. The destination contract is not deployed for this transaction: Tx {call = SolCall ("",[]), src = 0x30000, dst = 0X62D69F6867A0a084C6D313943dC22023Bc263691, gas = 12500000, gasprice = 0x0, value = 0x0, delay = (0x214ca,0x7bd3)}. Remove the file or the transaction to fix the issue.
[2026-04-19 19:51:35.09] [Worker 2] WARNING: Sequence replay from corpus file 6480990898981786261.txt failed. The destination contract is not deployed for this transaction: Tx {call = SolCall ("",[]), src = 0x20000, DSt = 0x62D69F6867a0a084C6D313943DC22023bC263691, gas = 12500000, gasprice = 0x0, value = 0x0, delay = (0x712e3,0x1b23)}. Remove the file or the transaction to fix the issue.
[2026-04-19 19:51:35.09] [Worker 2] WARNING: Sequence replay from corpus file 6487040641841097174.txt failed. The destination contract is not deployed for this transaction: Tx {call = SolCall ("",[]), src = 0x10000, DST = 0X62d69F6867A0A084C6D313943DC22023bc263691, gas = 12500000, gasprice = 0x0, value = 0x0, delay = (0x6123,0x87a0)}. Remove the file or the transaction to fix the issue.
[2026-04-19 19:51:35.09] [Worker 0] Sequence replayed from corpus file 2079185573936702883.txt (16/20)
[2026-04-19 19:51:35.10] [Worker 1] Sequence replayed from corpus file 3641147411829365675.txt (12/20)
[2026-04-19 19:51:35.10] [Worker 1] WARNING: Sequence replay from corpus file 3780014410365988224.txt failed. The destination contract is not deployed for this transaction: Tx {call = SolCall ("collateral",[0x0000000000000000000000000000000000020000]), src = 0x20000, dSt = 0X62D69F6867A0a084C6D313943dC22023bC263691, gas = 12500000, gasprice = 0x0, value = 0x0, delay = (0x142ef,0x972d)}. Remove the file or the transaction to fix the issue.
[2026-04-19 19:51:35.10] [Worker 3] Sequence replayed from corpus file 8746510944181660177.txt (13/19)
[2026-04-19 19:51:35.10] [Worker 2] Sequence replayed from corpus file 7545842089752992081.txt (18/20)
[2026-04-19 19:51:35.10] [Worker 0] Sequence replayed from corpus file 2115224329430076373.txt (17/20)
[2026-04-19 19:51:35.10] [Worker 1] Sequence replayed from corpus file 3964615687887459273.txt (14/20)
[2026-04-19 19:51:35.10] [Worker 3] Sequence replayed from corpus file 8816047107854424912.txt (14/19)
[2026-04-19 19:51:35.10] [Worker 2] Sequence replayed from corpus file 7588820713148210740.txt (19/20)
[2026-04-19 19:51:35.10] [Worker 0] Sequence replayed from corpus file 2211506572492669667.txt (18/20)
[2026-04-19 19:51:35.11] [Worker 3] Sequence replayed from corpus file 88376936411611116.txt (15/19)
[2026-04-19 19:51:35.11] [Worker 3] Sequence replayed from corpus file 8864806242903538408.txt (16/19)
[2026-04-19 19:51:35.11] [Worker 1] Sequence replayed from corpus file 4107043591176889787.txt (15/20)
[2026-04-19 19:51:35.11] [Worker 0] Sequence replayed from corpus file 2250046604256806773.txt (19/20)
[2026-04-19 19:51:35.11] [Worker 2] Sequence replayed from corpus file 7599293948694684908.txt (20/20)
[2026-04-19 19:51:35.11] [Worker 3] Sequence replayed from corpus file 88918879106246972.txt (17/19)
[2026-04-19 19:51:35.11] [Worker 3] WARNING: Sequence replay from corpus file 900947245564972896.txt failed. The destination contract is not deployed for this transaction: Tx {call = SolCall ("",[]), src = 0x10000, DST = 0X62d69F6867A0A084C6D313943DC22023bc263691, gas = 12500000, gasprice = 0x0, value = 0x0, delay = (0x6123,0x87a0)}. Remove the file or the transaction to fix the issue.
[2026-04-19 19:51:35.11] [Worker 3] WARNING: Sequence replay from corpus file 9012819905411243058.txt failed. The destination contract is not deployed for this transaction: Tx {call = SolCall ("token",[]), src = 0x10000, dst = 0X62D69F6867A0A084c6d313943dC22023BC263691, gas = 12500000, gasprice = 0x0, value = 0x0, delay = (0x1d389,0x9de)}. Remove the file or the transaction to fix the issue.
[2026-04-19 19:51:35.11] [Worker 0] Sequence replayed from corpus file 2312620418010382677.txt (20/20)
[2026-04-19 19:51:35.11] [Worker 1] Sequence replayed from corpus file 4218044368707527926.txt (16/20)
[2026-04-19 19:51:35.11] [Worker 1] Sequence replayed from corpus file 429198744153474129.txt (17/20)
[2026-04-19 19:51:35.12] [Worker 0] Test echidna_shares_decrease_on_withdraw falsified!
  Call sequence:
MVE_O7_Vuln.withdrawAll() from: 0x0000000000000000000000000000000000010000
MVE_O7_Vuln.deposit() from: 0x0000000000000000000000000000000000010000 Time delay: 519425 seconds Block delay: 23275
MVE_O7_Vuln.bonus(0x1fffffffe) from: 0x0000000000000000000000000000000000010000 Time delay: 239371 seconds Block delay: 7323
MVE_O7_Vuln.principal(0xffffffff) from: 0x0000000000000000000000000000000000010000 Time delay: 198598 seconds Block delay: 12338
OWASP_07_VulnFuzz.atomicFlashAttack() from: 0x0000000000000000000000000000000000020000 Time delay: 19029 seconds Block delay: 42229
OWASP_07_VulnFuzz.atomicFlashAttack() from: 0x0000000000000000000000000000000000010000 Time delay: 82671 seconds Block delay: 18429
MVE_O7_Vuln.principal(0xa329c0648769a73afac7f9381e08fb43dbea72) from: 0x0000000000000000000000000000000000030000 Time delay: 540356 seconds Block delay: 46155
MVE_O7_Vuln.claim(0x2fffffffd,304,"\199") from: 0x0000000000000000000000000000000000010000 Time delay: 322314 seconds Block delay: 1123
MVE_O7_Vuln.trustedSigner() from: 0x0000000000000000000000000000000000020000 Time delay: 111322 seconds Block delay: 1984
MVE_O7_Vuln.usedSigs("\217\ACK\179\tG\171\ACK\246\180\128\128\242\CAN\140\170R\SUBH\141\151\141\239\236\198\SUB\205\167\SYN\140\NAK\163\178") from: 0x0000000000000000000000000000000000030000 Time delay: 73040 seconds Block delay: 59552
MVE_O7_Vuln.usedSigs("+\171\NAK\136B5\185%*] \171\173I\135\SO\128\165D\229\176Hf\241_y&\146\151\130\128\217") from: 0x0000000000000000000000000000000000030000 Time delay: 172101 seconds Block delay: 4958
MVE_O7_Vuln.claim(0x0,79095516054283343792781400451899154809325492776888149809464187761089631470894,"Arwa\NUL\NUL\NUL\NUL\NUL\NUL\NUL\NUL\NUL\NUL\NUL\NUL\NUL\NUL\NUL\NUL\NUL\NUL\NUL\NUL\NUL\NUL\NUL\NUL\NUL\NUL\NUL\NUL\255\255\255\255\255\255\255\255\255\255\255\255\255\255\255\255\255\255\255\255\255\255\255\255\255\255\255\255\255\255\255\255\255\255\255\225\NUL\NUL\NUL\NUL\NUL\NUL\NUL\NUL\NUL\NUL\NUL\NUL\NUL\NUL\NUL\NUL\NUL\NUL\NUL\NUL\NUL\NUL\NUL\NUL\NUL\NUL\NUL\NUL\NUL\NUL\NUL`\NUL\NUL\NUL\NUL\NUL\NUL\NUL\NUL\NUL\NUL\NUL\NUL\NUL\NUL\NUL\NUL\NUL\NUL\NUL\NUL\NUL\NUL\NUL\NUL\NUL\NUL\NUL\NUL\NUL\NUL\NUL\164\143\v\193R\NUL\NUL\NUL\NUL\NUL\NUL\NUL\NUL\NUL\NUL\NUL\NUL\NUL\NUL\NUL\NUL\NUL\NUL\NUL\NUL\NUL\NUL\NUL\NUL\NUL\NUL\NUL\255\255\255\255\233\195\&1\253\250_<\146\250\135\175\221\196\155\247\178\245A'\236\129\243\189\252Kp\232\187\DC3Q|\247\NUL\NUL\NUL\NUL\NUL\NUL\NUL\NUL\NUL\NUL\NUL\NUL\NUL\NUL\NUL\NUL\NUL\NUL\NUL\NUL\NUL\NUL\NUL\NUL\NUL\NUL\NUL\NUL\NUL\NUL\NUL`\NUL\NUL\NUL\NUL\NUL\NUL\NUL\NUL\NUL\NUL\NUL\NUL\NUL\NUL\NUL\NUL\NUL\NUL\NUL\NUL\NUL\NUL\NUL\NUL\NUL\NUL\NUL\NUL\NUL\NUL\NUL\DC3N[]\131\222Q,;\178\184\193Q\195\248\232\ETB\185:\222\NUL\NUL\NUL\NUL\NUL\NUL\NUL\NUL\NUL\NUL\NUL\NUL\NUL\NUL\NUL\NUL\NUL\NUL\NUL\NUL\NUL\NUL\NUL\NUL\NUL\NUL\NUL\NUL\NUL\NUL\NUL\NUL\NUL\NUL\NUL\NUL\NUL\NUL\NUL\NUL\NUL") from: 0x0000000000000000000000000000000000030000 Time delay: 45142 seconds Block delay: 25084
MVE_O7_Vuln.balanceOf(0x1fffffffe) from: 0x0000000000000000000000000000000000010000 Time delay: 360624 seconds Block delay: 5237
OWASP_07_VulnFuzz.tryClaim(0x2fffffffd,115792089237316195423570985008687907853269984665640564029457584007913129639935,"\156\197\249\&5\145") from: 0x0000000000000000000000000000000000030000 Time delay: 322373 seconds Block delay: 41281
MVE_O7_Vuln.trustedSigner() from: 0x0000000000000000000000000000000000030000 Time delay: 332369 seconds Block delay: 41282
MVE_O7_Vuln.trustedSigner() from: 0x0000000000000000000000000000000000030000 Time delay: 463588 seconds Block delay: 5054
MVE_O7_Vuln.trustedSigner() from: 0x0000000000000000000000000000000000030000 Time delay: 305572 seconds Block delay: 60054
OWASP_07_VulnFuzz.tryClaim(0x0,4370001,"invald recipient") from: 0x0000000000000000000000000000000000030000 Time delay: 116188 seconds Block delay: 68
OWASP_07_VulnFuzz.tryClaim(0x1,10000000000000000000003,"invalid signature length") from: 0x0000000000000000000000000000000000010000 Time delay: 481322 seconds Block delay: 4961
MVE_O7_Vuln.usedSigs("invalid signature genlth\NUL\NUL\NUL\NUL\NUL\NUL\NUL\NUL") from: 0x0000000000000000000000000000000000010000 Time delay: 2 seconds Block delay: 31232
OWASP_07_VulnFuzz.tryClaim(0x1fffffffe,100945347165499364348668329800556463296171849104461465940803038130767884162798,"bad signature") from: 0x0000000000000000000000000000000000020000 Time delay: 181343 seconds Block delay: 23722
MVE_O7_Vuln.usedSigs("already used\NUL\NUL\NUL\NUL\NUL\NUL\NUL\NUL\NUL\NUL\NUL\NUL\NUL\NUL\NUL\NUL\NUL\NUL\NUL(") from: 0x0000000000000000000000000000000000010000 Time delay: 322340 seconds Block delay: 35200
MVE_O7_Vuln.trustedSigner() from: 0x0000000000000000000000000000000000010000 Time delay: 449570 seconds Block delay: 15005
OWASP_07_VulnFuzz.tryClaim(0x1,7018126533449273269205339563856960657779049939692858897109488844450174031528,"\143\v\193R\NUL\NUL\NUL\NUL\NUL\NUL\NUL\NUL\NUL\NUL\NUL\NUL\NUL\NUL\NUL\NUL\NUL\NUL\NUL\NUL\NUL\NUL\NUL\NUL\NUL\NUL\NUL\255\255\255\255\NUL\NUL\NUL\NUL\NUL\NUL\NUL\NUL\NUL\NUL\NUL\NUL\NUL\NUL\NUL\NUL\NUL\NUL\NUL\NUL\NUL\NUL\NUL\NUL\NUL\NUL\NUL\NUL\NUL\NUL\NUL\US\NUL\NUL\NUL\NUL\NUL\NUL\NUL\NUL\NUL\NUL\NUL\NUL\NUL\NUL\NUL\NUL\NUL\NUL\NUL\NUL\NUL\NUL\NUL\NUL\NUL\NUL\NUL\NUL\NUL\NUL\NUL`\NUL\NUL\NUL\NUL\NUL\NUL\NUL\NUL\NUL\NUL\NUL\NUL\NUL\NUL\NUL\NUL\NUL\NUL\NUL\NUL\NUL\NUL\NUL\NUL\NUL\NUL\NUL\NUL\NUL\NUL\NUL\CANinvalid signature length\NUL\NUL\NUL\NUL\NUL\NUL\NUL\NUL") from: 0x0000000000000000000000000000000000020000 Time delay: 477606 seconds Block delay: 4991
MVE_O7_Vuln.claim(0x1fffffffe,115792089237316195423570985008687907853269984665640564039457584007913129639932,"Arwa\NUL\NUL\NUL\NUL\NUL\NUL\NUL\NUL\NUL\NUL\NUL\NUL\NUL\NUL\NUL\NUL\NUL\NUL\NUL\NUL\NUL\NUL\NUL\NUL\NUL\NUL\NUL\NUL\255\255\255\255\STX\138j\v\194\201`\134z\143\241\RS)w\207\133\\E\182\SO\b|u]\169\215\191S6xc\SOH\NUL\NUL\NUL\NUL\NUL\NUL\NUL\NUL\NUL\NUL\NUL\NUL\NUL\NUL\NUL\NUL\NUL\NUL\NUL\NUL\NUL\NUL\NUL\NUL\NUL\NUL\NUL\NUL\NUL\NUL\NUL`\NUL\NUL\NUL\NUL\NUL\NUL\NUL\NUL\NUL\NUL\NUL\NUL\NUL\NUL\NUL\NUL\NUL\NUL\NUL\NUL\NUL\NUL\NUL\NUL\NUL\NUL\NUL\NUL\NUL\NUL\NUL\164\143\v\193R\NUL\NUL\NUL\NUL\NUL\NUL\NUL\NUL\NUL\NUL\NUL\NUL\NUL\NUL\NUL\NUL\NUL\NUL\NUL\NUL\NUL\NUL\NUL\NUL\NUL\NUL\NUL\STX\255\255\255\253\NUL\NUL\NUL\NUL\NUL\NUL\NUL\NUL\NUL\NUL\NUL\NUL\NUL\NUL\NUL\NUL\NUL\NUL\NUL\NUL\NUL\NUL\NUL\NUL\NUL\NUL\NUL\NUL\NUL\NUL\NULa\NUL\NUL\NUL\NUL\NUL\NUL\NUL\NUL\NUL\NUL\NUL\NUL\NUL\NUL\NUL\NUL\NUL\NUL\NUL\NUL\NUL\NUL\NUL\NUL\NUL\NUL\NUL\NUL\NUL\NUL\NUL`\NUL\NUL\NUL\NUL\NUL\NUL\NUL\NUL\NUL\NUL\NUL\NUL\NUL\NUL\NUL\NUL\NUL\NUL\NUL\NUL\NUL\NUL\NUL\NUL\NUL\NUL\NUL\NUL\NUL\NUL\NUL\EMW\SYN]\152l\169\\\151\142\224\233\SYNQ\US\144dl{\NULyt\DEL\189\140\214\NUL\NUL\NUL\NUL\NUL\NUL\NUL\NUL\NUL\NUL\NUL\NUL\NUL\NUL\NUL\NUL\NUL\NUL\NUL\NUL\NUL\NUL\NUL\NULs\NUL\NUL\NUL\NUL\NUL\NUL\NUL\NUL\NUL\NUL") from: 0x0000000000000000000000000000000000010000 Time delay: 512439 seconds Block delay: 57576
MVE_O7_Vuln.trustedSigner() from: 0x0000000000000000000000000000000000010000 Time delay: 50470 seconds Block delay: 54847
MVE_O7_Vuln.usedSigs("\132\192\216X\198\203\DC4\GSKc\137=\218\US\249U!\182\161\212\158=\137\136\135c#\EMO\231\140\DC1") from: 0x0000000000000000000000000000000000010000 Time delay: 477607 seconds Block delay: 23885
OWASP_07_VulnFuzz.tryClaim(0x10000,98840841946554001768322205137535488697072873514003618965330205516676948278823,"aleady used") from: 0x0000000000000000000000000000000000030000 Time delay: 4177 seconds Block delay: 34272
MVE_O7_Vuln.trustedSigner() from: 0x0000000000000000000000000000000000030000 Time delay: 588255 seconds Block delay: 59983
MVE_O7_Vuln.usedSigs("vk\172DY\195\DEL\nW\250\182{\221\DC3;&\165\DC2\152\155?UK\192\181\136\240\SUB\US\NAK\135\164") from: 0x0000000000000000000000000000000000020000 Time delay: 230584 seconds Block delay: 11349
OWASP_07_VulnFuzz.tryClaim(0x2fffffffd,34021751781779241787018069372206058215924786293700587567061113253456794669104,"\143\v\193R\NUL\NUL\NUL\NUL\NUL\NUL\NUL\NUL\NUL\NUL\NUL\NUL\NUL\NUL\NUL\NUL\NUL\NUL\NUL\NUL\NUL\NUL\NUL\NUL\NUL\NUL\NUL\NUL\255\255\255\255\NUL\NUL\NUL\NUL\NUL\NUL\NUL\NUL\NUL\NUL\NUL\NUL\NUL\NUL\NUL\212\CAN\GS\195h\NULG\166O\158\135\DC3X>L\188\205\NUL\NUL\NUL\NUL\NUL\NUL\NUL\NUL\NUL\NUL\NUL\NUL\NUL\NUL\NUL\NUL\NUL\NUL\NUL\NUL\NUL\NUL\NUL\NUL\NUL\NUL\NUL\NUL\NUL\NUL\NUL`\NUL\NUL\NUL\NUL\NUL\NUL\NUL\NUL\NUL\NUL\NUL\NUL\NUL\NUL\NUL\NUL\NUL\NUL\NUL\NUL\NUL\NUL\NUL\NUL\NUL\NUL\NUL\NUL\NUL\NUL\NUL\falready used\NUL\NUL\NUL\NUL\NUL\NUL\NUL\NUL\NUL\NUL\NUL\NUL\NUL\NUL\NUL\NUL\NUL\NUL\NUL\NUL") from: 0x0000000000000000000000000000000000010000 Time delay: 45142 seconds Block delay: 32737
MVE_O7_Vuln.trustedSigner() from: 0x0000000000000000000000000000000000010000 Time delay: 508422 seconds Block delay: 4956
OWASP_07_VulnFuzz.tryClaim(0x1fffffffe,115792089237316195423570985008687907853269984665640564039457584007913129639903,"\143\v\193R\NUL\NUL\NUL\NUL\NUL\NUL\NUL\NUL\NUL\NUL\NUL\NUL\NUL\NUL\NUL\NUL\NUL\NUL\NUL\NUL\NUL\NUL\NUL\NUL\NUL\NUL\NUL\STX\255\255\255\253\255\255\255\255\255\255\255\255\255\255\255\255\255\255\255\255\255\255\255\255\255\255\253\225\230\US6EM\192\NUL\NUL\NUL\NUL\NUL\NUL\NUL\NUL\NUL\NUL\NUL\NUL\NUL\NUL\NUL\NUL\NUL\NUL\NUL\NUL\NUL\NUL\NUL\NUL\NUL\NUL\NUL\NUL\NUL\NUL\NUL\NUL\NUL`\NUL\NUL\NUL\NUL\NUL\NUL\NUL\NUL\NUL\NUL\NUL\NUL\NUL\NUL\NUL\NUL\NUL\NUL\NUL\NUL\NUL\NUL\NUL\NUL\NUL\NUL\NUL\NUL\NUL\NUL\NUL\164\143\v\193R\NUL\NUL\NUL\NUL\NUL\NUL\NUL\NUL\NUL\NUL\NUL\NUL\NUL\NUL\NUL\NUL\NUL\NUL\NUL\NUL\NUL\NUL\NUL\NUL\NUL\NUL\NUL\STX\255\255\255\253\NUL\NUL\NUL\NUL\NUL\NUL\NUL\NUL\NUL\NUL\NUL\NUL\NUL\NUL\NUL\NUL\NUL\NUL\NUL\NUL\NUL\NUL\NUL\NUL\NUL\NUL\NUL\NULZ\226cG\NUL\NUL\NUL\NUL\NUL\NUL\NUL\NUL\NUL\NUL\NUL\NUL\NUL\NUL\NUL\NUL\NUL\NUL\NUL\NUL\NUL\NUL\NUL\NUL\NUL\NUL\NUL\NUL\NUL\NUL\NUL`\NUL\NUL\NUL\NUL\NUL\NUL\NUL\NUL\NUL\NUL\NUL\NUL\NUL\NUL\NUL\NUL\NUL\NUL\NUL\NUL\NUL\NUL\NUL\NUL\NUL\NUL\NUL\NUL\NUL\NUL\NUL\EOT\v\225\165\139\NUL\NUL\NUL\NUL\NUL\NUL\NUL\NUL\NUL\NUL\NUL\NUL\NUL\NUL\NUL\NUL\NUL\NUL\NUL\NUL\NUL\NUL\NUL\NUL\NUL\NUL\NUL\NUL\NUL\NUL\NUL\NUL\NUL\NUL\NUL\NUL\NUL\NUL\NUL\NUL\NUL\NUL\NUL\NUL\NUL\NUL\NUL\NUL\NUL\NUL\NUL\NUL\NUL\NUL\NUL\NUL") from: 0x0000000000000000000000000000000000020000 Time delay: 271957 seconds Block delay: 12053
OWASP_07_VulnFuzz.tryClaim(0x2fffffffd,44679588357977067487050630298030192100406557032574071183259715656635970312284,"\143\v\193R\NUL\NUL\NUL\NUL\NUL\NUL\NUL\NUL\NUL\NUL\NUL\NUL\NUL\NUL\NUL\NUL\NUL\NUL\NUL\NUL\NUL\NUL\NUL\NUL\NUL\NUL\NUL\NUL\NUL\STX\NUL\NUL\NUL\NUL\NUL\NUL\NUL\NUL\NUL\NUL\NUL\NUL\NUL\NUL\NUL\NUL\NUL\NUL\NUL\NUL\NUL\NUL\NUL\NUL\NUL\NUL\NUL\NUL\NUL\NUL\NUL\NUL\NUL#\NUL\NUL\NUL\NUL\NUL\NUL\NUL\NUL\NUL\NUL\NUL\NUL\NUL\NUL\NUL\NUL\NUL\NUL\NUL\NUL\NUL\NUL\NUL\NUL\NUL\NUL\NUL\NUL\NUL\NUL\NUL`\NUL\NUL\NUL\NUL\NUL\NUL\NUL\NUL\NUL\NUL\NUL\NUL\NUL\NUL\NUL\NUL\NUL\NUL\NUL\NUL\NUL\NUL\NUL\NUL\NUL\NUL\NUL\NUL\NUL\NUL\NUL\164\143\v\193R\NUL\NUL\NUL\NUL\NUL\NUL\NUL\NUL\NUL\NUL\NUL\NUL\NUL\NUL\NUL\NUL\NUL\NUL\NUL\NUL\NUL\NUL\NUL\NUL\NUL\NUL\NUL\STX\255\255\255\253=\129HTp\182,\182\&0\251\185\SUB9\232\\\163\159{\SYN\NAK\192\158]!\fBA\218}){\DLE\NUL\NUL\NUL\NUL\NUL\NUL\NUL\NUL\NUL\NUL\NUL\NUL\NUL\NUL\NUL\NUL\NUL\NUL\NUL\NUL\NUL\NUL\NUL\NUL\NUL\NUL\NUL\NUL\NUL\NUL\NUL`\NUL\NUL\NUL\NUL\NUL\NUL\NUL\NUL\NUL\NUL\NUL\NUL\NUL\NUL\NUL\NUL\NUL\NUL\NUL\NUL\NUL\NUL\NUL\NUL\NUL\NUL\NUL\NUL\NUL\NUL\NUL\v^\DC2R\ESC\131\149uH2\132\165\NUL\NUL\NUL\NUL\NUL\NUL\NUL\NUL\NUL\NUL\NUL\NUL\NUL\NUL\NUL\NUL\NUL\NUL\NUL\NUL\NUL\NUL\NUL\NUL\NUL\NUL\NUL\NUL\NUL\NUL\NUL\NUL\NUL\NUL\NUL\NUL\NUL\NUL\NUL\NUL\NUL\NUL\NUL\NUL\NUL\NUL\NUL\NUL\NUL") from: 0x0000000000000000000000000000000000020000 Time delay: 289607 seconds Block delay: 54285
OWASP_07_VulnFuzz.tryClaim(0x1fffffffe,4370000,"\EM\bQ") from: 0x0000000000000000000000000000000000010000 Time delay: 136392 seconds Block delay: 35
OWASP_07_VulnFuzz.tryClaim(0xffffffff,115792089237316195423570985008687907853269984665640564029457584007913129639938,"\143\v\193R\NUL\NUL\NUL\NUL\NUL\NUL\NUL\NUL\NUL\NUL\NUL\NUL\NUL\NUL\NUL\NUL\NUL\NUL\NUL\NUL\NUL\NUL\NUL\NUL\NUL\NUL\NUL\NUL\NUL\NUL\NUL\NUL\255\255\255\255\255\255\255\255\255\255\255\255\255\255\255\255\255\255\255\255\255\255\255\255\255\255\255\255\255\255\255\189\NUL\NUL\NUL\NUL\NUL\NUL\NUL\NUL\NUL\NUL\NUL\NUL\NUL\NUL\NUL\NUL\NUL\NUL\NUL\NUL\NUL\NUL\NUL\NUL\NUL\NUL\NUL\NUL\NUL\NUL\NUL`\NUL\NUL\NUL\NUL\NUL\NUL\NUL\NUL\NUL\NUL\NUL\NUL\NUL\NUL\NUL\NUL\NUL\NUL\NUL\NUL\NUL\NUL\NUL\NUL\NUL\NUL\NUL\NUL\NUL\NUL\NUL\falready used\NUL\NUL\NUL\NUL\NUL\NUL\NUL\NUL\NUL\NUL\NUL\NUL\NUL\NUL\NUL\NUL\NUL\NUL\NUL\NUL") from: 0x0000000000000000000000000000000000030000 Time delay: 449571 seconds Block delay: 46422
MVE_O7_Vuln.balanceOf(0xffffffff) from: 0x0000000000000000000000000000000000020000 Time delay: 322314 seconds Block delay: 32
MVE_O7_Vuln.claim(0xffffffff,68,"Arwa\NUL\NUL\NUL\NUL\NUL\NUL\NUL\NUL\NUL\NUL\NUL\NUL\NUL\NUL\NUL\NUL\NUL\NUL\NUL\NUL\NUL\NUL\NUL\NUL\NUL\NUL\NUL\STX\255\255\255\253\142\147\240w\220@[\128e\166\231\209\245:\131g`\DC2j\235F^\135\194\143\193\198\DC2#\160\227\134\NUL\NUL\NUL\NUL\NUL\NUL\NUL\NUL\NUL\NUL\NUL\NUL\NUL\NUL\NUL\NUL\NUL\NUL\NUL\NUL\NUL\NUL\NUL\NUL\NUL\NUL\NUL\NUL\NUL\NUL\NUL`\NUL\NUL\NUL\NUL\NUL\NUL\NUL\NUL\NUL\NUL\NUL\NUL\NUL\NUL\NUL\NUL\NUL\NUL\NUL\NUL\NUL\NUL\NUL\NUL\NUL\NUL\NUL\NUL\NUL\NUL\NUL\DC1invalid recipient\NUL\NUL\NUL\NUL\NUL\NUL\NUL\NUL\NUL\NUL\NUL\NUL\NUL\NUL\NUL") from: 0x0000000000000000000000000000000000010000 Time delay: 390247 seconds Block delay: 5021
OWASP_07_VulnFuzz.tryClaim(0x1fffffffe,65036370789550921256265833981091364190167633895886550306767989607668615313016,"\143\v\193R\NUL\NUL\NUL\NUL\NUL\NUL\NUL\NUL\NUL\NUL\NUL\NUL\NUL\NUL\NUL\NUL\NUL\NUL\NUL\NUL\NUL\NUL\NUL\NUL\NUL\NUL\NUL\STX\255\255\255\253B\220\238/<5\EOT\239D\131\222\f\246-\128p6\199\164\239\209\ENQ\135qNa_\DC3\SO\182\220H\NUL\NUL\NUL\NUL\NUL\NUL\NUL\NUL\NUL\NUL\NUL\NUL\NUL\NUL\NUL\NUL\NUL\NUL\NUL\NUL\NUL\NUL\NUL\NUL\NUL\NUL\NUL\NUL\NUL\NUL\NUL`\NUL\NUL\NUL\NUL\NUL\NUL\NUL\NUL\NUL\NUL\NUL\NUL\NUL\NUL\NUL\NUL\NUL\NUL\NUL\NUL\NUL\NUL\NUL\NUL\NUL\NUL\NUL\NUL\NUL\NUL\NUL\164Arwa\NUL\NUL\NUL\NUL\NUL\NUL\NUL\NUL\NUL\NUL\NUL\NUL\NUL\NUL\NUL\NUL\NUL\NUL\NUL\NUL\NUL\NUL\NUL\NUL\NUL\NUL\NUL\NUL\NUL\STX\NUL\NUL\255\255\255\255\255\255\255\255\255\255\255\255\255\255\255\255\255\255\255\255\255\255\255\255\255\255\255\255\255\255\255\252\NUL\NUL\NUL\NUL\NUL\NUL\NUL\NUL\NUL\NUL\NUL\NUL\NUL\NUL\NUL\NUL\NUL\NUL\NUL\NUL\NUL\NUL\NUL\NUL\NUL\NUL\NUL\NUL\NUL\NUL\NUL`\NUL\NUL\NUL\NUL\NUL\NUL\NUL\NUL\NUL\NUL\NUL\NUL\NUL\NUL\NUL\NUL\NUL\NUL\NUL\NUL\NUL\NUL\NUL\NUL\NUL\NUL\NUL\NUL\NUL\NUL\NUL\SYNYm\134\&7<q\213[\128^\158E\243j\193T\210\210\174;\158\243\NUL\NUL\NUL\NUL\NUL\NUL\NUL\NUL\NUL\NUL\NUL\NUL\NUL\NUL\NUL\NUL\NUL\NUL\NUL\NUL\NUL\NUL\NUL\NUL\NUL\NUL\NUL\NUL\NUL\NUL\NUL\NUL\NUL\NUL\NUL\NUL\NUL\NUL") from: 0x0000000000000000000000000000000000010000 Time delay: 414736 seconds Block delay: 24226
OWASP_07_VulnFuzz.tryClaim(0xffffffff,17417508566437723174309603981271260931801434656929096229118915338780171212025,"\143\v\193R\NUL\NUL\NUL\NUL\NUL\NUL\NUL\NUL\NUL\NUL\NUL\NUL\NUL\NUL\NUL\NUL\NUL\NUL\NUL\NUL\NUL\NUL\NUL\NUL\NUL\NUL\NUL\STX\255\255\255\253\255\255\255\255\255\255\255\255\255\255\255\255\255\255\255\255\255\255\255\255\255\255\255\255\255\255\255\255\255\255\255\224\NUL\NUL\NUL\NUL\NUL\NUL\NUL\NUL\NUL\NUL\NUL\NUL\NUL\NUL\NUL\NUL\NUL\NUL\NUL\NUL\NUL\NUL\NUL\NUL\NUL\NUL\NUL\NUL\NUL\NUL\NUL`\NUL\NUL\NUL\NUL\NUL\NUL\NUL\NUL\NUL\NUL\NUL\NUL\NUL\NUL\NUL\NUL\NUL\NUL\NUL\NUL\NUL\NUL\NUL\NUL\NUL\NUL\NUL\NUL\NUL\NUL\NUL\164Arwa\NUL\NUL\NUL\NUL\NUL\NUL\NUL\NUL\NUL\NUL\NUL\NUL\NUL\NUL\NUL\NUL\NUL\NUL\NUL\NUL\NUL\NUL\NUL\NUL\NUL\NUL\NUL\SOH\255\255\255\254\NUL\NUL\NUL\NUL\NUL\NUL\NUL\NUL\NUL\NUL\NUL\NUL\NUL\NUL\NUL\NUL\NUL\NUL\NUL\NUL\NUL\NUL\NUL\NUL\NUL\NUL\NUL\NUL\NUL\NUL\SOH\b\NUL\NUL\NUL\NUL\NUL\NUL\NUL\NUL\NUL\NUL\NUL\NUL\NUL\NUL\NUL\NUL\NUL\NUL\NUL\NUL\NUL\NUL\NUL\NUL\NUL\NUL\NUL\NUL\NUL\NUL\NUL`\NUL\NUL\NUL\NUL\NUL\NUL\NUL\NUL\NUL\NUL\NUL\NUL\NUL\NUL\NUL\NUL\NUL\NUL\NUL\NUL\NUL\NUL\NUL\NUL\NUL\NUL\NUL\NUL\NUL\NUL\NUL\rbad signature\NUL\NUL\NUL\NUL\NUL\NUL\NUL\NUL\NUL\NUL\NUL\NUL\NUL\NUL\NUL\NUL\NUL\NUL\NUL\NUL\NUL\NUL\NUL\NUL\NUL\NUL\NUL\NUL\NUL\NUL\NUL\NUL\NUL\NUL\NUL\NUL\NUL\NUL\NUL\NUL\NUL\NUL\NUL\NUL\NUL\NUL\NUL") from: 0x0000000000000000000000000000000000010000 Time delay: 4 seconds Block delay: 42229
OWASP_07_VulnFuzz.tryClaim(0xb4c79dab8f259c7aee6e5b2aa729821864227e84,15358041603656703152619548088282622751550403316332344570710066977100025608758,"\143\v\193R\NUL\NUL\NUL\NUL\NUL\NUL\NUL\NUL\NUL\NUL\NUL\NUL\180\199\157\171\143%\156z\238n[*\167)\130\CANd\"~\132\NUL\NUL\NUL\NUL\NUL\NUL\NUL\NUL\NUL\NUL\NUL\NUL\NUL\NUL\NUL\NUL\NUL\NUL\NUL\NUL\NUL\NUL\NUL\NUL\NUL\NUL\NUL\NULZ\226cI\NUL\NUL\NUL\NUL\NUL\NUL\NUL\NUL\NUL\NUL\NUL\NUL\NUL\NUL\NUL\NUL\NUL\NUL\NUL\NUL\NUL\NUL\NUL\NUL\NUL\NUL\NUL\NUL\NUL\NUL\NUL`\NUL\NUL\NUL\NUL\NUL\NUL\NUL\NUL\NUL\NUL\NUL\NUL\NUL\NUL\NUL\NUL\NUL\NUL\NUL\NUL\NUL\NUL\NUL\NUL\NUL\NUL\NUL\NUL\NUL\NUL\NUL\164Arwa\NUL\NUL\NUL\NUL\NUL\NUL\NUL\NUL\NUL\NUL\NUL\NUL\NUL\NUL\NUL\NUL\NUL\NUL\NUL\NUL\NUL\NUL\NUL\NUL\NUL\NUL\NUL\NUL\255\255\255\255`\242\195\235(\160_c\ETX\235\160\&7\214\193\232\CAN\244)\248\191kw1`\212\235\129\183\238\r\191\"\NUL\NUL\NUL\NUL\NUL\NUL\NUL\NUL\NUL\NUL\NUL\NUL\NUL\NUL\NUL\NUL\NUL\NUL\NUL\NUL\NUL\NUL\NUL\NUL\NUL\NUL\NUL\NUL\NUL\NUL\NUL`\NUL\NUL\NUL\NUL\NUL\NUL\NUL\NUL\NUL\NUL\NUL\NUL\NUL\NUL\NUL\NUL\NUL\NUL\NUL\NUL\NUL\NUL\NUL\NUL\NUL\NUL\NUL\NUL\NUL\NUL\NUL\DC1invalid recipient\NUL\NUL\NUL\NUL\NUL\NUL\NUL\NUL\NUL\NUL\NUL\NUL\NUL\NUL\NUL\NUL\NUL\NUL\NUL\NUL\NUL\NUL\NUL\NUL\NUL\NUL\NUL\NUL\NUL\NUL\NUL\NUL\NUL\NUL\NUL\NUL\NUL\NUL\NUL\NUL\NUL\NUL\NUL") from: 0x0000000000000000000000000000000000020000 Time delay: 339565 seconds Block delay: 38262
OWASP_07_VulnFuzz.tryClaim(0x1fffffffe,2690284693755950817393284317973612262788002368014101377803094310438387403054,"\143\v\193R\NUL\NUL\NUL\NUL\NUL\NUL\NUL\NUL\NUL\NUL\NUL\NUL\NUL\NUL\NUL\NUL\NUL\NUL\NUL\NUL\NUL\NUL\NUL\NUL\NUL\NUL\NUL\NUL\NUL\NUL\NUL\SOH\NUL\NUL\NUL\NUL\NUL\NUL\NUL\NUL\NUL\NUL\NUL\NUL\NUL\NUL\NUL\NUL\NUL\NUL\NUL\NUL\NUL\NUL\STX\RS\EM\224\201\186\178@\NUL\SOH\NUL\NUL\NUL\NUL\NUL\NUL\NUL\NUL\NUL\NUL\NUL\NUL\NUL\NUL\NUL\NUL\NUL\NUL\NUL\NUL\NUL\NUL\NUL\NUL\NUL\NUL\NUL\NUL\NUL\NUL\NUL`\NUL\NUL\NUL\NUL\NUL\NUL\NUL\NUL\NUL\NUL\NUL\NUL\NUL\NUL\NUL\NUL\NUL\NUL\NUL\NUL\NUL\NUL\NUL\NUL\NUL\NUL\NUL\NUL\NUL\NUL\NUL\164\143\v\193R\NUL\NUL\NUL\NUL\NUL\NUL\NUL\NUL\NUL\NUL\NUL\NUL\NUL\163)\192d\135i\167:\250\199\249\&8\RS\b\251C\219\234r\255\255\255\255\255\255\255\255\255\255\255\255\255\255\255\255\255\255\255\255\255\255\255\255\255\255\255\255\255\255\255\221\NUL\NUL\NUL\NUL\NUL\NUL\NUL\NUL\NUL\NUL\NUL\NUL\NUL\NUL\NUL\NUL\NUL\NUL\NUL\NUL\NUL\NUL\NUL\NUL\NUL\NUL\NUL\NUL\NUL\NUL\NUL`\NUL\NUL\NUL\NUL\NUL\NUL\NUL\NUL\NUL\NUL\NUL\NUL\NUL\NUL\NUL\NUL\NUL\NUL\NUL\NUL\NUL\NUL\NUL\NUL\NUL\NUL\NUL\NUL\NUL\NUL\NUL\ETB!\133E\234\183\193R\167\SYN'P\250\FSs2\131\206\152R\r#\193\DC4\NUL\NUL\NUL\NUL\NUL\NUL\NUL\NUL\NUL\NUL\NUL\NUL\NUL\NUL\NUL\NUL\NUL\NUL\NUL\NUL\NUL\NUL\NUL\NUL\NUL\NUL\NUL\NUL\NUL\NUL\NUL\NUL\NUL\NUL\NUL\NUL\NUL") from: 0x0000000000000000000000000000000000030000 Time delay: 29 seconds Block delay: 4896
OWASP_07_VulnFuzz.tryClaim(0x20000,51488583710088801396464371637839387781510616188459120955223667321284541353273,"\143\v\193R\NUL\NUL\NUL\NUL\NUL\NUL\NUL\NUL\NUL\NUL\NUL\NUL\NUL\NUL\NUL\NUL\NUL\NUL\NUL\NUL\NUL\NUL\NUL\NUL\NUL\NUL\NUL\SOH\255\255\255\254\DC4vc?\233\210\&5\166\175\ni\221\SUBM\162\GS/\ESC)\RSr\238\NUL\144X\165\\\\\136y\174\137\NUL\NUL\NUL\NUL\NUL\NUL\NUL\NUL\NUL\NUL\NUL\NUL\NUL\NUL\NUL\NUL\NUL\NUL\NUL\NUL\NUL\NUL\NUL\NUL\NUL\NUL\NUL\NUL\NUL\NUL\NUL`\NUL\NUL\NUL\NUL\NUL\NUL\NUL\NUL\NUL\NUL\NUL\NUL\NUL\NUL\NUL\NUL\NUL\NUL\NUL\NUL\NUL\NUL\NUL\NUL\NUL\NUL\NUL\NUL\NUL\NUL\NUL\falready used\NUL\NUL\NUL\NUL\NUL\NUL\NUL\NUL\NUL\NUL\NUL\NUL\NUL\NUL\NUL\NUL\NUL\NUL\NUL\NUL") from: 0x0000000000000000000000000000000000010000 Time delay: 477606 seconds Block delay: 1123
MVE_O7_Vuln.trustedSigner() from: 0x0000000000000000000000000000000000030000 Time delay: 65 seconds Block delay: 4993
MVE_O7_Vuln.trustedSigner() from: 0x0000000000000000000000000000000000010000 Time delay: 332369 seconds Block delay: 24987
MVE_O7_Vuln.usedSigs("\129e38\220\202z\145\157\165I\210\206\129e\133I\DC4\134x\US\204%\229\t^N\149\219A\194\173") from: 0x0000000000000000000000000000000000030000 Time delay: 4 seconds Block delay: 31232
MVE_O7_Vuln.usedSigs("\149\&2X\174\250\190r\ETB/\187H\197\130\&5\140E\169\DC3\196\151bB\254\221\206\159fc\189\&6P\SO") from: 0x0000000000000000000000000000000000020000 Time delay: 82670 seconds Block delay: 15005
OWASP_07_VulnFuzz.tryClaim(0x1fffffffe,29,"signature expired") from: 0x0000000000000000000000000000000000020000 Time delay: 38059 seconds Block delay: 4960
MVE_O7_Vuln.usedSigs("\198Q\238\187\249'\EOT\176\246\CANb\151s\246\vF\202BM<\238\235\195#)\189\190\188\228s\223\247") from: 0x0000000000000000000000000000000000030000 Time delay: 66 seconds Block delay: 4994
MVE_O7_Vuln.usedSigs("signature expired\NUL\NUL\NUL\NUL\NUL\NUL\NUL\NUL\NUL\NUL\NUL\NUL\NUL\NUL\NUL") from: 0x0000000000000000000000000000000000010000 Time delay: 275394 seconds Block delay: 40761
OWASP_07_VulnFuzz.tryClaim(0xffffffff,103667302009286402270019628641991727923465303393033356620321092581010493035059,"\143\v\193R\NUL\NUL\NUL\NUL\NUL\NUL\NUL\NUL\NUL\NUL\NUL\NUL\NUL\NUL\NUL\NUL\NUL\NUL\NUL\NUL\NUL\NUL\NUL\NUL\NUL\NUL\NUL\SOH\255\255\255\254\NUL\NUL\NUL\NUL\NUL\NUL\NUL\NUL\NUL\NUL\NUL\NUL\NUL\NUL\NUL\NUL\NUL\NUL\NUL\NUL\NUL\NUL\NUL\NUL\NUL\NUL\NUL\NUL\NUL\NUL\NUL\GS\NUL\NUL\NUL\NUL\NUL\NUL\NUL\NUL\NUL\NUL\NUL\NUL\NUL\NUL\NUL\NUL\NUL\NUL\NUL\NUL\NUL\NUL\NUL\NUL\NUL\NUL\NUL\NUL\NUL\NUL\NUL`\NUL\NUL\NUL\NUL\NUL\NUL\NUL\NUL\NUL\NUL\NUL\NUL\NUL\NUL\NUL\NUL\NUL\NUL\NUL\NUL\NUL\NUL\NUL\NUL\NUL\NUL\NUL\NUL\NUL\NUL\NUL\164Arwa\NUL\NUL\NUL\NUL\NUL\NUL\NUL\NUL\NUL\NUL\NUL\NUL\NUL\NUL\NUL\NUL\NUL\NUL\NUL\NUL\NUL\NUL\NUL\NUL\NUL\NUL\NUL\SOH\255\255\255\254\130/\\]kv\204G\241\&3\196\207\160\232\207\176\251\183\207\128\CAN\133\154\134\220!d\ENQ\215\185>\254\NUL\NUL\NUL\NUL\NUL\NUL\NUL\NUL\NUL\NUL\NUL\NUL\NUL\NUL\NUL\NUL\NUL\NUL\NUL\NUL\NUL\NUL\NUL\NUL\NUL\NUL\NUL\NUL\NUL\NUL\NUL`\NUL\NUL\NUL\NUL\NUL\NUL\NUL\NUL\NUL\NUL\NUL\NUL\NUL\NUL\NUL\NUL\NUL\NUL\NUL\NUL\NUL\NUL\NUL\NUL\NUL\NUL\NUL\NUL\NUL\NUL\NUL\DC1signature expired\NUL\NUL\NUL\NUL\NUL\NUL\NUL\NUL\NUL\NUL\NUL\NUL\NUL\NUL\NUL\NUL\NUL\NUL\NUL\NUL\NUL\NUL\NUL\NUL\NUL\NUL\NUL\NUL\NUL\NUL\NUL\NUL\NUL\NUL\NUL\NUL\NUL\NUL\NUL\NUL\NUL\NUL\NUL") from: 0x0000000000000000000000000000000000030000 Time delay: 322247 seconds Block delay: 9966
OWASP_07_VulnFuzz.withdraw(59429120782446199087316308790497394744338668598425675676896420271084653568763) from: 0x0000000000000000000000000000000000010000 Time delay: 239372 seconds Block delay: 20585
OWASP_07_VulnFuzz.withdraw(115792089237316195423570985008687907853269984665640564039457584007913129639934) from: 0x0000000000000000000000000000000000020000 Time delay: 592359 seconds Block delay: 5021
MVE_O7_Vuln.withdraw(87629025375087073400381819411253627759463956864781474886584390285223863950520) from: 0x0000000000000000000000000000000000020000 Time delay: 19029 seconds Block delay: 1
OWASP_07_VulnFuzz.withdraw(115792089237316195423570985008687907853269984665640564039447584007913129639939) from: 0x0000000000000000000000000000000000020000 Time delay: 444463 seconds Block delay: 15005
OWASP_07_VulnFuzz.withdraw(0) from: 0x0000000000000000000000000000000000030000 Time delay: 400981 seconds Block delay: 5053
OWASP_07_VulnFuzz.withdraw(72100823614579156208517339514764136183913461902476726459518658515238683107973) from: 0x0000000000000000000000000000000000020000 Time delay: 439556 seconds Block delay: 45819
MVE_O7_Vuln.withdraw(115792089237316195423570985008687907853269984665640564039457584007913129639931) from: 0x0000000000000000000000000000000000020000 Time delay: 33605 seconds Block delay: 22699
OWASP_07_VulnFuzz.withdraw(1524785993) from: 0x0000000000000000000000000000000000020000 Time delay: 478623 seconds Block delay: 30304
MVE_O7_Vuln.withdraw(9999999999999999999) from: 0x0000000000000000000000000000000000010000 Time delay: 277232 seconds Block delay: 22699

[2026-04-19 19:51:35.12] [Worker 1] Sequence replayed from corpus file 4300667799207512545.txt (18/20)
[2026-04-19 19:51:35.12] [Worker 1] WARNING: Sequence replay from corpus file 4722320367017727553.txt failed. The destination contract is not deployed for this transaction: Tx {call = SolCall ("borrow",[0]), src = 0x20000, DST = 0X62D69F6867A0a084c6d313943Dc22023bC263691, gas = 12500000, gasprice = 0x0, value = 0x0, delay = (0x4dd39,0x6b0c)}. Remove the file or the transaction to fix the issue.
[2026-04-19 19:51:35.12] [Worker 2] New coverage: 1586 instr, 2 contracts, 4 seqs in corpus
[2026-04-19 19:51:35.12] [Worker 0] New coverage: 1586 instr, 2 contracts, 5 seqs in corpus
[2026-04-19 19:51:35.12] [Worker 2] Test limit reached. Stopping.
[2026-04-19 19:51:35.12] [Worker 1] Sequence replayed from corpus file 479371498318639832.txt (20/20)
[2026-04-19 19:51:35.12] [Worker 1] Test limit reached. Stopping.
[2026-04-19 19:51:35.13] [Worker 3] New coverage: 1586 instr, 2 contracts, 6 seqs in corpus
[2026-04-19 19:51:35.13] [Worker 3] Test limit reached. Stopping.
[2026-04-19 19:51:35.13]  Saved reproducer to corpus/echidna/reproducers-unshrunk/2104644720394529155.txt
[2026-04-19 19:51:35.14]  Saved reproducer to corpus/echidna/coverage/5507714098716226568.txt
[2026-04-19 19:51:35.15]  Saved reproducer to corpus/echidna/coverage/3719294952061211078.txt
[2026-04-19 19:51:35.17]  Saved reproducer to corpus/echidna/coverage/4263861369944305064.txt
[2026-04-19 19:51:35.76] [Worker 0] Test limit reached. Stopping.
[2026-04-19 19:51:35.76] [status] tests: 1/1, fuzzing: 4797/50000, values: [], cov: 1586, corpus: 6, gas/s: 104961718
echidna_shares_decrease_on_withdraw: failed!💥  
  Call sequence:
    MVE_O7_Vuln.withdraw(1)

Traces: 
call [1mMVE_O7_Vuln[0m::shares(address)([1mOWASP_07_VulnFuzz[0m) [1m(/mnt/c/Users/MSI/Desktop/Uni/Project-CSI/Final-Project-CSI-main/test/OWASP_07_Fuzz.sol:28)[0m
 └╴← (10000000000000000000)


Unique instructions: 1586
Unique codehashes: 2
Corpus size: 6
Seed: 599808529979668309
Total calls: 4797

[2026-04-19 19:51:35.76] Saving test reproducers... Done! (0.007585915s)
[2026-04-19 19:51:35.77] Saving corpus... Done! (0.028296171s)
[2026-04-19 19:51:35.80] Saving foundry reproducers... Done! (0.005954842s)
[2026-04-19 19:51:35.80] Saving coverage... Done! (0.029964206s)
