Warning: unused option: solcVersion
[2026-04-19 19:50:05.14] Compiling `test/OWASP_01_Fuzz.sol`... Done! (0.581227463s)
Analyzing contract: /mnt/c/Users/MSI/Desktop/Uni/Project-CSI/Final-Project-CSI-main/test/OWASP_01_Fuzz.sol:OWASP_01_Vuln2Fuzz
[2026-04-19 19:50:05.74] Running slither on `test/OWASP_01_Fuzz.sol`... Done! (0.253128902s)
Loaded 1 transaction sequences from corpus/echidna/reproducers
Loaded 10 transaction sequences from corpus/echidna/coverage
[2026-04-19 19:50:06.09] [Worker 0] New coverage: 272 instr, 2 contracts, 1 seqs in corpus
[2026-04-19 19:50:06.09] [Worker 0] Sequence replayed from corpus file 1452189698738998941.txt (1/3)
[2026-04-19 19:50:06.10] [Worker 1] New coverage: 480 instr, 2 contracts, 2 seqs in corpus
[2026-04-19 19:50:06.10] [Worker 1] Sequence replayed from corpus file 2211506572492669667.txt (1/3)
[2026-04-19 19:50:06.10] [Worker 2] New coverage: 480 instr, 2 contracts, 3 seqs in corpus
[2026-04-19 19:50:06.10] [Worker 2] Sequence replayed from corpus file 591135091102608615.txt (1/3)
[2026-04-19 19:50:06.10] [Worker 3] New coverage: 480 instr, 2 contracts, 4 seqs in corpus
[2026-04-19 19:50:06.10] [Worker 3] Sequence replayed from corpus file 8501008337639773828.txt (1/2)
[2026-04-19 19:50:06.11] [Worker 0] Sequence replayed from corpus file 1272315269480093113.txt (2/3)
[2026-04-19 19:50:06.11] [Worker 0] Sequence replayed from corpus file 1452189698738998941.txt (3/3)
[2026-04-19 19:50:06.11] [Worker 1] Sequence replayed from corpus file 2631726265439469501.txt (2/3)
[2026-04-19 19:50:06.11] [Worker 2] Sequence replayed from corpus file 6166497993522157865.txt (2/3)
[2026-04-19 19:50:06.11] [Worker 3] Sequence replayed from corpus file 8721571438615730015.txt (2/2)
[2026-04-19 19:50:06.12] [Worker 1] Sequence replayed from corpus file 3641147411829365675.txt (3/3)
[2026-04-19 19:50:06.12] [Worker 0] New coverage: 1085 instr, 2 contracts, 5 seqs in corpus
[2026-04-19 19:50:06.12] [Worker 2] New coverage: 1085 instr, 2 contracts, 6 seqs in corpus
[2026-04-19 19:50:06.12] [Worker 2] Sequence replayed from corpus file 7929481060142103425.txt (3/3)
[2026-04-19 19:50:06.14]  Saved reproducer to corpus/echidna/coverage/2079185573936702883.txt
[2026-04-19 19:50:06.21] [Worker 1] New coverage: 1137 instr, 2 contracts, 7 seqs in corpus
[2026-04-19 19:50:06.24]  Saved reproducer to corpus/echidna/coverage/1525686000149373029.txt
[2026-04-19 19:50:06.32] [Worker 1] New coverage: 1169 instr, 2 contracts, 8 seqs in corpus
[2026-04-19 19:50:06.34]  Saved reproducer to corpus/echidna/coverage/88918879106246972.txt
[2026-04-19 19:50:06.41] [Worker 0] New coverage: 1172 instr, 2 contracts, 9 seqs in corpus
[2026-04-19 19:50:06.42]  Saved reproducer to corpus/echidna/coverage/4218044368707527926.txt
[2026-04-19 19:50:06.55] [Worker 0] New coverage: 1175 instr, 2 contracts, 10 seqs in corpus
[2026-04-19 19:50:06.56]  Saved reproducer to corpus/echidna/coverage/136422028706997084.txt
[2026-04-19 19:50:07.47] [Worker 1] Test limit reached. Stopping.
[2026-04-19 19:50:07.48] [Worker 0] Test limit reached. Stopping.
[2026-04-19 19:50:07.48] [Worker 3] Test limit reached. Stopping.
[2026-04-19 19:50:07.49] [Worker 2] Test limit reached. Stopping.
[2026-04-19 19:50:07.49] [status] tests: 0/1, fuzzing: 50226/50000, values: [], cov: 1175, corpus: 10, gas/s: 1286267261
echidna_no_inflation: passing

Unique instructions: 1175
Unique codehashes: 2
Corpus size: 10
Seed: 1137097429374745244
Total calls: 50226

[2026-04-19 19:50:07.49] Saving test reproducers... Done! (0.000001366s)
[2026-04-19 19:50:07.49] Saving corpus... Done! (0.046205403s)
[2026-04-19 19:50:07.54] Saving foundry reproducers... Done! (0.002704654s)
[2026-04-19 19:50:07.54] Saving coverage... Done! (0.037393453s)
