Warning: unused option: solcVersion
[2026-04-19 19:52:57.51] Compiling `test/OWASP_10_Fuzz.sol`... Done! (0.548680539s)
Analyzing contract: /mnt/c/Users/MSI/Desktop/Uni/Project-CSI/Final-Project-CSI-main/test/OWASP_10_Fuzz.sol:OWASP_10_FixedFuzz
[2026-04-19 19:52:58.07] Running slither on `test/OWASP_10_Fuzz.sol`... Done! (0.236964415s)
Loaded 11 transaction sequences from corpus/echidna/reproducers
Loaded 120 transaction sequences from corpus/echidna/coverage
[2026-04-19 19:52:58.86] [Worker 0] New coverage: 332 instr, 2 contracts, 1 seqs in corpus
[2026-04-19 19:52:58.86] [Worker 0] Sequence replayed from corpus file 1147482941628608687.txt (1/33)
[2026-04-19 19:52:58.87] [Worker 0] Sequence replayed from corpus file 1452189698738998941.txt (2/33)
[2026-04-19 19:52:58.87] [Worker 0] Sequence replayed from corpus file 1528793350421226631.txt (3/33)
[2026-04-19 19:52:58.87] [Worker 0] Sequence replayed from corpus file 1827407018559690071.txt (4/33)
[2026-04-19 19:52:58.87] [Worker 0] Sequence replayed from corpus file 3990296941293145329.txt (5/33)
[2026-04-19 19:52:58.87] [Worker 0] Sequence replayed from corpus file 429198744153474129.txt (6/33)
[2026-04-19 19:52:58.87] [Worker 0] Sequence replayed from corpus file 4728528251130707248.txt (7/33)
[2026-04-19 19:52:58.87] [Worker 0] Sequence replayed from corpus file 6094103462352870298.txt (8/33)
[2026-04-19 19:52:58.87] [Worker 0] Sequence replayed from corpus file 6268667897113576196.txt (9/33)
[2026-04-19 19:52:58.87] [Worker 0] Sequence replayed from corpus file 7436618234315522642.txt (10/33)
[2026-04-19 19:52:58.87] [Worker 0] Sequence replayed from corpus file 8864806242903538408.txt (11/33)
[2026-04-19 19:52:58.87] [Worker 1] New coverage: 371 instr, 2 contracts, 2 seqs in corpus
[2026-04-19 19:52:58.87] [Worker 1] Sequence replayed from corpus file 2551918398196928109.txt (1/33)
[2026-04-19 19:52:58.87] [Worker 0] Sequence replayed from corpus file 1147482941628608687.txt (12/33)
[2026-04-19 19:52:58.87] [Worker 3] New coverage: 459 instr, 2 contracts, 3 seqs in corpus
[2026-04-19 19:52:58.87] [Worker 3] Sequence replayed from corpus file 7573893382168289186.txt (1/32)
[2026-04-19 19:52:58.87] [Worker 2] New coverage: 459 instr, 2 contracts, 4 seqs in corpus
[2026-04-19 19:52:58.87] [Worker 2] Sequence replayed from corpus file 5086363509404862029.txt (1/33)
[2026-04-19 19:52:58.87] [Worker 1] Sequence replayed from corpus file 2581688877749071989.txt (2/33)
[2026-04-19 19:52:58.87] [Worker 0] Sequence replayed from corpus file 1237536203893050216.txt (13/33)
[2026-04-19 19:52:58.88] [Worker 3] Sequence replayed from corpus file 7588820713148210740.txt (2/32)
[2026-04-19 19:52:58.88] [Worker 2] Sequence replayed from corpus file 514479850897989268.txt (2/33)
[2026-04-19 19:52:58.88] [Worker 2] WARNING: Sequence replay from corpus file 5261821104142863275.txt failed. The destination contract is not deployed for this transaction: Tx {call = SolCall ("token",[]), src = 0x10000, dst = 0X62D69F6867A0A084c6d313943dC22023BC263691, gas = 12500000, gasprice = 0x0, value = 0x0, delay = (0x1d389,0x9de)}. Remove the file or the transaction to fix the issue.
[2026-04-19 19:52:58.88] [Worker 1] Sequence replayed from corpus file 2606617850888215744.txt (3/33)
[2026-04-19 19:52:58.88] [Worker 0] Sequence replayed from corpus file 1272315269480093113.txt (14/33)
[2026-04-19 19:52:58.88] [Worker 3] Sequence replayed from corpus file 7599293948694684908.txt (3/32)
[2026-04-19 19:52:58.88] [Worker 3] WARNING: Sequence replay from corpus file 7639076289776786253.txt failed. The destination contract is not deployed for this transaction: Tx {call = SolCall ("recipient",[]), src = 0x20000, DsT = 0X62D69F6867A0A084C6d313943dc22023BC263691, gas = 12500000, gasprice = 0x0, value = 0x0, delay = (0x81f7,0xff)}. Remove the file or the transaction to fix the issue.
[2026-04-19 19:52:58.88] [Worker 2] Sequence replayed from corpus file 5381986717865049132.txt (4/33)
[2026-04-19 19:52:58.88] [Worker 2] WARNING: Sequence replay from corpus file 5472587043690756556.txt failed. The destination contract is not deployed for this transaction: Tx {call = SolCall ("token",[]), src = 0x10000, dst = 0X62D69F6867A0A084c6d313943dC22023BC263691, gas = 12500000, gasprice = 0x0, value = 0x0, delay = (0x1d389,0x9de)}. Remove the file or the transaction to fix the issue.
[2026-04-19 19:52:58.88] [Worker 1] Sequence replayed from corpus file 2631726265439469501.txt (4/33)
[2026-04-19 19:52:58.88] [Worker 1] WARNING: Sequence replay from corpus file 291208446476461763.txt failed. The destination contract is not deployed for this transaction: Tx {call = SolCall ("",[]), src = 0x30000, dsT = 0x62D69F6867a0a084C6D313943Dc22023bc263691, gas = 12500000, gasprice = 0x0, value = 0x0, delay = (0x766e2,0x8dba)}. Remove the file or the transaction to fix the issue.
[2026-04-19 19:52:58.88] [Worker 1] WARNING: Sequence replay from corpus file 2954796917231162347.txt failed. The destination contract is not deployed for this transaction: Tx {call = SolCall ("collateral",[0x0000000000000000000000000000000000020000]), src = 0x20000, dSt = 0X62D69F6867A0a084C6D313943dC22023bC263691, gas = 12500000, gasprice = 0x0, value = 0x0, delay = (0x142ef,0x972d)}. Remove the file or the transaction to fix the issue.
[2026-04-19 19:52:58.88] [Worker 1] WARNING: Sequence replay from corpus file 3117107370078894828.txt failed. The destination contract is not deployed for this transaction: Tx {call = SolCall ("seedLiquidity",[]), src = 0x10000, DST = 0X62d69F6867A0A084C6D313943dC22023BC263691, gas = 12500000, gasprice = 0x0, value = 0x0, delay = (0x142ee,0x20ff)}. Remove the file or the transaction to fix the issue.
[2026-04-19 19:52:58.89] [Worker 2] Sequence replayed from corpus file 5490418797474821883.txt (6/33)
[2026-04-19 19:52:58.89] [Worker 3] Sequence replayed from corpus file 7687418961876039756.txt (5/32)
[2026-04-19 19:52:58.89] [Worker 0] Sequence replayed from corpus file 136422028706997084.txt (15/33)
[2026-04-19 19:52:58.89] [Worker 3] Sequence replayed from corpus file 7699557514531849610.txt (6/32)
[2026-04-19 19:52:58.89] [Worker 1] Sequence replayed from corpus file 3120249526817026452.txt (8/33)
[2026-04-19 19:52:58.89] [Worker 1] WARNING: Sequence replay from corpus file 3192550829264154428.txt failed. The destination contract is not deployed for this transaction: Tx {call = SolCall ("recipient",[]), src = 0x20000, DsT = 0X62D69F6867A0A084C6d313943dc22023BC263691, gas = 12500000, gasprice = 0x0, value = 0x0, delay = (0x81f7,0xff)}. Remove the file or the transaction to fix the issue.
[2026-04-19 19:52:58.89] [Worker 2] Sequence replayed from corpus file 5507714098716226568.txt (7/33)
[2026-04-19 19:52:58.89] [Worker 0] Sequence replayed from corpus file 1376536911212113184.txt (16/33)
[2026-04-19 19:52:58.89] [Worker 3] Sequence replayed from corpus file 7737079549738675815.txt (7/32)
[2026-04-19 19:52:58.89] [Worker 1] Sequence replayed from corpus file 3246821641138614846.txt (10/33)
[2026-04-19 19:52:58.89] [Worker 0] Sequence replayed from corpus file 143041619300913513.txt (17/33)
[2026-04-19 19:52:58.90] [Worker 2] Sequence replayed from corpus file 5521875468737215411.txt (8/33)
[2026-04-19 19:52:58.90] [Worker 3] Sequence replayed from corpus file 7772850779330587216.txt (8/32)
[2026-04-19 19:52:58.90] [Worker 1] Sequence replayed from corpus file 331579483070239335.txt (11/33)
[2026-04-19 19:52:58.90] [Worker 0] Sequence replayed from corpus file 1439132272604759769.txt (18/33)
[2026-04-19 19:52:58.90] [Worker 0] Sequence replayed from corpus file 1452189698738998941.txt (19/33)
[2026-04-19 19:52:58.90] [Worker 0] WARNING: Sequence replay from corpus file 1460048215756638408.txt failed. The destination contract is not deployed for this transaction: Tx {call = SolCall ("recipient",[]), src = 0x10000, DsT = 0X62D69F6867A0A084C6D313943dC22023Bc263691, gas = 12500000, gasprice = 0x0, value = 0x0, delay = (0x3b59a,0x94d4)}. Remove the file or the transaction to fix the issue.
[2026-04-19 19:52:58.90] [Worker 2] Sequence replayed from corpus file 5575027256662893171.txt (9/33)
[2026-04-19 19:52:58.90] [Worker 0] WARNING: Sequence replay from corpus file 1463075273270198648.txt failed. The destination contract is not deployed for this transaction: Tx {call = SolCall ("setTransfer",[0x00000000000000000000000000000002fFffFffD,101082200808776379417051405895222205267456552106249779501970073041349052085556]), src = 0x30000, dSt = 0x62D69F6867A0a084C6D313943dc22023BC263691, gas = 12500000, gasprice = 0x0, value = 0x0, delay = (0x2fa33,0x1d1b)}. Remove the file or the transaction to fix the issue.
[2026-04-19 19:52:58.90] [Worker 3] Sequence replayed from corpus file 7929481060142103425.txt (9/32)
[2026-04-19 19:52:58.90] [Worker 3] WARNING: Sequence replay from corpus file 79624897523792426.txt failed. The destination contract is not deployed for this transaction: Tx {call = SolCall ("",[]), src = 0x10000, DST = 0X62d69F6867A0A084C6D313943DC22023bc263691, gas = 12500000, gasprice = 0x0, value = 0x0, delay = (0x6123,0x87a0)}. Remove the file or the transaction to fix the issue.
[2026-04-19 19:52:58.90] [Worker 3] WARNING: Sequence replay from corpus file 7967181382457404102.txt failed. The destination contract is not deployed for this transaction: Tx {call = SolCall ("",[]), src = 0x10000, DST = 0X62d69F6867A0A084C6D313943DC22023bc263691, gas = 12500000, gasprice = 0x0, value = 0x0, delay = (0x6123,0x87a0)}. Remove the file or the transaction to fix the issue.
[2026-04-19 19:52:58.91] [Worker 1] Sequence replayed from corpus file 3495880772445906856.txt (12/33)
[2026-04-19 19:52:58.91] [Worker 1] WARNING: Sequence replay from corpus file 3624943762090496582.txt failed. The destination contract is not deployed for this transaction: Tx {call = SolCall ("",[]), src = 0x30000, dst = 0X62D69F6867A0a084C6D313943dC22023Bc263691, gas = 12500000, gasprice = 0x0, value = 0x0, delay = (0x214ca,0x7bd3)}. Remove the file or the transaction to fix the issue.
[2026-04-19 19:52:58.91] [Worker 3] Sequence replayed from corpus file 8009782160310800039.txt (12/32)
[2026-04-19 19:52:58.91] [Worker 3] WARNING: Sequence replay from corpus file 8134831341088487080.txt failed. The destination contract is not deployed for this transaction: Tx {call = SolCall ("recipient",[]), src = 0x10000, DsT = 0X62D69F6867A0A084C6D313943dC22023Bc263691, gas = 12500000, gasprice = 0x0, value = 0x0, delay = (0x3b59a,0x94d4)}. Remove the file or the transaction to fix the issue.
[2026-04-19 19:52:58.91] [Worker 2] Sequence replayed from corpus file 5576911483803430156.txt (10/33)
[2026-04-19 19:52:58.91] [Worker 0] Sequence replayed from corpus file 1525686000149373029.txt (22/33)
[2026-04-19 19:52:58.91] [Worker 0] Sequence replayed from corpus file 1827407018559690071.txt (23/33)
[2026-04-19 19:52:58.91] [Worker 0] WARNING: Sequence replay from corpus file 1884772071553819129.txt failed. The destination contract is not deployed for this transaction: Tx {call = SolCall ("token",[]), src = 0x10000, dst = 0X62D69F6867A0A084c6d313943dC22023BC263691, gas = 12500000, gasprice = 0x0, value = 0x0, delay = (0x1d389,0x9de)}. Remove the file or the transaction to fix the issue.
[2026-04-19 19:52:58.91] [Worker 3] Sequence replayed from corpus file 8347600152285091172.txt (14/32)
[2026-04-19 19:52:58.91] [Worker 2] Sequence replayed from corpus file 5721394929084608143.txt (11/33)
[2026-04-19 19:52:58.92] [Worker 1] Sequence replayed from corpus file 3641147411829365675.txt (14/33)
[2026-04-19 19:52:58.92] [Worker 2] WARNING: Sequence replay from corpus file 5737129264558432936.txt failed. The destination contract is not deployed for this transaction: Tx {call = SolCall ("",[]), src = 0x10000, DsT = 0X62d69f6867A0A084C6d313943dC22023BC263691, gas = 12500000, gasprice = 0x0, value = 0x0, delay = (0x5caa0,0x9cf)}. Remove the file or the transaction to fix the issue.
[2026-04-19 19:52:58.93] [Worker 0] Sequence replayed from corpus file 1934527165697504024.txt (25/33)
[2026-04-19 19:52:58.93] [Worker 3] Sequence replayed from corpus file 8441367243832867278.txt (15/32)
[2026-04-19 19:52:58.93] [Worker 2] Sequence replayed from corpus file 5761908483309062200.txt (13/33)
[2026-04-19 19:52:58.93] [Worker 1] Sequence replayed from corpus file 3719294952061211078.txt (15/33)
[2026-04-19 19:52:58.93] [Worker 1] WARNING: Sequence replay from corpus file 3780014410365988224.txt failed. The destination contract is not deployed for this transaction: Tx {call = SolCall ("collateral",[0x0000000000000000000000000000000000020000]), src = 0x20000, dSt = 0X62D69F6867A0a084C6D313943dC22023bC263691, gas = 12500000, gasprice = 0x0, value = 0x0, delay = (0x142ef,0x972d)}. Remove the file or the transaction to fix the issue.
[2026-04-19 19:52:58.93] [Worker 3] Sequence replayed from corpus file 8475969825066112982.txt (16/32)
[2026-04-19 19:52:58.93] [Worker 1] WARNING: Sequence replay from corpus file 3896107562649724485.txt failed. The destination contract is not deployed for this transaction: Tx {call = SolCall ("attack",[0]), src = 0x30000, dst = 0X62D69F6867A0A084c6D313943Dc22023BC263691, gas = 12500000, gasprice = 0x0, value = 0x0, delay = (0x6123,0x1414)}. Remove the file or the transaction to fix the issue.
[2026-04-19 19:52:58.93] [Worker 0] Sequence replayed from corpus file 2079185573936702883.txt (26/33)
[2026-04-19 19:52:58.93] [Worker 2] Sequence replayed from corpus file 591135091102608615.txt (14/33)
[2026-04-19 19:52:58.93] [Worker 2] WARNING: Sequence replay from corpus file 606788451241787438.txt failed. The destination contract is not deployed for this transaction: Tx {call = SolCall ("",[]), src = 0x10000, DST = 0X62d69F6867A0A084C6D313943DC22023bc263691, gas = 12500000, gasprice = 0x0, value = 0x0, delay = (0x6123,0x87a0)}. Remove the file or the transaction to fix the issue.
[2026-04-19 19:52:58.93] [Worker 2] Sequence replayed from corpus file 6094103462352870298.txt (16/33)
[2026-04-19 19:52:58.93] [Worker 2] WARNING: Sequence replay from corpus file 6125864171135646698.txt failed. The destination contract is not deployed for this transaction: Tx {call = SolCall ("seedLiquidity",[]), src = 0x10000, dst = 0x62D69f6867A0A084c6D313943dC22023BC263691, gas = 12500000, gasprice = 0x0, value = 0x0, delay = (0x214c9,0x9733)}. Remove the file or the transaction to fix the issue.
[2026-04-19 19:52:58.93] [Worker 3] Sequence replayed from corpus file 8501008337639773828.txt (17/32)
[2026-04-19 19:52:58.93] [Worker 3] WARNING: Sequence replay from corpus file 8502406946798559018.txt failed. The destination contract is not deployed for this transaction: Tx {call = SolCall ("",[]), src = 0x10000, DST = 0X62d69F6867A0A084C6D313943DC22023bc263691, gas = 12500000, gasprice = 0x0, value = 0x0, delay = (0x6123,0x87a0)}. Remove the file or the transaction to fix the issue.
[2026-04-19 19:52:58.94] [Worker 3] WARNING: Sequence replay from corpus file 8511629063655170100.txt failed. The destination contract is not deployed for this transaction: Tx {call = SolCall ("",[]), src = 0x10000, DsT = 0X62D69f6867a0A084c6D313943Dc22023bc263691, gas = 12500000, gasprice = 0x0, value = 0x0, delay = (0x103ef,0x2c55)}. Remove the file or the transaction to fix the issue.
[2026-04-19 19:52:58.94] [Worker 3] WARNING: Sequence replay from corpus file 8548705151077984100.txt failed. The destination contract is not deployed for this transaction: Tx {call = SolCall ("setTransfer",[0x62d69f6867A0A084C6d313943dC22023Bc263691,110203153208868294463950112733777600902085951557128262966235681873364681958335]), src = 0x20000, DST = 0x62D69F6867A0A084C6D313943dc22023bC263691, gas = 12500000, gasprice = 0x0, value = 0x0, delay = (0xb250,0x7630)}. Remove the file or the transaction to fix the issue.
[2026-04-19 19:52:58.94] [Worker 1] Sequence replayed from corpus file 3964615687887459273.txt (18/33)
[2026-04-19 19:52:58.94] [Worker 0] Sequence replayed from corpus file 2098133853933522273.txt (27/33)
[2026-04-19 19:52:58.94] [Worker 1] Sequence replayed from corpus file 3990296941293145329.txt (19/33)
[2026-04-19 19:52:58.94] [Worker 2] Sequence replayed from corpus file 6166497993522157865.txt (18/33)
[2026-04-19 19:52:58.94] [Worker 3] Sequence replayed from corpus file 8606019225071093899.txt (21/32)
[2026-04-19 19:52:58.94] [Worker 1] Sequence replayed from corpus file 3994823774015811425.txt (20/33)
[2026-04-19 19:52:58.94] [Worker 0] Sequence replayed from corpus file 2115224329430076373.txt (28/33)
[2026-04-19 19:52:58.94] [Worker 2] Sequence replayed from corpus file 6172461052354861167.txt (19/33)
[2026-04-19 19:52:58.94] [Worker 3] Sequence replayed from corpus file 8721571438615730015.txt (22/32)
[2026-04-19 19:52:58.95] [Worker 1] Sequence replayed from corpus file 4012041619668809319.txt (21/33)
[2026-04-19 19:52:58.95] [Worker 2] WARNING: Sequence replay from corpus file 6258690133758384969.txt failed. The destination contract is not deployed for this transaction: Tx {call = SolCall ("transferAmount",[]), src = 0x30000, dsT = 0x62D69F6867A0A084C6D313943Dc22023BC263691, gas = 12500000, gasprice = 0x0, value = 0x0, delay = (0x5ab46,0x87a0)}. Remove the file or the transaction to fix the issue.
[2026-04-19 19:52:58.95] [Worker 2] WARNING: Sequence replay from corpus file 6259152366601792302.txt failed. The destination contract is not deployed for this transaction: Tx {call = SolCall ("token",[]), src = 0x10000, dst = 0X62D69F6867A0A084c6d313943dC22023BC263691, gas = 12500000, gasprice = 0x0, value = 0x0, delay = (0x1d389,0x9de)}. Remove the file or the transaction to fix the issue.
[2026-04-19 19:52:58.95] [Worker 2] Sequence replayed from corpus file 6268667897113576196.txt (22/33)
[2026-04-19 19:52:58.95] [Worker 0] Sequence replayed from corpus file 2211506572492669667.txt (29/33)
[2026-04-19 19:52:58.95] [Worker 3] Sequence replayed from corpus file 8746510944181660177.txt (23/32)
[2026-04-19 19:52:58.95] [Worker 1] Sequence replayed from corpus file 4062124423881251857.txt (22/33)
[2026-04-19 19:52:58.95] [Worker 2] Sequence replayed from corpus file 6275325763679058407.txt (23/33)
[2026-04-19 19:52:58.95] [Worker 2] WARNING: Sequence replay from corpus file 6445395239242402955.txt failed. The destination contract is not deployed for this transaction: Tx {call = SolCall ("token",[]), src = 0x10000, dst = 0X62D69F6867A0A084c6d313943dC22023BC263691, gas = 12500000, gasprice = 0x0, value = 0x0, delay = (0x1d389,0x9de)}. Remove the file or the transaction to fix the issue.
[2026-04-19 19:52:58.95] [Worker 2] WARNING: Sequence replay from corpus file 6480990898981786261.txt failed. The destination contract is not deployed for this transaction: Tx {call = SolCall ("",[]), src = 0x20000, DSt = 0x62D69F6867a0a084C6D313943DC22023bC263691, gas = 12500000, gasprice = 0x0, value = 0x0, delay = (0x712e3,0x1b23)}. Remove the file or the transaction to fix the issue.
[2026-04-19 19:52:58.95] [Worker 2] WARNING: Sequence replay from corpus file 6487040641841097174.txt failed. The destination contract is not deployed for this transaction: Tx {call = SolCall ("",[]), src = 0x10000, DST = 0X62d69F6867A0A084C6D313943DC22023bc263691, gas = 12500000, gasprice = 0x0, value = 0x0, delay = (0x6123,0x87a0)}. Remove the file or the transaction to fix the issue.
[2026-04-19 19:52:58.95] [Worker 3] Sequence replayed from corpus file 8816047107854424912.txt (24/32)
[2026-04-19 19:52:58.95] [Worker 0] Sequence replayed from corpus file 2250046604256806773.txt (30/33)
[2026-04-19 19:52:58.95] [Worker 1] Sequence replayed from corpus file 4107043591176889787.txt (23/33)
[2026-04-19 19:52:58.95] [Worker 2] Sequence replayed from corpus file 6843839812021103424.txt (27/33)
[2026-04-19 19:52:58.96] [Worker 2] WARNING: Sequence replay from corpus file 689026530293805097.txt failed. The destination contract is not deployed for this transaction: Tx {call = SolCall ("attack",[735]), src = 0x30000, DST = 0x62D69F6867a0A084C6D313943dC22023bc263691, gas = 12500000, gasprice = 0x0, value = 0x0, delay = (0x87a88,0x3c07)}. Remove the file or the transaction to fix the issue.
[2026-04-19 19:52:58.96] [Worker 2] WARNING: Sequence replay from corpus file 699908370100862995.txt failed. The destination contract is not deployed for this transaction: Tx {call = SolCall ("attack",[40315670995802919321938158274687197499437001617885390690632228499470732094413]), src = 0x10000, DST = 0X62D69F6867A0a084C6D313943DC22023BC263691, gas = 12500000, gasprice = 0x0, value = 0x0, delay = (0x6b504,0x2a1)}. Remove the file or the transaction to fix the issue.
[2026-04-19 19:52:58.96] [Worker 3] Sequence replayed from corpus file 88376936411611116.txt (25/32)
[2026-04-19 19:52:58.96] [Worker 3] Sequence replayed from corpus file 8864806242903538408.txt (26/32)
[2026-04-19 19:52:58.96] [Worker 0] Sequence replayed from corpus file 2312620418010382677.txt (31/33)
[2026-04-19 19:52:58.96] [Worker 0] WARNING: Sequence replay from corpus file 2366693484020494489.txt failed. The destination contract is not deployed for this transaction: Tx {call = SolCall ("seedLiquidity",[]), src = 0x10000, dst = 0x62D69f6867A0A084c6D313943dC22023BC263691, gas = 12500000, gasprice = 0x0, value = 0x0, delay = (0x214c9,0x9733)}. Remove the file or the transaction to fix the issue.
[2026-04-19 19:52:58.96] [Worker 1] Sequence replayed from corpus file 4189815214030488760.txt (24/33)
[2026-04-19 19:52:58.96] [Worker 2] Sequence replayed from corpus file 7219503434945464720.txt (30/33)
[2026-04-19 19:52:58.96] [Worker 2] Sequence replayed from corpus file 7436618234315522642.txt (31/33)
[2026-04-19 19:52:58.96] [Worker 0] Sequence replayed from corpus file 2504713298031812608.txt (33/33)
[2026-04-19 19:52:58.96] [Worker 3] Sequence replayed from corpus file 88918879106246972.txt (27/32)
[2026-04-19 19:52:58.96] [Worker 3] WARNING: Sequence replay from corpus file 900947245564972896.txt failed. The destination contract is not deployed for this transaction: Tx {call = SolCall ("",[]), src = 0x10000, DST = 0X62d69F6867A0A084C6D313943DC22023bc263691, gas = 12500000, gasprice = 0x0, value = 0x0, delay = (0x6123,0x87a0)}. Remove the file or the transaction to fix the issue.
[2026-04-19 19:52:58.96] [Worker 3] WARNING: Sequence replay from corpus file 9012819905411243058.txt failed. The destination contract is not deployed for this transaction: Tx {call = SolCall ("token",[]), src = 0x10000, dst = 0X62D69F6867A0A084c6d313943dC22023BC263691, gas = 12500000, gasprice = 0x0, value = 0x0, delay = (0x1d389,0x9de)}. Remove the file or the transaction to fix the issue.
[2026-04-19 19:52:58.96] [Worker 1] Sequence replayed from corpus file 4218044368707527926.txt (25/33)
[2026-04-19 19:52:58.96] [Worker 2] Sequence replayed from corpus file 7541016534342641440.txt (32/33)
[2026-04-19 19:52:58.97] [Worker 3] Sequence replayed from corpus file 9134760244884338817.txt (30/32)
[2026-04-19 19:52:58.97] [Worker 1] Sequence replayed from corpus file 4263861369944305064.txt (26/33)
[2026-04-19 19:52:58.97] [Worker 2] Sequence replayed from corpus file 7545842089752992081.txt (33/33)
[2026-04-19 19:52:58.97] [Worker 1] Sequence replayed from corpus file 429198744153474129.txt (27/33)
[2026-04-19 19:52:58.97] [Worker 0] New coverage: 600 instr, 2 contracts, 5 seqs in corpus
[2026-04-19 19:52:58.97] [Worker 3] Sequence replayed from corpus file 9140924489476635527.txt (31/32)
[2026-04-19 19:52:58.98] [Worker 1] Sequence replayed from corpus file 4300667799207512545.txt (28/33)
[2026-04-19 19:52:58.98]  Saved reproducer to corpus/echidna/coverage/2756363742685043983.txt
[2026-04-19 19:52:58.98] [Worker 3] Sequence replayed from corpus file 986507995707808111.txt (32/32)
[2026-04-19 19:52:58.99] [Worker 1] Sequence replayed from corpus file 4350964911548517955.txt (29/33)
[2026-04-19 19:52:58.99] [Worker 1] WARNING: Sequence replay from corpus file 4722320367017727553.txt failed. The destination contract is not deployed for this transaction: Tx {call = SolCall ("borrow",[0]), src = 0x20000, DST = 0X62D69F6867A0a084c6d313943Dc22023bC263691, gas = 12500000, gasprice = 0x0, value = 0x0, delay = (0x4dd39,0x6b0c)}. Remove the file or the transaction to fix the issue.
[2026-04-19 19:52:59.00] [Worker 1] Sequence replayed from corpus file 479371498318639832.txt (31/33)
[2026-04-19 19:52:59.01] [Worker 1] Sequence replayed from corpus file 4901142956612526440.txt (32/33)
[2026-04-19 19:52:59.01] [Worker 1] Sequence replayed from corpus file 4903871675519987651.txt (33/33)
[2026-04-19 19:52:59.88] [Worker 3] Test limit reached. Stopping.
[2026-04-19 19:52:59.88] [Worker 1] Test limit reached. Stopping.
[2026-04-19 19:52:59.90] [Worker 2] Test limit reached. Stopping.
[2026-04-19 19:52:59.90] [Worker 0] Test limit reached. Stopping.
[2026-04-19 19:52:59.90] [status] tests: 0/2, fuzzing: 50165/50000, values: [], cov: 600, corpus: 5, gas/s: 1097163124
echidna_impl_controlled: passing
echidna_owner_is_deployer: passing

Unique instructions: 600
Unique codehashes: 2
Corpus size: 5
Seed: 1515531991108176311
Total calls: 50165

[2026-04-19 19:52:59.90] Saving test reproducers... Done! (0.000001277s)
[2026-04-19 19:52:59.90] Saving corpus... Done! (0.018711187s)
[2026-04-19 19:52:59.92] Saving foundry reproducers... Done! (0.002238596s)
[2026-04-19 19:52:59.92] Saving coverage... Done! (0.021166873s)
