Warning: unused option: solcVersion
[2026-04-19 19:51:12.97] Compiling `test/OWASP_06_Fuzz.sol`... Done! (0.651754926s)
Analyzing contract: /mnt/c/Users/MSI/Desktop/Uni/Project-CSI/Final-Project-CSI-main/test/OWASP_06_Fuzz.sol:OWASP_06_VulnFuzz
[2026-04-19 19:51:13.65] Running slither on `test/OWASP_06_Fuzz.sol`... Done! (0.278638179s)
Loaded 4 transaction sequences from corpus/echidna/reproducers
Loaded 57 transaction sequences from corpus/echidna/coverage
[2026-04-19 19:51:14.46] [Worker 0] Sequence replayed from corpus file 1452189698738998941.txt (1/16)
[2026-04-19 19:51:14.46] [Worker 0] Sequence replayed from corpus file 1827407018559690071.txt (2/16)
[2026-04-19 19:51:14.46] [Worker 0] Sequence replayed from corpus file 6268667897113576196.txt (3/16)
[2026-04-19 19:51:14.46] [Worker 0] Sequence replayed from corpus file 8864806242903538408.txt (4/16)
[2026-04-19 19:51:14.47] [Worker 2] Sequence replayed from corpus file 4300667799207512545.txt (1/16)
[2026-04-19 19:51:14.47] [Worker 1] New coverage: 287 instr, 3 contracts, 1 seqs in corpus
[2026-04-19 19:51:14.47] [Worker 1] Sequence replayed from corpus file 2312620418010382677.txt (1/16)
[2026-04-19 19:51:14.47] [Worker 0] Sequence replayed from corpus file 1272315269480093113.txt (5/16)
[2026-04-19 19:51:14.47] [Worker 3] New coverage: 287 instr, 3 contracts, 2 seqs in corpus
[2026-04-19 19:51:14.47] [Worker 3] Sequence replayed from corpus file 7687418961876039756.txt (1/13)
[2026-04-19 19:51:14.47] [Worker 3] New coverage: 297 instr, 3 contracts, 3 seqs in corpus
[2026-04-19 19:51:14.47] [Worker 3] Sequence replayed from corpus file 7699557514531849610.txt (2/13)
[2026-04-19 19:51:14.48] [Worker 2] Sequence replayed from corpus file 4722320367017727553.txt (2/16)
[2026-04-19 19:51:14.48] [Worker 1] New coverage: 297 instr, 3 contracts, 4 seqs in corpus
[2026-04-19 19:51:14.48] [Worker 1] Sequence replayed from corpus file 2366693484020494489.txt (2/16)
[2026-04-19 19:51:14.48] [Worker 0] Sequence replayed from corpus file 136422028706997084.txt (6/16)
[2026-04-19 19:51:14.48] [Worker 3] Sequence replayed from corpus file 7929481060142103425.txt (3/13)
[2026-04-19 19:51:14.49] [Worker 2] Sequence replayed from corpus file 479371498318639832.txt (3/16)
[2026-04-19 19:51:14.49] [Worker 3] Sequence replayed from corpus file 8009782160310800039.txt (4/13)
[2026-04-19 19:51:14.49] [Worker 1] Sequence replayed from corpus file 2551918398196928109.txt (3/16)
[2026-04-19 19:51:14.49] [Worker 2] Sequence replayed from corpus file 4903871675519987651.txt (4/16)
[2026-04-19 19:51:14.49] [Worker 0] Sequence replayed from corpus file 1376536911212113184.txt (7/16)
[2026-04-19 19:51:14.50] [Worker 1] Sequence replayed from corpus file 2581688877749071989.txt (4/16)
[2026-04-19 19:51:14.50] [Worker 3] Sequence replayed from corpus file 8441367243832867278.txt (5/13)
[2026-04-19 19:51:14.50] [Worker 2] Sequence replayed from corpus file 5086363509404862029.txt (5/16)
[2026-04-19 19:51:14.50] [Worker 0] Sequence replayed from corpus file 1439132272604759769.txt (8/16)
[2026-04-19 19:51:14.50] [Worker 0] Sequence replayed from corpus file 1452189698738998941.txt (9/16)
[2026-04-19 19:51:14.50] [Worker 1] Sequence replayed from corpus file 2606617850888215744.txt (5/16)
[2026-04-19 19:51:14.50] [Worker 3] Sequence replayed from corpus file 8501008337639773828.txt (6/13)
[2026-04-19 19:51:14.51] [Worker 0] Sequence replayed from corpus file 1525686000149373029.txt (10/16)
[2026-04-19 19:51:14.51] [Worker 0] Sequence replayed from corpus file 1827407018559690071.txt (11/16)
[2026-04-19 19:51:14.51] [Worker 2] Sequence replayed from corpus file 514479850897989268.txt (6/16)
[2026-04-19 19:51:14.51] [Worker 3] Sequence replayed from corpus file 8606019225071093899.txt (7/13)
[2026-04-19 19:51:14.51] [Worker 1] Sequence replayed from corpus file 2631726265439469501.txt (6/16)
[2026-04-19 19:51:14.51] [Worker 2] Sequence replayed from corpus file 5575027256662893171.txt (7/16)
[2026-04-19 19:51:14.52] [Worker 0] Sequence replayed from corpus file 1934527165697504024.txt (12/16)
[2026-04-19 19:51:14.52] [Worker 3] Sequence replayed from corpus file 8721571438615730015.txt (8/13)
[2026-04-19 19:51:14.52] [Worker 2] Sequence replayed from corpus file 5721394929084608143.txt (8/16)
[2026-04-19 19:51:14.52] [Worker 1] Sequence replayed from corpus file 2954796917231162347.txt (7/16)
[2026-04-19 19:51:14.52] [Worker 0] Sequence replayed from corpus file 2079185573936702883.txt (13/16)
[2026-04-19 19:51:14.52] [Worker 3] Sequence replayed from corpus file 8746510944181660177.txt (9/13)
[2026-04-19 19:51:14.53] [Worker 2] Sequence replayed from corpus file 591135091102608615.txt (9/16)
[2026-04-19 19:51:14.53] [Worker 1] Sequence replayed from corpus file 3117107370078894828.txt (8/16)
[2026-04-19 19:51:14.53] [Worker 2] Sequence replayed from corpus file 6125864171135646698.txt (10/16)
[2026-04-19 19:51:14.53] [Worker 3] Sequence replayed from corpus file 8816047107854424912.txt (10/13)
[2026-04-19 19:51:14.53] [Worker 0] Sequence replayed from corpus file 2115224329430076373.txt (14/16)
[2026-04-19 19:51:14.54] [Worker 1] Sequence replayed from corpus file 3246821641138614846.txt (9/16)
[2026-04-19 19:51:14.54] [Worker 2] Sequence replayed from corpus file 6166497993522157865.txt (11/16)
[2026-04-19 19:51:14.54] [Worker 2] Sequence replayed from corpus file 6268667897113576196.txt (12/16)
[2026-04-19 19:51:14.54] [Worker 3] Sequence replayed from corpus file 88376936411611116.txt (11/13)
[2026-04-19 19:51:14.54] [Worker 0] Sequence replayed from corpus file 2211506572492669667.txt (15/16)
[2026-04-19 19:51:14.54] [Worker 3] Sequence replayed from corpus file 8864806242903538408.txt (12/13)
[2026-04-19 19:51:14.54] [Worker 2] Sequence replayed from corpus file 6275325763679058407.txt (13/16)
[2026-04-19 19:51:14.54] [Worker 1] Sequence replayed from corpus file 331579483070239335.txt (10/16)
[2026-04-19 19:51:14.54] [Worker 3] Sequence replayed from corpus file 88918879106246972.txt (13/13)
[2026-04-19 19:51:14.54] [Worker 0] Sequence replayed from corpus file 2250046604256806773.txt (16/16)
[2026-04-19 19:51:14.55] [Worker 2] Sequence replayed from corpus file 7545842089752992081.txt (14/16)
[2026-04-19 19:51:14.55] [Worker 3] Test echidna_no_phantom_credit falsified!
  Call sequence:
OWASP_06_VulnFuzz.*fallback*() from: 0x0000000000000000000000000000000000020000 Value: 0x3e014d369eaac7226 Time delay: 65535 seconds Block delay: 59552
OWASP_06_VulnFuzz.*fallback*() from: 0x0000000000000000000000000000000000010000 Value: 0x962ab7b7ebd56678 Time delay: 437838 seconds Block delay: 19350
MVE_O6_Vuln.fundPool() from: 0x0000000000000000000000000000000000030000 Time delay: 519847 seconds Block delay: 4462
MVE_O6_Vuln.withdrawAll() from: 0x0000000000000000000000000000000000020000 Time delay: 35879 seconds Block delay: 39782
OWASP_06_VulnFuzz.atomicFlashAttack() from: 0x0000000000000000000000000000000000010000 Time delay: 463588 seconds Block delay: 15367
OWASP_06_VulnFuzz.atomicFlashAttack() from: 0x0000000000000000000000000000000000020000 Time delay: 512439 seconds Block delay: 1362
MVE_O6_Vuln.principal(0xb4c79dab8f259c7aee6e5b2aa729821864227e84) from: 0x0000000000000000000000000000000000030000 Time delay: 209930 seconds Block delay: 2
MVE_O6_Vuln.deposit() from: 0x0000000000000000000000000000000000010000 Time delay: 386817 seconds Block delay: 12079
OWASP_06_VulnFuzz.*fallback*() from: 0x0000000000000000000000000000000000030000 Value: 0x2546248a67248e44c Time delay: 115085 seconds Block delay: 23275
OWASP_06_VulnFuzz.atomicFlashAttack() from: 0x0000000000000000000000000000000000020000 Time delay: 444463 seconds Block delay: 46153
MVE_O6_Vuln.withdrawAll() from: 0x0000000000000000000000000000000000010000 Time delay: 447588 seconds Block delay: 24987
OWASP_06_VulnFuzz.*fallback*() from: 0x0000000000000000000000000000000000020000 Value: 0x202be8cc22d1f3078 Time delay: 156190 seconds Block delay: 1088
OWASP_06_VulnFuzz.atomicFlashAttack() from: 0x0000000000000000000000000000000000010000 Time delay: 386819 seconds Block delay: 42595
MVE_O6_Vuln.lastDepositBlock(0x1fffffffe) from: 0x0000000000000000000000000000000000020000 Time delay: 24867 seconds Block delay: 46153
MVE_O6_Vuln.withdrawAll() from: 0x0000000000000000000000000000000000010000 Time delay: 67960 seconds Block delay: 42101
MVE_O6_Vuln.fundPool() from: 0x0000000000000000000000000000000000020000 Time delay: 540360 seconds Block delay: 49415
MVE_O6_Vuln.deposit() from: 0x0000000000000000000000000000000000010000 Time delay: 412373 seconds Block delay: 57086
MVE_O6_Vuln.withdrawAll() from: 0x0000000000000000000000000000000000030000 Time delay: 386816 seconds Block delay: 46152
OWASP_06_VulnFuzz.atomicFlashAttack() from: 0x0000000000000000000000000000000000030000 Time delay: 198598 seconds Block delay: 47075
OWASP_06_VulnFuzz.*fallback*() from: 0x0000000000000000000000000000000000030000 Value: 0x8ac7230489e80003 Time delay: 572966 seconds Block delay: 23885
OWASP_06_VulnFuzz.atomicFlashAttack() from: 0x0000000000000000000000000000000000020000 Time delay: 4177 seconds Block delay: 12412
MVE_O6_Vuln.deposit() from: 0x0000000000000000000000000000000000010000 Time delay: 83000 seconds Block delay: 36859
MVE_O6_Vuln.withdrawAll() from: 0x0000000000000000000000000000000000010000
IERC20Minimal.transfer(0xb4c79dab8f259c7aee6e5b2aa729821864227e84,115792089237316195423570985008687907853269984665640564038457584007913129639937) from: 0x0000000000000000000000000000000000010000 Time delay: 65535 seconds Block delay: 53562
OWASP_06_VulnFuzz.scheduleToReverter(563) from: 0x0000000000000000000000000000000000020000 Time delay: 119684 seconds Block delay: 14492

[2026-04-19 19:51:14.56] [Worker 1] Sequence replayed from corpus file 3495880772445906856.txt (11/16)
[2026-04-19 19:51:14.56] [Worker 1] Sequence replayed from corpus file 3641147411829365675.txt (12/16)
[2026-04-19 19:51:14.56] [Worker 3] New coverage: 1405 instr, 3 contracts, 5 seqs in corpus
[2026-04-19 19:51:14.56] [Worker 2] Sequence replayed from corpus file 7588820713148210740.txt (15/16)
[2026-04-19 19:51:14.57] [Worker 0] New coverage: 1405 instr, 3 contracts, 6 seqs in corpus
[2026-04-19 19:51:14.57] [Worker 0] Test limit reached. Stopping.
[2026-04-19 19:51:14.57] [Worker 1] Sequence replayed from corpus file 3780014410365988224.txt (13/16)
[2026-04-19 19:51:14.57] [Worker 2] Sequence replayed from corpus file 7599293948694684908.txt (16/16)
[2026-04-19 19:51:14.57] [Worker 2] Test limit reached. Stopping.
[2026-04-19 19:51:14.57]  Saved reproducer to corpus/echidna/reproducers-unshrunk/2025425585557900750.txt
[2026-04-19 19:51:14.57] [Worker 1] Sequence replayed from corpus file 3964615687887459273.txt (14/16)
[2026-04-19 19:51:14.58] [Worker 1] Sequence replayed from corpus file 4107043591176889787.txt (15/16)
[2026-04-19 19:51:14.58] [Worker 1] Sequence replayed from corpus file 4218044368707527926.txt (16/16)
[2026-04-19 19:51:14.58] [Worker 1] Test limit reached. Stopping.
[2026-04-19 19:51:14.59]  Saved reproducer to corpus/echidna/coverage/5737129264558432936.txt
[2026-04-19 19:51:14.59] [Worker 3] Test limit reached. Stopping.
[2026-04-19 19:51:14.60] [status] tests: 1/1, fuzzing: 5270/50000, values: [], cov: 1405, corpus: 6, gas/s: 0
echidna_no_phantom_credit: failed!💥  
  Call sequence:
    OWASP_06_VulnFuzz.scheduleToReverter(0)

Traces: 
call [1mMVE_O6_Vuln[0m::credited(address)([1mRevertingReceiver[0m) [1m(/mnt/c/Users/MSI/Desktop/Uni/Project-CSI/Final-Project-CSI-main/test/OWASP_06_Fuzz.sol:32)[0m
 └╴← (1)


Unique instructions: 1405
Unique codehashes: 3
Corpus size: 6
Seed: 4836611150963159726
Total calls: 5270

[2026-04-19 19:51:14.60] Saving test reproducers... Done! (0.008632551s)
[2026-04-19 19:51:14.61] Saving corpus... Done! (0.02955137s)
[2026-04-19 19:51:14.64] Saving foundry reproducers... Done! (0.006481923s)
[2026-04-19 19:51:14.64] Saving coverage... Done! (0.051152091s)
