Warning: unused option: solcVersion
[2026-04-19 19:50:35.34] Compiling `test/OWASP_04_Fuzz.sol`... Done! (0.49665314s)
Analyzing contract: /mnt/c/Users/MSI/Desktop/Uni/Project-CSI/Final-Project-CSI-main/test/OWASP_04_Fuzz.sol:OWASP_04_FixedFuzz
[2026-04-19 19:50:35.85] Running slither on `test/OWASP_04_Fuzz.sol`... Done! (0.220639188s)
Loaded 4 transaction sequences from corpus/echidna/reproducers
Loaded 44 transaction sequences from corpus/echidna/coverage
[2026-04-19 19:50:36.35] [Worker 0] New coverage: 225 instr, 2 contracts, 1 seqs in corpus
[2026-04-19 19:50:36.35] [Worker 3] New coverage: 225 instr, 2 contracts, 2 seqs in corpus
[2026-04-19 19:50:36.35] [Worker 0] Sequence replayed from corpus file 1452189698738998941.txt (1/12)
[2026-04-19 19:50:36.35] [Worker 3] Sequence replayed from corpus file 6268667897113576196.txt (1/12)
[2026-04-19 19:50:36.35] [Worker 0] Sequence replayed from corpus file 1827407018559690071.txt (2/12)
[2026-04-19 19:50:36.35] [Worker 0] Sequence replayed from corpus file 6268667897113576196.txt (3/12)
[2026-04-19 19:50:36.35] [Worker 0] New coverage: 636 instr, 2 contracts, 3 seqs in corpus
[2026-04-19 19:50:36.35] [Worker 0] Sequence replayed from corpus file 8864806242903538408.txt (4/12)
[2026-04-19 19:50:36.36] [Worker 1] Sequence replayed from corpus file 2250046604256806773.txt (1/12)
[2026-04-19 19:50:36.36] [Worker 3] Sequence replayed from corpus file 6275325763679058407.txt (2/12)
[2026-04-19 19:50:36.36] [Worker 2] New coverage: 636 instr, 2 contracts, 4 seqs in corpus
[2026-04-19 19:50:36.36] [Worker 2] Sequence replayed from corpus file 3964615687887459273.txt (1/12)
[2026-04-19 19:50:36.37]  Saved reproducer to corpus/echidna/coverage/8864806242903538408.txt
[2026-04-19 19:50:36.38] [Worker 0] Sequence replayed from corpus file 1272315269480093113.txt (5/12)
[2026-04-19 19:50:36.38] [Worker 1] Sequence replayed from corpus file 2312620418010382677.txt (2/12)
[2026-04-19 19:50:36.38] [Worker 1] WARNING: Sequence replay from corpus file 2366693484020494489.txt failed. The destination contract is not deployed for this transaction: Tx {call = SolCall ("seedLiquidity",[]), src = 0x10000, dst = 0x62D69f6867A0A084c6D313943dC22023BC263691, gas = 12500000, gasprice = 0x0, value = 0x0, delay = (0x214c9,0x9733)}. Remove the file or the transaction to fix the issue.
[2026-04-19 19:50:36.39] [Worker 3] New coverage: 765 instr, 2 contracts, 5 seqs in corpus
[2026-04-19 19:50:36.39] [Worker 3] Sequence replayed from corpus file 7545842089752992081.txt (3/12)
[2026-04-19 19:50:36.39] [Worker 2] Sequence replayed from corpus file 4218044368707527926.txt (2/12)
[2026-04-19 19:50:36.39] [Worker 0] Sequence replayed from corpus file 136422028706997084.txt (6/12)
[2026-04-19 19:50:36.40] [Worker 1] New coverage: 768 instr, 2 contracts, 6 seqs in corpus
[2026-04-19 19:50:36.40] [Worker 1] Sequence replayed from corpus file 2581688877749071989.txt (4/12)
[2026-04-19 19:50:36.40] [Worker 2] Sequence replayed from corpus file 4300667799207512545.txt (3/12)
[2026-04-19 19:50:36.40] [Worker 2] WARNING: Sequence replay from corpus file 4722320367017727553.txt failed. The destination contract is not deployed for this transaction: Tx {call = SolCall ("borrow",[0]), src = 0x20000, DST = 0X62D69F6867A0a084c6d313943Dc22023bC263691, gas = 12500000, gasprice = 0x0, value = 0x0, delay = (0x4dd39,0x6b0c)}. Remove the file or the transaction to fix the issue.
[2026-04-19 19:50:36.41] [Worker 0] Sequence replayed from corpus file 1439132272604759769.txt (7/12)
[2026-04-19 19:50:36.41] [Worker 3] New coverage: 927 instr, 2 contracts, 7 seqs in corpus
[2026-04-19 19:50:36.41] [Worker 3] Sequence replayed from corpus file 7599293948694684908.txt (4/12)
[2026-04-19 19:50:36.41] [Worker 0] Sequence replayed from corpus file 1452189698738998941.txt (8/12)
[2026-04-19 19:50:36.42] [Worker 1] Sequence replayed from corpus file 2631726265439469501.txt (5/12)
[2026-04-19 19:50:36.42] [Worker 1] WARNING: Sequence replay from corpus file 2954796917231162347.txt failed. The destination contract is not deployed for this transaction: Tx {call = SolCall ("collateral",[0x0000000000000000000000000000000000020000]), src = 0x20000, dSt = 0X62D69F6867A0a084C6D313943dC22023bC263691, gas = 12500000, gasprice = 0x0, value = 0x0, delay = (0x142ef,0x972d)}. Remove the file or the transaction to fix the issue.
[2026-04-19 19:50:36.42] [Worker 1] WARNING: Sequence replay from corpus file 3117107370078894828.txt failed. The destination contract is not deployed for this transaction: Tx {call = SolCall ("seedLiquidity",[]), src = 0x10000, DST = 0X62d69F6867A0A084C6D313943dC22023BC263691, gas = 12500000, gasprice = 0x0, value = 0x0, delay = (0x142ee,0x20ff)}. Remove the file or the transaction to fix the issue.
[2026-04-19 19:50:36.42] [Worker 2] Sequence replayed from corpus file 479371498318639832.txt (5/12)
[2026-04-19 19:50:36.44] [Worker 3] Sequence replayed from corpus file 7929481060142103425.txt (5/12)
[2026-04-19 19:50:36.44] [Worker 0] Sequence replayed from corpus file 1525686000149373029.txt (9/12)
[2026-04-19 19:50:36.44] [Worker 0] Sequence replayed from corpus file 1827407018559690071.txt (10/12)
[2026-04-19 19:50:36.44] [Worker 2] Sequence replayed from corpus file 4903871675519987651.txt (6/12)
[2026-04-19 19:50:36.44] [Worker 1] Sequence replayed from corpus file 3246821641138614846.txt (8/12)
[2026-04-19 19:50:36.44] [Worker 2] Sequence replayed from corpus file 5086363509404862029.txt (7/12)
[2026-04-19 19:50:36.44] [Worker 3] New coverage: 1155 instr, 2 contracts, 8 seqs in corpus
[2026-04-19 19:50:36.44] [Worker 3] Sequence replayed from corpus file 8009782160310800039.txt (6/12)
[2026-04-19 19:50:36.44] [Worker 0] Sequence replayed from corpus file 2079185573936702883.txt (11/12)
[2026-04-19 19:50:36.45] [Worker 1] Sequence replayed from corpus file 331579483070239335.txt (9/12)
[2026-04-19 19:50:36.45] [Worker 2] Sequence replayed from corpus file 5575027256662893171.txt (8/12)
[2026-04-19 19:50:36.45] [Worker 0] Sequence replayed from corpus file 2211506572492669667.txt (12/12)
[2026-04-19 19:50:36.45] [Worker 3] Sequence replayed from corpus file 8501008337639773828.txt (7/12)
[2026-04-19 19:50:36.45] [Worker 2] Sequence replayed from corpus file 5721394929084608143.txt (9/12)
[2026-04-19 19:50:36.45] [Worker 1] Sequence replayed from corpus file 3495880772445906856.txt (10/12)
[2026-04-19 19:50:36.45] [Worker 3] Sequence replayed from corpus file 8606019225071093899.txt (8/12)
[2026-04-19 19:50:36.45] [Worker 0] New coverage: 1213 instr, 2 contracts, 9 seqs in corpus
[2026-04-19 19:50:36.45] [Worker 2] Sequence replayed from corpus file 591135091102608615.txt (10/12)
[2026-04-19 19:50:36.46] [Worker 2] WARNING: Sequence replay from corpus file 6125864171135646698.txt failed. The destination contract is not deployed for this transaction: Tx {call = SolCall ("seedLiquidity",[]), src = 0x10000, dst = 0x62D69f6867A0A084c6D313943dC22023BC263691, gas = 12500000, gasprice = 0x0, value = 0x0, delay = (0x214c9,0x9733)}. Remove the file or the transaction to fix the issue.
[2026-04-19 19:50:36.46] [Worker 1] Sequence replayed from corpus file 3641147411829365675.txt (11/12)
[2026-04-19 19:50:36.46] [Worker 1] WARNING: Sequence replay from corpus file 3780014410365988224.txt failed. The destination contract is not deployed for this transaction: Tx {call = SolCall ("collateral",[0x0000000000000000000000000000000000020000]), src = 0x20000, dSt = 0X62D69F6867A0a084C6D313943dC22023bC263691, gas = 12500000, gasprice = 0x0, value = 0x0, delay = (0x142ef,0x972d)}. Remove the file or the transaction to fix the issue.
[2026-04-19 19:50:36.46] [Worker 3] Sequence replayed from corpus file 8721571438615730015.txt (9/12)
[2026-04-19 19:50:36.46] [Worker 2] Sequence replayed from corpus file 6166497993522157865.txt (12/12)
[2026-04-19 19:50:36.47] [Worker 3] Sequence replayed from corpus file 8746510944181660177.txt (10/12)
[2026-04-19 19:50:36.47]  Saved reproducer to corpus/echidna/coverage/514479850897989268.txt
[2026-04-19 19:50:36.47] [Worker 2] New coverage: 1213 instr, 2 contracts, 10 seqs in corpus
[2026-04-19 19:50:36.47] [Worker 3] Sequence replayed from corpus file 88376936411611116.txt (11/12)
[2026-04-19 19:50:36.48]  Saved reproducer to corpus/echidna/coverage/7699557514531849610.txt
[2026-04-19 19:50:36.48] [Worker 3] Sequence replayed from corpus file 88918879106246972.txt (12/12)
[2026-04-19 19:50:36.51] [Worker 0] New coverage: 1296 instr, 2 contracts, 11 seqs in corpus
[2026-04-19 19:50:36.53]  Saved reproducer to corpus/echidna/coverage/4107043591176889787.txt
[2026-04-19 19:50:36.57] [Worker 3] New coverage: 1299 instr, 2 contracts, 12 seqs in corpus
[2026-04-19 19:50:36.58] [Worker 3] New coverage: 1302 instr, 2 contracts, 13 seqs in corpus
[2026-04-19 19:50:36.58]  Saved reproducer to corpus/echidna/coverage/1934527165697504024.txt
[2026-04-19 19:50:36.59]  Saved reproducer to corpus/echidna/coverage/2115224329430076373.txt
[2026-04-19 19:50:36.81] [Worker 0] New coverage: 1305 instr, 2 contracts, 14 seqs in corpus
[2026-04-19 19:50:36.82]  Saved reproducer to corpus/echidna/coverage/2551918398196928109.txt
[2026-04-19 19:50:36.84] [Worker 0] New coverage: 1308 instr, 2 contracts, 15 seqs in corpus
[2026-04-19 19:50:36.86]  Saved reproducer to corpus/echidna/coverage/1376536911212113184.txt
[2026-04-19 19:50:37.38] [Worker 0] Test limit reached. Stopping.
[2026-04-19 19:50:37.40] [Worker 2] Test limit reached. Stopping.
[2026-04-19 19:50:37.43] [Worker 3] Test limit reached. Stopping.
[2026-04-19 19:50:37.44] [Worker 1] Test limit reached. Stopping.
[2026-04-19 19:50:37.44] [status] tests: 0/1, fuzzing: 50185/50000, values: [], cov: 1308, corpus: 15, gas/s: 1348830362
echidna_no_atomic_drain: passing

Unique instructions: 1308
Unique codehashes: 2
Corpus size: 15
Seed: 2206586910115095327
Total calls: 50185

[2026-04-19 19:50:37.44] Saving test reproducers... Done! (0.000001101s)
[2026-04-19 19:50:37.44] Saving corpus... Done! (0.068596313s)
[2026-04-19 19:50:37.51] Saving foundry reproducers... Done! (0.002539811s)
[2026-04-19 19:50:37.51] Saving coverage... Done! (0.029038926s)
