Warning: unused option: solcVersion
[2026-04-19 19:51:15.72] Compiling `test/OWASP_06_Fuzz.sol`... Done! (0.674476403s)
Analyzing contract: /mnt/c/Users/MSI/Desktop/Uni/Project-CSI/Final-Project-CSI-main/test/OWASP_06_Fuzz.sol:OWASP_06_FixedFuzz
[2026-04-19 19:51:16.42] Running slither on `test/OWASP_06_Fuzz.sol`... Done! (0.262569496s)
Loaded 5 transaction sequences from corpus/echidna/reproducers
Loaded 59 transaction sequences from corpus/echidna/coverage
[2026-04-19 19:51:17.25] [Worker 0] New coverage: 251 instr, 3 contracts, 1 seqs in corpus
[2026-04-19 19:51:17.25] [Worker 0] Sequence replayed from corpus file 1452189698738998941.txt (1/16)
[2026-04-19 19:51:17.25] [Worker 0] Sequence replayed from corpus file 1827407018559690071.txt (2/16)
[2026-04-19 19:51:17.25] [Worker 0] New coverage: 1097 instr, 3 contracts, 2 seqs in corpus
[2026-04-19 19:51:17.25] [Worker 0] Sequence replayed from corpus file 6094103462352870298.txt (3/16)
[2026-04-19 19:51:17.25] [Worker 0] Sequence replayed from corpus file 6268667897113576196.txt (4/16)
[2026-04-19 19:51:17.25] [Worker 0] Sequence replayed from corpus file 8864806242903538408.txt (5/16)
[2026-04-19 19:51:17.25] [Worker 2] Sequence replayed from corpus file 4218044368707527926.txt (1/16)
[2026-04-19 19:51:17.25] [Worker 3] New coverage: 1097 instr, 3 contracts, 3 seqs in corpus
[2026-04-19 19:51:17.25] [Worker 3] Sequence replayed from corpus file 7545842089752992081.txt (1/16)
[2026-04-19 19:51:17.25] [Worker 1] New coverage: 1097 instr, 3 contracts, 4 seqs in corpus
[2026-04-19 19:51:17.25] [Worker 1] Sequence replayed from corpus file 2250046604256806773.txt (1/16)
[2026-04-19 19:51:17.25] [Worker 0] Sequence replayed from corpus file 1272315269480093113.txt (6/16)
[2026-04-19 19:51:17.26] [Worker 2] Sequence replayed from corpus file 4300667799207512545.txt (2/16)
[2026-04-19 19:51:17.26] [Worker 3] Sequence replayed from corpus file 7588820713148210740.txt (2/16)
[2026-04-19 19:51:17.26] [Worker 0] Sequence replayed from corpus file 136422028706997084.txt (7/16)
[2026-04-19 19:51:17.26] [Worker 1] Sequence replayed from corpus file 2312620418010382677.txt (2/16)
[2026-04-19 19:51:17.26]  Saved reproducer to corpus/echidna/coverage/6094103462352870298.txt
[2026-04-19 19:51:17.27] [Worker 2] New coverage: 1101 instr, 3 contracts, 5 seqs in corpus
[2026-04-19 19:51:17.27] [Worker 2] Sequence replayed from corpus file 4722320367017727553.txt (3/16)
[2026-04-19 19:51:17.27] [Worker 3] Sequence replayed from corpus file 7599293948694684908.txt (3/16)
[2026-04-19 19:51:17.27] [Worker 1] Sequence replayed from corpus file 2366693484020494489.txt (3/16)
[2026-04-19 19:51:17.27] [Worker 0] New coverage: 1101 instr, 3 contracts, 6 seqs in corpus
[2026-04-19 19:51:17.27] [Worker 0] Sequence replayed from corpus file 1376536911212113184.txt (8/16)
[2026-04-19 19:51:17.27] [Worker 2] Sequence replayed from corpus file 479371498318639832.txt (4/16)
[2026-04-19 19:51:17.27] [Worker 0] Sequence replayed from corpus file 1439132272604759769.txt (9/16)
[2026-04-19 19:51:17.27] [Worker 0] Sequence replayed from corpus file 1452189698738998941.txt (10/16)
[2026-04-19 19:51:17.27] [Worker 3] Sequence replayed from corpus file 7687418961876039756.txt (4/16)
[2026-04-19 19:51:17.28] [Worker 1] Sequence replayed from corpus file 2551918398196928109.txt (4/16)
[2026-04-19 19:51:17.28] [Worker 3] Sequence replayed from corpus file 7699557514531849610.txt (5/16)
[2026-04-19 19:51:17.28] [Worker 2] Sequence replayed from corpus file 4903871675519987651.txt (5/16)
[2026-04-19 19:51:17.28] [Worker 0] Sequence replayed from corpus file 1525686000149373029.txt (11/16)
[2026-04-19 19:51:17.28] [Worker 0] Sequence replayed from corpus file 1827407018559690071.txt (12/16)
[2026-04-19 19:51:17.28] [Worker 1] Sequence replayed from corpus file 2581688877749071989.txt (5/16)
[2026-04-19 19:51:17.28] [Worker 3] Sequence replayed from corpus file 7929481060142103425.txt (6/16)
[2026-04-19 19:51:17.28] [Worker 2] Sequence replayed from corpus file 5086363509404862029.txt (6/16)
[2026-04-19 19:51:17.29] [Worker 3] Sequence replayed from corpus file 8009782160310800039.txt (7/16)
[2026-04-19 19:51:17.29] [Worker 0] Sequence replayed from corpus file 1934527165697504024.txt (13/16)
[2026-04-19 19:51:17.29] [Worker 1] Sequence replayed from corpus file 2606617850888215744.txt (6/16)
[2026-04-19 19:51:17.29] [Worker 2] Sequence replayed from corpus file 514479850897989268.txt (7/16)
[2026-04-19 19:51:17.29] [Worker 3] Sequence replayed from corpus file 8441367243832867278.txt (8/16)
[2026-04-19 19:51:17.29] [Worker 0] Sequence replayed from corpus file 2079185573936702883.txt (14/16)
[2026-04-19 19:51:17.29] [Worker 1] Sequence replayed from corpus file 2631726265439469501.txt (7/16)
[2026-04-19 19:51:17.30] [Worker 3] Sequence replayed from corpus file 8501008337639773828.txt (9/16)
[2026-04-19 19:51:17.30] [Worker 2] Sequence replayed from corpus file 5575027256662893171.txt (8/16)
[2026-04-19 19:51:17.30] [Worker 0] Sequence replayed from corpus file 2115224329430076373.txt (15/16)
[2026-04-19 19:51:17.30] [Worker 1] Sequence replayed from corpus file 2954796917231162347.txt (8/16)
[2026-04-19 19:51:17.30] [Worker 2] Sequence replayed from corpus file 5721394929084608143.txt (9/16)
[2026-04-19 19:51:17.30] [Worker 3] Sequence replayed from corpus file 8606019225071093899.txt (10/16)
[2026-04-19 19:51:17.30] [Worker 0] Sequence replayed from corpus file 2211506572492669667.txt (16/16)
[2026-04-19 19:51:17.31] [Worker 1] Sequence replayed from corpus file 3117107370078894828.txt (9/16)
[2026-04-19 19:51:17.31] [Worker 3] Sequence replayed from corpus file 8721571438615730015.txt (11/16)
[2026-04-19 19:51:17.31] [Worker 1] Sequence replayed from corpus file 3246821641138614846.txt (10/16)
[2026-04-19 19:51:17.32] [Worker 3] Sequence replayed from corpus file 8746510944181660177.txt (12/16)
[2026-04-19 19:51:17.33] [Worker 0] New coverage: 1489 instr, 3 contracts, 7 seqs in corpus
[2026-04-19 19:51:17.33] [Worker 1] Sequence replayed from corpus file 331579483070239335.txt (11/16)
[2026-04-19 19:51:17.33] [Worker 2] New coverage: 1489 instr, 3 contracts, 8 seqs in corpus
[2026-04-19 19:51:17.33] [Worker 2] Sequence replayed from corpus file 5737129264558432936.txt (10/16)
[2026-04-19 19:51:17.33] [Worker 3] Sequence replayed from corpus file 8816047107854424912.txt (13/16)
[2026-04-19 19:51:17.33] [Worker 1] Sequence replayed from corpus file 3495880772445906856.txt (12/16)
[2026-04-19 19:51:17.33] [Worker 2] Sequence replayed from corpus file 591135091102608615.txt (11/16)
[2026-04-19 19:51:17.33] [Worker 3] Sequence replayed from corpus file 88376936411611116.txt (14/16)
[2026-04-19 19:51:17.33] [Worker 3] Sequence replayed from corpus file 8864806242903538408.txt (15/16)
[2026-04-19 19:51:17.34] [Worker 1] Sequence replayed from corpus file 3641147411829365675.txt (13/16)
[2026-04-19 19:51:17.34] [Worker 2] Sequence replayed from corpus file 6125864171135646698.txt (12/16)
[2026-04-19 19:51:17.34] [Worker 3] Sequence replayed from corpus file 88918879106246972.txt (16/16)
[2026-04-19 19:51:17.34] [Worker 1] Sequence replayed from corpus file 3780014410365988224.txt (14/16)
[2026-04-19 19:51:17.34] [Worker 2] Sequence replayed from corpus file 6166497993522157865.txt (13/16)
[2026-04-19 19:51:17.34] [Worker 2] Sequence replayed from corpus file 6268667897113576196.txt (14/16)
[2026-04-19 19:51:17.34] [Worker 1] Sequence replayed from corpus file 3964615687887459273.txt (15/16)
[2026-04-19 19:51:17.34] [Worker 2] Sequence replayed from corpus file 6275325763679058407.txt (15/16)
[2026-04-19 19:51:17.35] [Worker 1] Sequence replayed from corpus file 4107043591176889787.txt (16/16)
[2026-04-19 19:51:17.35]  Saved reproducer to corpus/echidna/coverage/900947245564972896.txt
[2026-04-19 19:51:17.36] [Worker 2] Sequence replayed from corpus file 6480990898981786261.txt (16/16)
[2026-04-19 19:51:17.37] [Worker 3] New coverage: 1489 instr, 3 contracts, 9 seqs in corpus
[2026-04-19 19:51:17.37] [Worker 0] New coverage: 1489 instr, 3 contracts, 10 seqs in corpus
[2026-04-19 19:51:17.38]  Saved reproducer to corpus/echidna/coverage/8511629063655170100.txt
[2026-04-19 19:51:17.40]  Saved reproducer to corpus/echidna/coverage/8502406946798559018.txt
[2026-04-19 19:51:17.46] [Worker 1] New coverage: 1565 instr, 3 contracts, 11 seqs in corpus
[2026-04-19 19:51:17.47]  Saved reproducer to corpus/echidna/coverage/3624943762090496582.txt
[2026-04-19 19:51:17.49] [Worker 0] New coverage: 1565 instr, 3 contracts, 12 seqs in corpus
[2026-04-19 19:51:17.50]  Saved reproducer to corpus/echidna/coverage/6487040641841097174.txt
[2026-04-19 19:51:17.53] [Worker 0] New coverage: 1568 instr, 3 contracts, 13 seqs in corpus
[2026-04-19 19:51:17.54]  Saved reproducer to corpus/echidna/coverage/79624897523792426.txt
[2026-04-19 19:51:18.03] [Worker 1] New coverage: 1568 instr, 3 contracts, 14 seqs in corpus
[2026-04-19 19:51:18.04]  Saved reproducer to corpus/echidna/coverage/7967181382457404102.txt
[2026-04-19 19:51:18.75] [Worker 1] New coverage: 1568 instr, 3 contracts, 15 seqs in corpus
[2026-04-19 19:51:18.76]  Saved reproducer to corpus/echidna/coverage/606788451241787438.txt
[2026-04-19 19:51:19.09] [Worker 1] Test limit reached. Stopping.
[2026-04-19 19:51:19.09] [Worker 0] Test limit reached. Stopping.
[2026-04-19 19:51:19.09] [Worker 3] Test limit reached. Stopping.
[2026-04-19 19:51:19.12] [Worker 2] Test limit reached. Stopping.
[2026-04-19 19:51:19.12] [status] tests: 0/1, fuzzing: 50122/50000, values: [], cov: 1568, corpus: 15, gas/s: 652115548
echidna_no_phantom_credit: passing

Unique instructions: 1568
Unique codehashes: 3
Corpus size: 15
Seed: 3925312167348053762
Total calls: 50122

[2026-04-19 19:51:19.12] Saving test reproducers... Done! (0.000001368s)
[2026-04-19 19:51:19.12] Saving corpus... Done! (0.071865291s)
[2026-04-19 19:51:19.19] Saving foundry reproducers... Done! (0.002923244s)
[2026-04-19 19:51:19.20] Saving coverage... Done! (0.044495396s)
