Warning: unused option: solcVersion
[2026-04-19 19:50:14.60] Compiling `test/OWASP_02_Fuzz.sol`... Done! (0.531539886s)
Analyzing contract: /mnt/c/Users/MSI/Desktop/Uni/Project-CSI/Final-Project-CSI-main/test/OWASP_02_Fuzz.sol:OWASP_02_FixedFuzz
[2026-04-19 19:50:15.14] Running slither on `test/OWASP_02_Fuzz.sol`... Done! (0.215476124s)
Loaded 2 transaction sequences from corpus/echidna/reproducers
Loaded 16 transaction sequences from corpus/echidna/coverage
[2026-04-19 19:50:15.49] [Worker 0] New coverage: 281 instr, 2 contracts, 1 seqs in corpus
[2026-04-19 19:50:15.49] [Worker 0] Sequence replayed from corpus file 1452189698738998941.txt (1/5)
[2026-04-19 19:50:15.49] [Worker 0] New coverage: 612 instr, 2 contracts, 2 seqs in corpus
[2026-04-19 19:50:15.49] [Worker 0] Sequence replayed from corpus file 6268667897113576196.txt (2/5)
[2026-04-19 19:50:15.50] [Worker 3] New coverage: 612 instr, 2 contracts, 3 seqs in corpus
[2026-04-19 19:50:15.50] [Worker 3] Sequence replayed from corpus file 8501008337639773828.txt (1/3)
[2026-04-19 19:50:15.50] [Worker 2] New coverage: 612 instr, 2 contracts, 4 seqs in corpus
[2026-04-19 19:50:15.50] [Worker 2] Sequence replayed from corpus file 4218044368707527926.txt (1/5)
[2026-04-19 19:50:15.50] [Worker 1] New coverage: 612 instr, 2 contracts, 5 seqs in corpus
[2026-04-19 19:50:15.50] [Worker 1] Sequence replayed from corpus file 1525686000149373029.txt (1/5)
[2026-04-19 19:50:15.50] [Worker 0] Sequence replayed from corpus file 1272315269480093113.txt (3/5)
[2026-04-19 19:50:15.50]  Saved reproducer to corpus/echidna/coverage/6268667897113576196.txt
[2026-04-19 19:50:15.51] [Worker 3] Sequence replayed from corpus file 8721571438615730015.txt (2/3)
[2026-04-19 19:50:15.51] [Worker 0] Sequence replayed from corpus file 136422028706997084.txt (4/5)
[2026-04-19 19:50:15.51] [Worker 1] Sequence replayed from corpus file 2079185573936702883.txt (2/5)
[2026-04-19 19:50:15.51] [Worker 0] Sequence replayed from corpus file 1452189698738998941.txt (5/5)
[2026-04-19 19:50:15.52] [Worker 2] New coverage: 1161 instr, 2 contracts, 6 seqs in corpus
[2026-04-19 19:50:15.52] [Worker 2] Sequence replayed from corpus file 5575027256662893171.txt (2/5)
[2026-04-19 19:50:15.53] [Worker 3] Sequence replayed from corpus file 88918879106246972.txt (3/3)
[2026-04-19 19:50:15.53] [Worker 1] Sequence replayed from corpus file 2211506572492669667.txt (3/5)
[2026-04-19 19:50:15.54] [Worker 2] Sequence replayed from corpus file 591135091102608615.txt (3/5)
[2026-04-19 19:50:15.55] [Worker 0] New coverage: 1161 instr, 2 contracts, 7 seqs in corpus
[2026-04-19 19:50:15.55] [Worker 1] Sequence replayed from corpus file 2631726265439469501.txt (4/5)
[2026-04-19 19:50:15.56] [Worker 2] Sequence replayed from corpus file 6166497993522157865.txt (4/5)
[2026-04-19 19:50:15.57]  Saved reproducer to corpus/echidna/coverage/8746510944181660177.txt
[2026-04-19 19:50:15.57] [Worker 1] Sequence replayed from corpus file 3641147411829365675.txt (5/5)
[2026-04-19 19:50:15.59] [Worker 2] Sequence replayed from corpus file 7929481060142103425.txt (5/5)
[2026-04-19 19:50:16.00] [Worker 0] New coverage: 1164 instr, 2 contracts, 8 seqs in corpus
[2026-04-19 19:50:16.01]  Saved reproducer to corpus/echidna/coverage/7545842089752992081.txt
[2026-04-19 19:50:16.21] [Worker 1] New coverage: 1167 instr, 2 contracts, 9 seqs in corpus
[2026-04-19 19:50:16.22]  Saved reproducer to corpus/echidna/coverage/5721394929084608143.txt
[2026-04-19 19:50:16.27] [Worker 1] New coverage: 1170 instr, 2 contracts, 10 seqs in corpus
[2026-04-19 19:50:16.28]  Saved reproducer to corpus/echidna/coverage/331579483070239335.txt
[2026-04-19 19:50:16.45] [Worker 1] New coverage: 1173 instr, 2 contracts, 11 seqs in corpus
[2026-04-19 19:50:16.47]  Saved reproducer to corpus/echidna/coverage/2581688877749071989.txt
[2026-04-19 19:50:16.66] [Worker 2] New coverage: 1173 instr, 2 contracts, 12 seqs in corpus
[2026-04-19 19:50:16.67]  Saved reproducer to corpus/echidna/coverage/3246821641138614846.txt
[2026-04-19 19:50:16.88] [Worker 1] New coverage: 1173 instr, 2 contracts, 13 seqs in corpus
[2026-04-19 19:50:16.89]  Saved reproducer to corpus/echidna/coverage/8606019225071093899.txt
[2026-04-19 19:50:16.91] [Worker 0] New coverage: 1363 instr, 2 contracts, 14 seqs in corpus
[2026-04-19 19:50:16.92]  Saved reproducer to corpus/echidna/coverage/7599293948694684908.txt
[2026-04-19 19:50:17.01] [Worker 1] Test limit reached. Stopping.
[2026-04-19 19:50:17.01] [Worker 0] Test limit reached. Stopping.
[2026-04-19 19:50:17.03] [Worker 2] Test limit reached. Stopping.
[2026-04-19 19:50:17.03] [Worker 3] Test limit reached. Stopping.
[2026-04-19 19:50:17.03] [status] tests: 0/1, fuzzing: 50313/50000, values: [], cov: 1363, corpus: 14, gas/s: 736648941
echidna_bonus_claimed_once: passing

Unique instructions: 1363
Unique codehashes: 2
Corpus size: 14
Seed: 7905599692993046677
Total calls: 50313

[2026-04-19 19:50:17.04] Saving test reproducers... Done! (0.000001057s)
[2026-04-19 19:50:17.04] Saving corpus... Done! (0.066159434s)
[2026-04-19 19:50:17.10] Saving foundry reproducers... Done! (0.002705475s)
[2026-04-19 19:50:17.10] Saving coverage... Done! (0.030790901s)
