Warning: unused option: solcVersion
[2026-04-19 19:51:50.60] Compiling `test/OWASP_08_Fuzz.sol`... Done! (0.669210074s)
Analyzing contract: /mnt/c/Users/MSI/Desktop/Uni/Project-CSI/Final-Project-CSI-main/test/OWASP_08_Fuzz.sol:OWASP_08_FixedFuzz
[2026-04-19 19:51:51.29] Running slither on `test/OWASP_08_Fuzz.sol`... Done! (0.257984241s)
Loaded 7 transaction sequences from corpus/echidna/reproducers
Loaded 85 transaction sequences from corpus/echidna/coverage
[2026-04-19 19:51:52.14] [Worker 1] WARNING: Sequence replay from corpus file 2366693484020494489.txt failed. The destination contract is not deployed for this transaction: Tx {call = SolCall ("seedLiquidity",[]), src = 0x10000, dst = 0x62D69f6867A0A084c6D313943dC22023BC263691, gas = 12500000, gasprice = 0x0, value = 0x0, delay = (0x214c9,0x9733)}. Remove the file or the transaction to fix the issue.
[2026-04-19 19:51:52.15] [Worker 0] New coverage: 573 instr, 2 contracts, 1 seqs in corpus
[2026-04-19 19:51:52.15] [Worker 0] Sequence replayed from corpus file 1147482941628608687.txt (1/23)
[2026-04-19 19:51:52.15] [Worker 0] Sequence replayed from corpus file 1452189698738998941.txt (2/23)
[2026-04-19 19:51:52.15] [Worker 0] Sequence replayed from corpus file 1827407018559690071.txt (3/23)
[2026-04-19 19:51:52.15] [Worker 0] Sequence replayed from corpus file 429198744153474129.txt (4/23)
[2026-04-19 19:51:52.15] [Worker 2] New coverage: 650 instr, 2 contracts, 2 seqs in corpus
[2026-04-19 19:51:52.15] [Worker 2] Sequence replayed from corpus file 479371498318639832.txt (1/23)
[2026-04-19 19:51:52.15] [Worker 0] Sequence replayed from corpus file 6094103462352870298.txt (5/23)
[2026-04-19 19:51:52.15] [Worker 0] Sequence replayed from corpus file 6268667897113576196.txt (6/23)
[2026-04-19 19:51:52.15] [Worker 0] Sequence replayed from corpus file 8864806242903538408.txt (7/23)
[2026-04-19 19:51:52.15] [Worker 0] Sequence replayed from corpus file 1147482941628608687.txt (8/23)
[2026-04-19 19:51:52.15] [Worker 2] Sequence replayed from corpus file 4903871675519987651.txt (2/23)
[2026-04-19 19:51:52.16] [Worker 2] Sequence replayed from corpus file 5086363509404862029.txt (3/23)
[2026-04-19 19:51:52.20] [Worker 0] Sequence replayed from corpus file 1272315269480093113.txt (9/23)
[2026-04-19 19:51:52.20] [Worker 1] New coverage: 895 instr, 2 contracts, 3 seqs in corpus
[2026-04-19 19:51:52.20] [Worker 1] Sequence replayed from corpus file 2504713298031812608.txt (2/23)
[2026-04-19 19:51:52.20] [Worker 2] Sequence replayed from corpus file 514479850897989268.txt (4/23)
[2026-04-19 19:51:52.21] [Worker 2] WARNING: Sequence replay from corpus file 5472587043690756556.txt failed. The destination contract is not deployed for this transaction: Tx {call = SolCall ("token",[]), src = 0x10000, dst = 0X62D69F6867A0A084c6d313943dC22023BC263691, gas = 12500000, gasprice = 0x0, value = 0x0, delay = (0x1d389,0x9de)}. Remove the file or the transaction to fix the issue.
[2026-04-19 19:51:52.21] [Worker 3] New coverage: 898 instr, 2 contracts, 4 seqs in corpus
[2026-04-19 19:51:52.21] [Worker 3] Sequence replayed from corpus file 7573893382168289186.txt (1/23)
[2026-04-19 19:51:52.21] [Worker 1] Sequence replayed from corpus file 2551918398196928109.txt (3/23)
[2026-04-19 19:51:52.21] [Worker 0] Sequence replayed from corpus file 136422028706997084.txt (10/23)
[2026-04-19 19:51:52.21] [Worker 3] New coverage: 1095 instr, 2 contracts, 5 seqs in corpus
[2026-04-19 19:51:52.21] [Worker 3] Sequence replayed from corpus file 7588820713148210740.txt (2/23)
[2026-04-19 19:51:52.21] [Worker 1] Sequence replayed from corpus file 2581688877749071989.txt (4/23)
[2026-04-19 19:51:52.22] [Worker 0] Sequence replayed from corpus file 1376536911212113184.txt (11/23)
[2026-04-19 19:51:52.22] [Worker 2] New coverage: 1095 instr, 2 contracts, 6 seqs in corpus
[2026-04-19 19:51:52.22] [Worker 2] Sequence replayed from corpus file 5507714098716226568.txt (6/23)
[2026-04-19 19:51:52.22] [Worker 3] Sequence replayed from corpus file 7599293948694684908.txt (3/23)
[2026-04-19 19:51:52.22] [Worker 1] Sequence replayed from corpus file 2606617850888215744.txt (5/23)
[2026-04-19 19:51:52.22] [Worker 2] Sequence replayed from corpus file 5575027256662893171.txt (7/23)
[2026-04-19 19:51:52.22] [Worker 1] Sequence replayed from corpus file 2631726265439469501.txt (6/23)
[2026-04-19 19:51:52.22] [Worker 1] WARNING: Sequence replay from corpus file 2954796917231162347.txt failed. The destination contract is not deployed for this transaction: Tx {call = SolCall ("collateral",[0x0000000000000000000000000000000000020000]), src = 0x20000, dSt = 0X62D69F6867A0a084C6D313943dC22023bC263691, gas = 12500000, gasprice = 0x0, value = 0x0, delay = (0x142ef,0x972d)}. Remove the file or the transaction to fix the issue.
[2026-04-19 19:51:52.22] [Worker 1] WARNING: Sequence replay from corpus file 3117107370078894828.txt failed. The destination contract is not deployed for this transaction: Tx {call = SolCall ("seedLiquidity",[]), src = 0x10000, DST = 0X62d69F6867A0A084C6D313943dC22023BC263691, gas = 12500000, gasprice = 0x0, value = 0x0, delay = (0x142ee,0x20ff)}. Remove the file or the transaction to fix the issue.
[2026-04-19 19:51:52.23] [Worker 3] Sequence replayed from corpus file 7687418961876039756.txt (4/23)
[2026-04-19 19:51:52.23] [Worker 2] Sequence replayed from corpus file 5721394929084608143.txt (8/23)
[2026-04-19 19:51:52.23] [Worker 2] WARNING: Sequence replay from corpus file 5737129264558432936.txt failed. The destination contract is not deployed for this transaction: Tx {call = SolCall ("",[]), src = 0x10000, DsT = 0X62d69f6867A0A084C6d313943dC22023BC263691, gas = 12500000, gasprice = 0x0, value = 0x0, delay = (0x5caa0,0x9cf)}. Remove the file or the transaction to fix the issue.
[2026-04-19 19:51:52.23] [Worker 3] Sequence replayed from corpus file 7699557514531849610.txt (5/23)
[2026-04-19 19:51:52.23] [Worker 1] Sequence replayed from corpus file 3246821641138614846.txt (9/23)
[2026-04-19 19:51:52.23] [Worker 0] Sequence replayed from corpus file 143041619300913513.txt (12/23)
[2026-04-19 19:51:52.23] [Worker 2] Sequence replayed from corpus file 591135091102608615.txt (10/23)
[2026-04-19 19:51:52.23] [Worker 2] WARNING: Sequence replay from corpus file 606788451241787438.txt failed. The destination contract is not deployed for this transaction: Tx {call = SolCall ("",[]), src = 0x10000, DST = 0X62d69F6867A0A084C6D313943DC22023bc263691, gas = 12500000, gasprice = 0x0, value = 0x0, delay = (0x6123,0x87a0)}. Remove the file or the transaction to fix the issue.
[2026-04-19 19:51:52.23] [Worker 2] Sequence replayed from corpus file 6094103462352870298.txt (12/23)
[2026-04-19 19:51:52.23] [Worker 2] WARNING: Sequence replay from corpus file 6125864171135646698.txt failed. The destination contract is not deployed for this transaction: Tx {call = SolCall ("seedLiquidity",[]), src = 0x10000, dst = 0x62D69f6867A0A084c6D313943dC22023BC263691, gas = 12500000, gasprice = 0x0, value = 0x0, delay = (0x214c9,0x9733)}. Remove the file or the transaction to fix the issue.
[2026-04-19 19:51:52.23] [Worker 1] Sequence replayed from corpus file 331579483070239335.txt (10/23)
[2026-04-19 19:51:52.24] [Worker 3] Sequence replayed from corpus file 7929481060142103425.txt (6/23)
[2026-04-19 19:51:52.24] [Worker 3] WARNING: Sequence replay from corpus file 79624897523792426.txt failed. The destination contract is not deployed for this transaction: Tx {call = SolCall ("",[]), src = 0x10000, DST = 0X62d69F6867A0A084C6D313943DC22023bc263691, gas = 12500000, gasprice = 0x0, value = 0x0, delay = (0x6123,0x87a0)}. Remove the file or the transaction to fix the issue.
[2026-04-19 19:51:52.24] [Worker 3] WARNING: Sequence replay from corpus file 7967181382457404102.txt failed. The destination contract is not deployed for this transaction: Tx {call = SolCall ("",[]), src = 0x10000, DST = 0X62d69F6867A0A084C6D313943DC22023bc263691, gas = 12500000, gasprice = 0x0, value = 0x0, delay = (0x6123,0x87a0)}. Remove the file or the transaction to fix the issue.
[2026-04-19 19:51:52.24] [Worker 0] Sequence replayed from corpus file 1439132272604759769.txt (13/23)
[2026-04-19 19:51:52.24] [Worker 0] Sequence replayed from corpus file 1452189698738998941.txt (14/23)
[2026-04-19 19:51:52.24] [Worker 3] Sequence replayed from corpus file 8009782160310800039.txt (9/23)
[2026-04-19 19:51:52.24] [Worker 1] Sequence replayed from corpus file 3495880772445906856.txt (11/23)
[2026-04-19 19:51:52.24] [Worker 2] Sequence replayed from corpus file 6166497993522157865.txt (14/23)
[2026-04-19 19:51:52.24] [Worker 1] WARNING: Sequence replay from corpus file 3624943762090496582.txt failed. The destination contract is not deployed for this transaction: Tx {call = SolCall ("",[]), src = 0x30000, dst = 0X62D69F6867A0a084C6D313943dC22023Bc263691, gas = 12500000, gasprice = 0x0, value = 0x0, delay = (0x214ca,0x7bd3)}. Remove the file or the transaction to fix the issue.
[2026-04-19 19:51:52.24] [Worker 0] Sequence replayed from corpus file 1525686000149373029.txt (15/23)
[2026-04-19 19:51:52.25] [Worker 0] Sequence replayed from corpus file 1827407018559690071.txt (16/23)
[2026-04-19 19:51:52.25] [Worker 1] Sequence replayed from corpus file 3641147411829365675.txt (13/23)
[2026-04-19 19:51:52.25] [Worker 0] WARNING: Sequence replay from corpus file 1884772071553819129.txt failed. The destination contract is not deployed for this transaction: Tx {call = SolCall ("token",[]), src = 0x10000, dst = 0X62D69F6867A0A084c6d313943dC22023BC263691, gas = 12500000, gasprice = 0x0, value = 0x0, delay = (0x1d389,0x9de)}. Remove the file or the transaction to fix the issue.
[2026-04-19 19:51:52.25] [Worker 0] Sequence replayed from corpus file 1934527165697504024.txt (18/23)
[2026-04-19 19:51:52.26] [Worker 1] Sequence replayed from corpus file 3719294952061211078.txt (14/23)
[2026-04-19 19:51:52.26] [Worker 1] WARNING: Sequence replay from corpus file 3780014410365988224.txt failed. The destination contract is not deployed for this transaction: Tx {call = SolCall ("collateral",[0x0000000000000000000000000000000000020000]), src = 0x20000, dSt = 0X62D69F6867A0a084C6D313943dC22023bC263691, gas = 12500000, gasprice = 0x0, value = 0x0, delay = (0x142ef,0x972d)}. Remove the file or the transaction to fix the issue.
[2026-04-19 19:51:52.26] [Worker 0] Sequence replayed from corpus file 2079185573936702883.txt (19/23)
[2026-04-19 19:51:52.27] [Worker 2] New coverage: 1162 instr, 2 contracts, 7 seqs in corpus
[2026-04-19 19:51:52.27] [Worker 2] Sequence replayed from corpus file 6172461052354861167.txt (15/23)
[2026-04-19 19:51:52.27] [Worker 2] Sequence replayed from corpus file 6268667897113576196.txt (16/23)
[2026-04-19 19:51:52.27] [Worker 1] Sequence replayed from corpus file 3964615687887459273.txt (16/23)
[2026-04-19 19:51:52.27] [Worker 0] Sequence replayed from corpus file 2115224329430076373.txt (20/23)
[2026-04-19 19:51:52.29] [Worker 3] New coverage: 1162 instr, 2 contracts, 8 seqs in corpus
[2026-04-19 19:51:52.29] [Worker 3] Sequence replayed from corpus file 8347600152285091172.txt (10/23)
[2026-04-19 19:51:52.29] [Worker 2] Sequence replayed from corpus file 6275325763679058407.txt (17/23)
[2026-04-19 19:51:52.29] [Worker 0] Sequence replayed from corpus file 2211506572492669667.txt (21/23)
[2026-04-19 19:51:52.29] [Worker 1] Sequence replayed from corpus file 4107043591176889787.txt (17/23)
[2026-04-19 19:51:52.29] [Worker 2] WARNING: Sequence replay from corpus file 6445395239242402955.txt failed. The destination contract is not deployed for this transaction: Tx {call = SolCall ("token",[]), src = 0x10000, dst = 0X62D69F6867A0A084c6d313943dC22023BC263691, gas = 12500000, gasprice = 0x0, value = 0x0, delay = (0x1d389,0x9de)}. Remove the file or the transaction to fix the issue.
[2026-04-19 19:51:52.29] [Worker 3] Sequence replayed from corpus file 8441367243832867278.txt (11/23)
[2026-04-19 19:51:52.29] [Worker 2] WARNING: Sequence replay from corpus file 6480990898981786261.txt failed. The destination contract is not deployed for this transaction: Tx {call = SolCall ("",[]), src = 0x20000, DSt = 0x62D69F6867a0a084C6D313943DC22023bC263691, gas = 12500000, gasprice = 0x0, value = 0x0, delay = (0x712e3,0x1b23)}. Remove the file or the transaction to fix the issue.
[2026-04-19 19:51:52.29] [Worker 2] WARNING: Sequence replay from corpus file 6487040641841097174.txt failed. The destination contract is not deployed for this transaction: Tx {call = SolCall ("",[]), src = 0x10000, DST = 0X62d69F6867A0A084C6D313943DC22023bc263691, gas = 12500000, gasprice = 0x0, value = 0x0, delay = (0x6123,0x87a0)}. Remove the file or the transaction to fix the issue.
[2026-04-19 19:51:52.30] [Worker 0] Sequence replayed from corpus file 2250046604256806773.txt (22/23)
[2026-04-19 19:51:52.30] [Worker 3] Sequence replayed from corpus file 8501008337639773828.txt (12/23)
[2026-04-19 19:51:52.30] [Worker 3] WARNING: Sequence replay from corpus file 8502406946798559018.txt failed. The destination contract is not deployed for this transaction: Tx {call = SolCall ("",[]), src = 0x10000, DST = 0X62d69F6867A0A084C6D313943DC22023bc263691, gas = 12500000, gasprice = 0x0, value = 0x0, delay = (0x6123,0x87a0)}. Remove the file or the transaction to fix the issue.
[2026-04-19 19:51:52.30] [Worker 1] Sequence replayed from corpus file 4218044368707527926.txt (18/23)
[2026-04-19 19:51:52.30] [Worker 3] WARNING: Sequence replay from corpus file 8511629063655170100.txt failed. The destination contract is not deployed for this transaction: Tx {call = SolCall ("",[]), src = 0x10000, DsT = 0X62D69f6867a0A084c6D313943Dc22023bc263691, gas = 12500000, gasprice = 0x0, value = 0x0, delay = (0x103ef,0x2c55)}. Remove the file or the transaction to fix the issue.
[2026-04-19 19:51:52.30] [Worker 0] Sequence replayed from corpus file 2312620418010382677.txt (23/23)
[2026-04-19 19:51:52.31] [Worker 3] Sequence replayed from corpus file 8606019225071093899.txt (15/23)
[2026-04-19 19:51:52.31] [Worker 3] Sequence replayed from corpus file 8721571438615730015.txt (16/23)
[2026-04-19 19:51:52.31] [Worker 2] Sequence replayed from corpus file 6843839812021103424.txt (21/23)
[2026-04-19 19:51:52.31] [Worker 1] Sequence replayed from corpus file 4263861369944305064.txt (19/23)
[2026-04-19 19:51:52.31] [Worker 1] Sequence replayed from corpus file 429198744153474129.txt (20/23)
[2026-04-19 19:51:52.32] [Worker 3] Sequence replayed from corpus file 8746510944181660177.txt (17/23)
[2026-04-19 19:51:52.32] [Worker 1] Sequence replayed from corpus file 4300667799207512545.txt (21/23)
[2026-04-19 19:51:52.32] [Worker 3] Sequence replayed from corpus file 8816047107854424912.txt (18/23)
[2026-04-19 19:51:52.32] [Worker 3] Sequence replayed from corpus file 88376936411611116.txt (19/23)
[2026-04-19 19:51:52.32] [Worker 3] Sequence replayed from corpus file 8864806242903538408.txt (20/23)
[2026-04-19 19:51:52.33] [Worker 2] Sequence replayed from corpus file 7541016534342641440.txt (22/23)
[2026-04-19 19:51:52.33] [Worker 3] Sequence replayed from corpus file 88918879106246972.txt (21/23)
[2026-04-19 19:51:52.33] [Worker 3] WARNING: Sequence replay from corpus file 900947245564972896.txt failed. The destination contract is not deployed for this transaction: Tx {call = SolCall ("",[]), src = 0x10000, DST = 0X62d69F6867A0A084C6D313943DC22023bc263691, gas = 12500000, gasprice = 0x0, value = 0x0, delay = (0x6123,0x87a0)}. Remove the file or the transaction to fix the issue.
[2026-04-19 19:51:52.33] [Worker 3] WARNING: Sequence replay from corpus file 9012819905411243058.txt failed. The destination contract is not deployed for this transaction: Tx {call = SolCall ("token",[]), src = 0x10000, dst = 0X62D69F6867A0A084c6d313943dC22023BC263691, gas = 12500000, gasprice = 0x0, value = 0x0, delay = (0x1d389,0x9de)}. Remove the file or the transaction to fix the issue.
[2026-04-19 19:51:52.33] [Worker 2] Sequence replayed from corpus file 7545842089752992081.txt (23/23)
[2026-04-19 19:51:52.34] [Worker 1] New coverage: 1165 instr, 2 contracts, 9 seqs in corpus
[2026-04-19 19:51:52.34] [Worker 1] Sequence replayed from corpus file 4350964911548517955.txt (22/23)
[2026-04-19 19:51:52.34] [Worker 1] WARNING: Sequence replay from corpus file 4722320367017727553.txt failed. The destination contract is not deployed for this transaction: Tx {call = SolCall ("borrow",[0]), src = 0x20000, DST = 0X62D69F6867A0a084c6d313943Dc22023bC263691, gas = 12500000, gasprice = 0x0, value = 0x0, delay = (0x4dd39,0x6b0c)}. Remove the file or the transaction to fix the issue.
[2026-04-19 19:51:54.88] [Worker 1] Test limit reached. Stopping.
[2026-04-19 19:51:55.03] [Worker 3] Test limit reached. Stopping.
[2026-04-19 19:51:55.07] [Worker 2] Test limit reached. Stopping.
[2026-04-19 19:51:55.08] [Worker 0] Test limit reached. Stopping.
[2026-04-19 19:51:55.08] [status] tests: 0/1, fuzzing: 50203/50000, values: [], cov: 1165, corpus: 9, gas/s: 752545600
echidna_solvency: passing

Unique instructions: 1165
Unique codehashes: 2
Corpus size: 9
Seed: 1373541390565659678
Total calls: 50203

[2026-04-19 19:51:55.09] Saving test reproducers... Done! (0.00000177s)
[2026-04-19 19:51:55.09] Saving corpus... Done! (0.04797357s)
[2026-04-19 19:51:55.13] Saving foundry reproducers... Done! (0.003057656s)
[2026-04-19 19:51:55.14] Saving coverage... Done! (0.051054091s)
