Warning: unused option: solcVersion
[2026-04-19 19:49:56.23] Compiling `test/OWASP_01_Fuzz.sol`... Done! (1.010664997s)
Analyzing contract: /mnt/c/Users/MSI/Desktop/Uni/Project-CSI/Final-Project-CSI-main/test/OWASP_01_Fuzz.sol:OWASP_01_VulnFuzz
[2026-04-19 19:49:57.27] Running slither on `test/OWASP_01_Fuzz.sol`... Done! (0.617197024s)
Loaded 0 transaction sequences from corpus/echidna/reproducers
Loaded 0 transaction sequences from corpus/echidna/coverage
[2026-04-19 19:49:57.99] [Worker 1] Test echidna_treasury_unchanged falsified!
  Call sequence:
OWASP_01_VulnFuzz.*fallback*() from: 0x0000000000000000000000000000000000020000 Value: 0x47318dbb84a78a662 Time delay: 540361 seconds Block delay: 45852
MVE_O1_Vuln.deposit() from: 0x0000000000000000000000000000000000010000 Time delay: 602180 seconds Block delay: 38703
OWASP_01_VulnFuzz.*fallback*() from: 0x0000000000000000000000000000000000030000 Value: 0x3a30d9132ca4be2d4 Time delay: 444463 seconds Block delay: 46151
MVE_O1_Vuln.treasury() from: 0x0000000000000000000000000000000000030000
MVE_O1_Vuln.setTreasury(0x0) from: 0x0000000000000000000000000000000000030000 Time delay: 482712 seconds Block delay: 19354

[2026-04-19 19:49:57.99] [Worker 0] New coverage: 836 instr, 2 contracts, 1 seqs in corpus
[2026-04-19 19:49:57.99] [Worker 0] Test limit reached. Stopping.
[2026-04-19 19:49:58.00] [Worker 1] New coverage: 836 instr, 2 contracts, 2 seqs in corpus
[2026-04-19 19:49:58.00] [Worker 2] New coverage: 836 instr, 2 contracts, 3 seqs in corpus
[2026-04-19 19:49:58.00] [Worker 2] Test limit reached. Stopping.
[2026-04-19 19:49:58.00] [Worker 3] New coverage: 836 instr, 2 contracts, 4 seqs in corpus
[2026-04-19 19:49:58.00] [Worker 3] Test limit reached. Stopping.
[2026-04-19 19:49:58.00] [Worker 1] Test limit reached. Stopping.
[2026-04-19 19:49:58.04] [status] tests: 1/1, fuzzing: 404/50000, values: [], cov: 836, corpus: 4, gas/s: 0
echidna_treasury_unchanged: failed!💥  
  Call sequence:
    MVE_O1_Vuln.setTreasury(0x0)

Traces: 
call [1mMVE_O1_Vuln[0m::treasury()() [1m<no source map>[0m
 └╴← (0x0000000000000000000000000000000000000000)


Unique instructions: 836
Unique codehashes: 2
Corpus size: 4
Seed: 6076639120720206822
Total calls: 404

[2026-04-19 19:49:58.04] Saving test reproducers... Done! (0.007781159s)
[2026-04-19 19:49:58.05] Saving corpus... Done! (0.018589043s)
[2026-04-19 19:49:58.07] Saving foundry reproducers... Done! (0.006325094s)
[2026-04-19 19:49:58.08] Saving coverage... Done! (0.044373091s)
