[1m[32m⇾[0m[0m [1mReading the configuration file at: [1m/tmp/medusa_OWASP_03_VulnFuzz.json[0m[0m
⇾ Compiling targets with crytic-compile
⇾ Running command:
/home/martim/.local/bin/crytic-compile /mnt/c/Users/MSI/Desktop/Uni/Project-CSI/Final-Project-CSI-main/test/OWASP_03_Fuzz.sol --export-format solc
⇾ Finished compiling targets in 1s
warn artifacts: Medusa is running against the same build artifacts as previously (last run: 21 minutes ago)
⇾ Running with a timeout of 60 seconds
⇾ Setting up test chain
⇾ Finished setting up test chain
⇾ Creating corpus...
⇾ Initializing corpus...
⇾ Fuzzing with 4 workers
⇾ [NOT STARTED] Property Test: OWASP_03_FixedFuzz.echidna_no_overborrow()
⇾ [NOT STARTED] Property Test: OWASP_03_VulnFuzz.echidna_no_overborrow()
⇾ fuzz: elapsed:       0s, calls:          0 (     0/sec), seq/s:      0, branches:     76, corpus:     0, failures: 0/0, gas/s:            0
⇾ [Worker 3] Shrinking call sequence for Property Test: OWASP_03_VulnFuzz.echidna_no_overborrow() with 2 call(s)
⇾ Finished running call sequences in the corpus in 0s
⇾ corpus: health: 93%, sequences: 16 (15 valid, 0 invalid)
⇾ [Worker 3] Shrinking complete after 5000 attempts (limit: 5000)
⇾ Fuzzer stopped, test results follow below ...
⇾ [NOT STARTED] Property Test: OWASP_03_FixedFuzz.echidna_no_overborrow()
⇾ [FAILED] Property Test: OWASP_03_VulnFuzz.echidna_no_overborrow()
Test for method "OWASP_03_VulnFuzz.echidna_no_overborrow()" failed after the following call sequence:
[Call Sequence]
1) OWASP_03_VulnFuzz.borrow(uint256)(51) (block=2, time=2, gas=12500000, gasprice=0, value=0, sender=0x20000)
2) OWASP_03_VulnFuzz.borrow(uint256)(999999999999999967) (block=2, time=2, gas=12500000, gasprice=0, value=0, sender=0x20000)
[Execution Trace]
 => [call] OWASP_03_VulnFuzz.borrow(uint256)(999999999999999967) (addr=0xA647ff3c36cFab592509E13860ab8c4F28781a66, value=0, sender=0x20000)
	 => [call] MVE_O3_Vuln.borrow(uint256)(999999999999999967) (addr=0x1375317AA980daaBF22f990a378ECCaD9B40dc0, value=0, sender=0xA647ff3c36cFab592509E13860ab8c4F28781a66)
		 => [call] MockSpotPool.spotPriceE18()() (addr=0x54919A19522Ce7c842E25735a9cFEcef1c0a06dA, value=<nil>, sender=0x1375317AA980daaBF22f990a378ECCaD9B40dc0)
			 => [return (2000000000000000000)]
		 => [call] OWASP_03_VulnFuzz.<unresolved method>(msg_data=) (addr=0xA647ff3c36cFab592509E13860ab8c4F28781a66, value=999999999999999967, sender=0x1375317AA980daaBF22f990a378ECCaD9B40dc0)
			 => [return]
		 => [return ()]
	 => [return ()]

[Property Test Execution Trace]
[Execution Trace]
 => [call] OWASP_03_VulnFuzz.echidna_no_overborrow()() (addr=0xA647ff3c36cFab592509E13860ab8c4F28781a66, value=0, sender=0x10000)
	 => [return (false)]

⇾ Test summary: 0 test(s) passed, 1 test(s) failed
⇾ lcov report(s) saved to: /mnt/c/Users/MSI/Desktop/Uni/Project-CSI/Final-Project-CSI-main/corpus/medusa/OWASP_03_VulnFuzz/coverage/lcov.info
