[1m[32m⇾[0m[0m [1mReading the configuration file at: [1m/tmp/medusa_OWASP_07_FixedFuzz.json[0m[0m
⇾ Compiling targets with crytic-compile
⇾ Running command:
/home/martim/.local/bin/crytic-compile /mnt/c/Users/MSI/Desktop/Uni/Project-CSI/Final-Project-CSI-main/test/OWASP_07_Fuzz.sol --export-format solc
⇾ Finished compiling targets in 1s
warn artifacts: Medusa is running against the same build artifacts as previously (last run: 22 minutes ago)
⇾ Running with a timeout of 60 seconds
⇾ Setting up test chain
⇾ Finished setting up test chain
⇾ Creating corpus...
⇾ Initializing corpus...
⇾ Fuzzing with 4 workers
⇾ [NOT STARTED] Property Test: OWASP_07_VulnFuzz.echidna_shares_decrease_on_withdraw()
⇾ [NOT STARTED] Property Test: OWASP_07_FixedFuzz.echidna_shares_decrease_on_withdraw()
⇾ fuzz: elapsed:       0s, calls:          0 (     0/sec), seq/s:      0, branches:     80, corpus:     0, failures: 0/0, gas/s:            0
⇾ fuzz: elapsed:       3s, calls:     139516 ( 46502/sec), seq/s:    467, branches:    202, corpus:    11, failures: 0/1403, gas/s:   1418140142
⇾ Transaction test limit reached, halting now...
⇾ Fuzzer stopped, test results follow below ...
⇾ [NOT STARTED] Property Test: OWASP_07_VulnFuzz.echidna_shares_decrease_on_withdraw()
⇾ [PASSED] Property Test: OWASP_07_FixedFuzz.echidna_shares_decrease_on_withdraw()
⇾ Test summary: 1 test(s) passed, 0 test(s) failed
⇾ lcov report(s) saved to: /mnt/c/Users/MSI/Desktop/Uni/Project-CSI/Final-Project-CSI-main/corpus/medusa/OWASP_07_FixedFuzz/coverage/lcov.info
