[1m[32m⇾[0m[0m [1mReading the configuration file at: [1m/tmp/medusa_OWASP_04_VulnFuzz.json[0m[0m
⇾ Compiling targets with crytic-compile
⇾ Running command:
/home/martim/.local/bin/crytic-compile /mnt/c/Users/MSI/Desktop/Uni/Project-CSI/Final-Project-CSI-main/test/OWASP_04_Fuzz.sol --export-format solc
⇾ Finished compiling targets in 1s
warn artifacts: Medusa is running against the same build artifacts as previously (last run: 21 minutes ago)
⇾ Running with a timeout of 60 seconds
⇾ Setting up test chain
⇾ Finished setting up test chain
⇾ Creating corpus...
⇾ Initializing corpus...
⇾ Fuzzing with 4 workers
⇾ [NOT STARTED] Property Test: OWASP_04_VulnFuzz.echidna_no_atomic_drain()
⇾ [NOT STARTED] Property Test: OWASP_04_FixedFuzz.echidna_no_atomic_drain()
⇾ fuzz: elapsed:       0s, calls:          0 (     0/sec), seq/s:      0, branches:     18, corpus:     0, failures: 0/0, gas/s:            0
⇾ [Worker 0] Shrinking call sequence for Property Test: OWASP_04_VulnFuzz.echidna_no_atomic_drain() with 1 call(s)
⇾ [Worker 1] Shrinking call sequence for Property Test: OWASP_04_VulnFuzz.echidna_no_atomic_drain() with 1 call(s)
⇾ [Worker 1] Shrinking complete after 0 attempts (limit: 5000)
⇾ [Worker 2] Shrinking call sequence for Property Test: OWASP_04_VulnFuzz.echidna_no_atomic_drain() with 1 call(s)
⇾ [Worker 2] Shrinking complete after 0 attempts (limit: 5000)
⇾ [Worker 3] Shrinking call sequence for Property Test: OWASP_04_VulnFuzz.echidna_no_atomic_drain() with 1 call(s)
⇾ [Worker 3] Shrinking complete after 0 attempts (limit: 5000)
⇾ [Worker 0] Shrinking complete after 2 attempts (limit: 5000)
⇾ Fuzzer stopped, test results follow below ...
⇾ [NOT STARTED] Property Test: OWASP_04_FixedFuzz.echidna_no_atomic_drain()
⇾ [FAILED] Property Test: OWASP_04_VulnFuzz.echidna_no_atomic_drain()
Test for method "OWASP_04_VulnFuzz.echidna_no_atomic_drain()" failed after the following call sequence:
[Call Sequence]
1) OWASP_04_VulnFuzz.atomicFlashAttack()() (block=2, time=2, gas=12500000, gasprice=0, value=0, sender=0x10000)
[Execution Trace]
 => [call] OWASP_04_VulnFuzz.atomicFlashAttack()() (addr=0xA647ff3c36cFab592509E13860ab8c4F28781a66, value=0, sender=0x10000)
	 => [call] MVE_O4_Vuln.deposit()() (addr=0x54919A19522Ce7c842E25735a9cFEcef1c0a06dA, value=10000000000000000000, sender=0xA647ff3c36cFab592509E13860ab8c4F28781a66)
		 => [return ()]
	 => [call] MVE_O4_Vuln.withdrawAll()() (addr=0x54919A19522Ce7c842E25735a9cFEcef1c0a06dA, value=0, sender=0xA647ff3c36cFab592509E13860ab8c4F28781a66)
		 => [call] OWASP_04_VulnFuzz.<unresolved method>(msg_data=) (addr=0xA647ff3c36cFab592509E13860ab8c4F28781a66, value=11000000000000000000, sender=0x54919A19522Ce7c842E25735a9cFEcef1c0a06dA)
			 => [return]
		 => [return ()]
	 => [return ()]

[Property Test Execution Trace]
[Execution Trace]
 => [call] OWASP_04_VulnFuzz.echidna_no_atomic_drain()() (addr=0xA647ff3c36cFab592509E13860ab8c4F28781a66, value=0, sender=0x10000)
	 => [return (false)]

⇾ Test summary: 0 test(s) passed, 1 test(s) failed
⇾ lcov report(s) saved to: /mnt/c/Users/MSI/Desktop/Uni/Project-CSI/Final-Project-CSI-main/corpus/medusa/OWASP_04_VulnFuzz/coverage/lcov.info
