[1m[32m⇾[0m[0m [1mReading the configuration file at: [1m/tmp/medusa_OWASP_06_VulnFuzz.json[0m[0m
⇾ Compiling targets with crytic-compile
⇾ Running command:
/home/martim/.local/bin/crytic-compile /mnt/c/Users/MSI/Desktop/Uni/Project-CSI/Final-Project-CSI-main/test/OWASP_06_Fuzz.sol --export-format solc
⇾ Finished compiling targets in 1s
⇾ artifacts: Medusa is running against a new set of build artifacts
⇾ Running with a timeout of 60 seconds
⇾ Setting up test chain
⇾ Finished setting up test chain
⇾ Creating corpus...
⇾ Initializing corpus...
⇾ Fuzzing with 4 workers
⇾ [NOT STARTED] Property Test: OWASP_06_FixedFuzz.echidna_no_phantom_credit()
⇾ [NOT STARTED] Property Test: OWASP_06_Fixed2Fuzz.echidna_allocation_preserved_on_failed_transfer()
⇾ [NOT STARTED] Property Test: OWASP_06_Vuln2Fuzz.echidna_allocation_preserved_on_failed_transfer()
⇾ [NOT STARTED] Property Test: OWASP_06_VulnFuzz.echidna_no_phantom_credit()
⇾ fuzz: elapsed:       0s, calls:          0 (     0/sec), seq/s:      0, branches:     25, corpus:     0, failures: 0/0, gas/s:            0
⇾ [Worker 1] Shrinking call sequence for Property Test: OWASP_06_VulnFuzz.echidna_no_phantom_credit() with 1 call(s)
⇾ [Worker 3] Shrinking call sequence for Property Test: OWASP_06_VulnFuzz.echidna_no_phantom_credit() with 1 call(s)
⇾ [Worker 2] Shrinking call sequence for Property Test: OWASP_06_VulnFuzz.echidna_no_phantom_credit() with 1 call(s)
⇾ [Worker 3] Shrinking complete after 3 attempts (limit: 5000)
⇾ [Worker 0] Shrinking call sequence for Property Test: OWASP_06_VulnFuzz.echidna_no_phantom_credit() with 1 call(s)
⇾ [Worker 0] Shrinking complete after 0 attempts (limit: 5000)
⇾ [Worker 1] Shrinking complete after 2 attempts (limit: 5000)
⇾ [Worker 2] Shrinking complete after 3 attempts (limit: 5000)
⇾ Fuzzer stopped, test results follow below ...
⇾ [NOT STARTED] Property Test: OWASP_06_Fixed2Fuzz.echidna_allocation_preserved_on_failed_transfer()
⇾ [NOT STARTED] Property Test: OWASP_06_FixedFuzz.echidna_no_phantom_credit()
⇾ [NOT STARTED] Property Test: OWASP_06_Vuln2Fuzz.echidna_allocation_preserved_on_failed_transfer()
⇾ [FAILED] Property Test: OWASP_06_VulnFuzz.echidna_no_phantom_credit()
Test for method "OWASP_06_VulnFuzz.echidna_no_phantom_credit()" failed after the following call sequence:
[Call Sequence]
1) OWASP_06_VulnFuzz.scheduleToReverter(uint256)(0) (block=2, time=2, gas=12500000, gasprice=0, value=0, sender=0x20000)
[Execution Trace]
 => [call] OWASP_06_VulnFuzz.scheduleToReverter(uint256)(0) (addr=0xA647ff3c36cFab592509E13860ab8c4F28781a66, value=0, sender=0x20000)
	 => [call] MVE_O6_Vuln.schedulePayment(address,uint256)(0x1375317AA980daaBF22f990a378ECCaD9B40dc0, 1) (addr=0x54919A19522Ce7c842E25735a9cFEcef1c0a06dA, value=0, sender=0xA647ff3c36cFab592509E13860ab8c4F28781a66)
		 => [call] RevertingReceiver.<unresolved method>(msg_data=) (addr=0x1375317AA980daaBF22f990a378ECCaD9B40dc0, value=1, sender=0x54919A19522Ce7c842E25735a9cFEcef1c0a06dA)
			 => [revert ('rejected')]
		 => [return ()]
	 => [return ()]

[Property Test Execution Trace]
[Execution Trace]
 => [call] OWASP_06_VulnFuzz.echidna_no_phantom_credit()() (addr=0xA647ff3c36cFab592509E13860ab8c4F28781a66, value=0, sender=0x10000)
	 => [call] MVE_O6_Vuln.credited(address)(0x1375317AA980daaBF22f990a378ECCaD9B40dc0) (addr=0x54919A19522Ce7c842E25735a9cFEcef1c0a06dA, value=<nil>, sender=0xA647ff3c36cFab592509E13860ab8c4F28781a66)
		 => [return (1)]
	 => [return (false)]

⇾ Test summary: 0 test(s) passed, 1 test(s) failed
⇾ lcov report(s) saved to: /mnt/c/Users/MSI/Desktop/Uni/Project-CSI/Final-Project-CSI-main/corpus/medusa/OWASP_06_VulnFuzz/coverage/lcov.info
