
-------------------------------------------------------------------------------------------
# Configuration
-------------------------------------------------------------------------------------------
Root - /mnt/c/Users/MSI/Desktop/Uni/Project-CSI/Final-Project-CSI-main/contracts/OWASP_06
Source - /mnt/c/Users/MSI/Desktop/Uni/Project-CSI/Final-Project-CSI-main/contracts/OWASP_06
Remappings - []
EVM version - prague
-------------------------------------------------------------------------------------------
# Source Scope
-------------------------------------------------------------------------------------------
Include Filepaths Containing - [
    "MVE_O6_Fixed.sol",
]
Exclude Filepaths Containing - No specific criteria.
Auto Excluding Files - [
    "lib",
    "test",
    "script",
]
-------------------------------------------------------------------------------------------
# Compiling Abstract Syntax Trees
-------------------------------------------------------------------------------------------
Ingesting 1 compiled files [solc : v0.8.20]
-------------------------------------------------------------------------------------------
# Scanning Contracts
-------------------------------------------------------------------------------------------
Running 88 detectors
Detectors run, printing report.
Report printed to /mnt/c/Users/MSI/Desktop/Uni/Project-CSI/Final-Project-CSI-main/results/aderyn/OWASP_06_MVE_O6_Fixed.md

💡 Did Aderyn help you today?
Show some love with a quick star on GitHub Star ⭐
https://github.com/Cyfrin/aderyn
