
-------------------------------------------------------------------------------------------
# Configuration
-------------------------------------------------------------------------------------------
Root - /mnt/c/Users/MSI/Desktop/Uni/Project-CSI/Final-Project-CSI-main/contracts/OWASP_09
Source - /mnt/c/Users/MSI/Desktop/Uni/Project-CSI/Final-Project-CSI-main/contracts/OWASP_09
Remappings - []
EVM version - prague
-------------------------------------------------------------------------------------------
# Source Scope
-------------------------------------------------------------------------------------------
Include Filepaths Containing - [
    "MVE_O9_Fixed.sol",
]
Exclude Filepaths Containing - No specific criteria.
Auto Excluding Files - [
    "lib",
    "test",
    "script",
]
-------------------------------------------------------------------------------------------
# Compiling Abstract Syntax Trees
-------------------------------------------------------------------------------------------
Ingesting 1 compiled files [solc : v0.8.20]
-------------------------------------------------------------------------------------------
# Scanning Contracts
-------------------------------------------------------------------------------------------
Running 88 detectors
Detectors run, printing report.
Report printed to /mnt/c/Users/MSI/Desktop/Uni/Project-CSI/Final-Project-CSI-main/results/aderyn/OWASP_09_MVE_O9_Fixed.md

Aderyn saved you hours of headaches.
☕ Buy us a virtual coffee with a GitHub star:
https://github.com/Cyfrin/aderyn
