
-------------------------------------------------------------------------------------------
# Configuration
-------------------------------------------------------------------------------------------
Root - /mnt/c/Users/MSI/Desktop/Uni/Project-CSI/Final-Project-CSI-main/contracts/OWASP_07
Source - /mnt/c/Users/MSI/Desktop/Uni/Project-CSI/Final-Project-CSI-main/contracts/OWASP_07
Remappings - []
EVM version - prague
-------------------------------------------------------------------------------------------
# Source Scope
-------------------------------------------------------------------------------------------
Include Filepaths Containing - [
    "MVE_O7_Fixed.sol",
]
Exclude Filepaths Containing - No specific criteria.
Auto Excluding Files - [
    "lib",
    "test",
    "script",
]
-------------------------------------------------------------------------------------------
# Compiling Abstract Syntax Trees
-------------------------------------------------------------------------------------------
Ingesting 1 compiled files [solc : v0.8.20]
-------------------------------------------------------------------------------------------
# Scanning Contracts
-------------------------------------------------------------------------------------------
Running 88 detectors
Detectors run, printing report.
Report printed to /mnt/c/Users/MSI/Desktop/Uni/Project-CSI/Final-Project-CSI-main/results/aderyn/OWASP_07_MVE_O7_Fixed.md

✔  Done! Fast, clean, effective.
⭐ Support the project with a star:
https://github.com/Cyfrin/aderyn
